2025-02-05 13:12:54.150 [info] [main] Log level: Info
2025-02-05 13:12:54.150 [info] [main] Validating found git in: "git"
2025-02-05 13:12:54.150 [info] [main] Using git "2.47.1" from "git"
2025-02-05 13:12:54.150 [info] [Model][doInitialScan] Initial repository scan started
2025-02-05 13:12:54.150 [info] > git rev-parse --show-toplevel [27ms]
2025-02-05 13:12:54.150 [info] fatal: not a git repository (or any of the parent directories): .git
2025-02-05 13:12:54.150 [info] > git rev-parse --show-toplevel [27ms]
2025-02-05 13:12:54.150 [info] fatal: not a git repository (or any of the parent directories): .git
2025-02-05 13:12:54.153 [info] > git rev-parse --show-toplevel [67ms]
2025-02-05 13:12:54.153 [info] fatal: not a git repository (or any of the parent directories): .git
2025-02-05 13:12:54.179 [info] > git rev-parse --show-toplevel [5ms]
2025-02-05 13:12:54.179 [info] fatal: not a git repository (or any of the parent directories): .git
2025-02-05 13:12:54.197 [info] > git rev-parse --show-toplevel [4ms]
2025-02-05 13:12:54.197 [info] fatal: not a git repository (or any of the parent directories): .git
2025-02-05 13:12:54.215 [info] > git rev-parse --show-toplevel [3ms]
2025-02-05 13:12:54.215 [info] fatal: not a git repository (or any of the parent directories): .git
2025-02-05 13:12:54.233 [info] > git rev-parse --show-toplevel [3ms]
2025-02-05 13:12:54.233 [info] fatal: not a git repository (or any of the parent directories): .git
2025-02-05 13:12:54.265 [info] > git rev-parse --show-toplevel [16ms]
2025-02-05 13:12:54.265 [info] fatal: not a git repository (or any of the parent directories): .git
2025-02-05 13:12:54.272 [info] [Model][doInitialScan] Initial repository scan completed - repositories (0), closed repositories (0), parent repositories (0), unsafe repositories (0)
2025-02-05 13:12:54.293 [info] > git rev-parse --show-toplevel [3ms]
2025-02-05 13:12:54.293 [info] fatal: not a git repository (or any of the parent directories): .git
2025-02-05 13:12:54.420 [info] > git rev-parse --show-toplevel [2ms]
2025-02-05 13:12:54.420 [info] fatal: not a git repository (or any of the parent directories): .git
2025-02-05 13:12:54.728 [info] > git rev-parse --show-toplevel [11ms]
2025-02-05 13:12:54.728 [info] fatal: not a git repository (or any of the parent directories): .git
2025-02-05 13:12:57.520 [info] > git rev-parse --show-toplevel [5ms]
2025-02-05 13:12:57.520 [info] fatal: not a git repository (or any of the parent directories): .git
2025-02-05 13:13:09.631 [info] > git rev-parse --show-toplevel [4ms]
2025-02-05 13:13:09.631 [info] fatal: not a git repository (or any of the parent directories): .git
2025-02-05 13:17:18.577 [info] > git rev-parse --show-toplevel [6ms]
2025-02-05 13:17:18.577 [info] fatal: not a git repository (or any of the parent directories): .git
2025-02-05 13:17:20.280 [info] > git rev-parse --show-toplevel [3ms]
2025-02-05 13:17:20.280 [info] fatal: not a git repository (or any of the parent directories): .git
2025-02-05 13:17:22.198 [info] > git rev-parse --show-toplevel [6ms]
2025-02-05 13:17:22.198 [info] fatal: not a git repository (or any of the parent directories): .git
2025-02-05 13:18:34.807 [info] > git rev-parse --show-toplevel [3ms]
2025-02-05 13:18:34.807 [info] fatal: not a git repository (or any of the parent directories): .git
2025-02-05 13:48:15.448 [info] > git rev-parse --show-toplevel [5ms]
2025-02-05 13:48:15.448 [info] fatal: not a git repository (or any of the parent directories): .git
2025-02-05 13:48:16.588 [info] > git rev-parse --show-toplevel [4ms]
2025-02-05 13:48:16.588 [info] fatal: not a git repository (or any of the parent directories): .git
2025-02-05 13:48:19.396 [info] > git rev-parse --show-toplevel [3ms]
2025-02-05 13:48:19.396 [info] fatal: not a git repository (or any of the parent directories): .git
2025-02-05 13:58:27.916 [info] > git rev-parse --show-toplevel [4ms]
2025-02-05 13:58:27.916 [info] fatal: not a git repository (or any of the parent directories): .git
2025-02-05 13:58:30.807 [info] > git rev-parse --show-toplevel [3ms]
2025-02-05 13:58:30.807 [info] fatal: not a git repository (or any of the parent directories): .git
2025-02-05 13:58:42.596 [info] > git rev-parse --show-toplevel [3ms]
2025-02-05 13:58:42.597 [info] fatal: not a git repository (or any of the parent directories): .git
2025-02-05 13:58:56.166 [info] > git rev-parse --show-toplevel [3ms]
2025-02-05 13:58:56.166 [info] fatal: not a git repository (or any of the parent directories): .git
2025-02-05 14:02:58.916 [info] > git rev-parse --show-toplevel [5ms]
2025-02-05 14:02:58.916 [info] fatal: not a git repository (or any of the parent directories): .git
2025-02-05 14:03:06.311 [info] > git rev-parse --show-toplevel [5ms]
2025-02-05 14:03:06.311 [info] fatal: not a git repository (or any of the parent directories): .git
2025-02-05 14:03:18.618 [info] > git rev-parse --show-toplevel [4ms]
2025-02-05 14:03:18.618 [info] fatal: not a git repository (or any of the parent directories): .git
2025-02-05 14:07:11.886 [info] > git rev-parse --show-toplevel [3ms]
2025-02-05 14:07:11.886 [info] fatal: not a git repository (or any of the parent directories): .git
2025-02-05 14:07:14.709 [info] > git rev-parse --show-toplevel [5ms]
2025-02-05 14:07:14.709 [info] fatal: not a git repository (or any of the parent directories): .git
