2024-01-19 14:40:11.333 [info] Log level: Info
2024-01-19 14:40:11.333 [info] Validating found git in: "git"
2024-01-19 14:40:11.333 [info] Using git "2.43.0" from "git"
2024-01-19 14:40:11.333 [info] > git rev-parse --show-toplevel [6ms]
2024-01-19 14:40:11.333 [info] > git rev-parse --git-dir --git-common-dir [3ms]
2024-01-19 14:40:11.333 [info] Open repository: /home/dylan/Seafile/My Library/Temp_Git_Files/bigdale123.github.io
2024-01-19 14:40:11.333 [info] > git config --get commit.template [13ms]
2024-01-19 14:40:11.333 [info] > git rev-parse --show-toplevel [4ms]
2024-01-19 14:40:11.333 [info] > git for-each-ref --format=%(refname)%00%(upstream:short)%00%(objectname)%00%(upstream:track)%00%(upstream:remotename)%00%(upstream:remoteref) refs/heads/main refs/remotes/main [15ms]
2024-01-19 14:40:11.333 [info] > git rev-parse --show-toplevel [3ms]
2024-01-19 14:40:11.333 [info] > git rev-parse --show-toplevel [16ms]
2024-01-19 14:40:11.668 [info] > git status -z -uall [350ms]
2024-01-19 14:40:12.304 [info] > git config --get commit.template [71ms]
2024-01-19 14:40:12.352 [info] > git check-ignore -v -z --stdin [51ms]
2024-01-19 14:40:12.371 [info] > git for-each-ref --format=%(refname)%00%(upstream:short)%00%(objectname)%00%(upstream:track)%00%(upstream:remotename)%00%(upstream:remoteref) refs/heads/main refs/remotes/main [3ms]
2024-01-19 14:40:12.725 [info] > git status -z -uall [340ms]
2024-01-19 14:40:13.294 [info] > git show --textconv :.gitignore [26ms]
2024-01-19 14:40:13.295 [info] > git ls-files --stage -- /home/dylan/Seafile/My Library/Temp_Git_Files/bigdale123.github.io/.gitignore [10ms]
2024-01-19 14:40:14.734 [info] > git show --textconv :src/routes/+layout.svelte [18ms]
2024-01-19 14:40:14.737 [info] > git ls-files --stage -- /home/dylan/Seafile/My Library/Temp_Git_Files/bigdale123.github.io/src/routes/+layout.svelte [3ms]
2024-01-19 14:40:14.836 [info] > git cat-file -s c72bde4189249a529c76b70dbc8adf1133c27c53 [81ms]
2024-01-19 14:40:15.191 [info] > git check-ignore -v -z --stdin [5ms]
2024-01-19 14:40:20.258 [info] > git config --get commit.template [18ms]
2024-01-19 14:40:20.259 [info] > git for-each-ref --format=%(refname)%00%(upstream:short)%00%(objectname)%00%(upstream:track)%00%(upstream:remotename)%00%(upstream:remoteref) refs/heads/main refs/remotes/main [3ms]
2024-01-19 14:40:20.529 [info] > git status -z -uall [253ms]
2024-01-19 14:40:53.954 [info] > git show --textconv :src/routes/+layout.js [24ms]
2024-01-19 14:40:53.962 [info] > git ls-files --stage -- /home/dylan/Seafile/My Library/Temp_Git_Files/bigdale123.github.io/src/routes/+layout.js [9ms]
2024-01-19 14:40:53.990 [info] > git cat-file -s c8cacf0895342e5b27842850d40b3efc28f5a4ab [5ms]
2024-01-19 14:41:20.201 [info] > git config --get commit.template [20ms]
2024-01-19 14:41:20.202 [info] > git for-each-ref --format=%(refname)%00%(upstream:short)%00%(objectname)%00%(upstream:track)%00%(upstream:remotename)%00%(upstream:remoteref) refs/heads/main refs/remotes/main [3ms]
2024-01-19 14:41:20.516 [info] > git status -z -uall [297ms]
2024-01-19 14:41:24.993 [info] > git show --textconv :svelte.config.js [17ms]
2024-01-19 14:41:24.996 [info] > git ls-files --stage -- /home/dylan/Seafile/My Library/Temp_Git_Files/bigdale123.github.io/svelte.config.js [4ms]
2024-01-19 14:41:25.013 [info] > git cat-file -s 3012eea2954499ac8d12ae751ce44d4ae2b71877 [2ms]
2024-01-19 14:41:38.277 [info] > git config --get commit.template [20ms]
2024-01-19 14:41:38.278 [info] > git for-each-ref --format=%(refname)%00%(upstream:short)%00%(objectname)%00%(upstream:track)%00%(upstream:remotename)%00%(upstream:remoteref) refs/heads/main refs/remotes/main [3ms]
2024-01-19 14:41:38.591 [info] > git status -z -uall [297ms]
2024-01-19 14:42:08.752 [info] > git config --get commit.template [2ms]
2024-01-19 14:42:08.768 [info] > git for-each-ref --format=%(refname)%00%(upstream:short)%00%(objectname)%00%(upstream:track)%00%(upstream:remotename)%00%(upstream:remoteref) refs/heads/main refs/remotes/main [2ms]
2024-01-19 14:42:09.055 [info] > git status -z -uall [274ms]
2024-01-19 14:42:15.336 [info] > git config --get commit.template [25ms]
2024-01-19 14:42:15.337 [info] > git for-each-ref --format=%(refname)%00%(upstream:short)%00%(objectname)%00%(upstream:track)%00%(upstream:remotename)%00%(upstream:remoteref) refs/heads/main refs/remotes/main [4ms]
2024-01-19 14:42:15.669 [info] > git status -z -uall [314ms]
2024-01-19 14:42:29.249 [info] > git config --get commit.template [19ms]
2024-01-19 14:42:29.250 [info] > git for-each-ref --format=%(refname)%00%(upstream:short)%00%(objectname)%00%(upstream:track)%00%(upstream:remotename)%00%(upstream:remoteref) refs/heads/main refs/remotes/main [5ms]
2024-01-19 14:42:29.558 [info] > git status -z -uall [291ms]
2024-01-19 14:42:34.718 [info] > git config --get commit.template [15ms]
2024-01-19 14:42:34.719 [info] > git for-each-ref --format=%(refname)%00%(upstream:short)%00%(objectname)%00%(upstream:track)%00%(upstream:remotename)%00%(upstream:remoteref) refs/heads/main refs/remotes/main [2ms]
2024-01-19 14:42:34.991 [info] > git status -z -uall [257ms]
2024-01-19 14:42:40.157 [info] > git config --get commit.template [20ms]
2024-01-19 14:42:40.158 [info] > git for-each-ref --format=%(refname)%00%(upstream:short)%00%(objectname)%00%(upstream:track)%00%(upstream:remotename)%00%(upstream:remoteref) refs/heads/main refs/remotes/main [3ms]
2024-01-19 14:42:40.421 [info] > git status -z -uall [243ms]
2024-01-19 14:43:20.583 [info] > git config --get commit.template [2ms]
2024-01-19 14:43:20.597 [info] > git for-each-ref --format=%(refname)%00%(upstream:short)%00%(objectname)%00%(upstream:track)%00%(upstream:remotename)%00%(upstream:remoteref) refs/heads/main refs/remotes/main [2ms]
2024-01-19 14:43:20.860 [info] > git status -z -uall [252ms]
2024-01-19 14:46:00.302 [info] > git show --textconv :src/app.html [21ms]
2024-01-19 14:46:00.304 [info] > git ls-files --stage -- /home/dylan/Seafile/My Library/Temp_Git_Files/bigdale123.github.io/src/app.html [3ms]
2024-01-19 14:46:00.322 [info] > git cat-file -s 77a5ff52c9239ef2a5c38ba452c659f49e64a7db [3ms]
2024-01-19 14:46:00.516 [info] > git check-ignore -v -z --stdin [5ms]
2024-01-19 14:46:01.108 [info] > git config --get commit.template [17ms]
2024-01-19 14:46:01.110 [info] > git for-each-ref --format=%(refname)%00%(upstream:short)%00%(objectname)%00%(upstream:track)%00%(upstream:remotename)%00%(upstream:remoteref) refs/heads/main refs/remotes/main [2ms]
2024-01-19 14:46:01.395 [info] > git status -z -uall [270ms]
2024-01-19 14:46:02.051 [info] > git show --textconv :src/routes/+page.svelte [17ms]
2024-01-19 14:46:02.054 [info] > git ls-files --stage -- /home/dylan/Seafile/My Library/Temp_Git_Files/bigdale123.github.io/src/routes/+page.svelte [3ms]
2024-01-19 14:46:02.072 [info] > git cat-file -s ab2db1c037e3a653889c426597ccee5476ef0bd2 [2ms]
2024-01-19 14:46:21.088 [info] > git show --textconv :src/app.html [18ms]
2024-01-19 14:46:21.091 [info] > git ls-files --stage -- /home/dylan/Seafile/My Library/Temp_Git_Files/bigdale123.github.io/src/app.html [4ms]
2024-01-19 14:46:21.110 [info] > git cat-file -s 77a5ff52c9239ef2a5c38ba452c659f49e64a7db [2ms]
2024-01-19 14:46:29.317 [info] > git config --get commit.template [17ms]
2024-01-19 14:46:29.318 [info] > git for-each-ref --format=%(refname)%00%(upstream:short)%00%(objectname)%00%(upstream:track)%00%(upstream:remotename)%00%(upstream:remoteref) refs/heads/main refs/remotes/main [3ms]
2024-01-19 14:46:29.604 [info] > git status -z -uall [270ms]
2024-01-19 14:46:34.808 [info] > git config --get commit.template [16ms]
2024-01-19 14:46:34.809 [info] > git for-each-ref --format=%(refname)%00%(upstream:short)%00%(objectname)%00%(upstream:track)%00%(upstream:remotename)%00%(upstream:remoteref) refs/heads/main refs/remotes/main [2ms]
2024-01-19 14:46:35.069 [info] > git status -z -uall [244ms]
2024-01-19 14:47:17.429 [info] > git config --get commit.template [16ms]
2024-01-19 14:47:17.431 [info] > git for-each-ref --format=%(refname)%00%(upstream:short)%00%(objectname)%00%(upstream:track)%00%(upstream:remotename)%00%(upstream:remoteref) refs/heads/main refs/remotes/main [2ms]
2024-01-19 14:47:17.701 [info] > git status -z -uall [257ms]
2024-01-19 14:47:30.491 [info] > git config --get commit.template [17ms]
2024-01-19 14:47:30.493 [info] > git for-each-ref --format=%(refname)%00%(upstream:short)%00%(objectname)%00%(upstream:track)%00%(upstream:remotename)%00%(upstream:remoteref) refs/heads/main refs/remotes/main [3ms]
2024-01-19 14:47:30.783 [info] > git status -z -uall [273ms]
2024-01-19 14:47:35.939 [info] > git config --get commit.template [15ms]
2024-01-19 14:47:35.941 [info] > git for-each-ref --format=%(refname)%00%(upstream:short)%00%(objectname)%00%(upstream:track)%00%(upstream:remotename)%00%(upstream:remoteref) refs/heads/main refs/remotes/main [3ms]
2024-01-19 14:47:36.207 [info] > git status -z -uall [250ms]
2024-01-19 14:47:43.815 [info] > git show --textconv :svelte.config.js [18ms]
2024-01-19 14:47:43.820 [info] > git ls-files --stage -- /home/dylan/Seafile/My Library/Temp_Git_Files/bigdale123.github.io/svelte.config.js [6ms]
2024-01-19 14:47:43.837 [info] > git cat-file -s 3012eea2954499ac8d12ae751ce44d4ae2b71877 [3ms]
2024-01-19 14:47:58.011 [info] > git config --get commit.template [3ms]
2024-01-19 14:47:58.031 [info] > git for-each-ref --format=%(refname)%00%(upstream:short)%00%(objectname)%00%(upstream:track)%00%(upstream:remotename)%00%(upstream:remoteref) refs/heads/main refs/remotes/main [3ms]
2024-01-19 14:47:58.409 [info] > git status -z -uall [360ms]
2024-01-19 14:48:14.475 [info] > git config --get commit.template [16ms]
2024-01-19 14:48:14.476 [info] > git for-each-ref --format=%(refname)%00%(upstream:short)%00%(objectname)%00%(upstream:track)%00%(upstream:remotename)%00%(upstream:remoteref) refs/heads/main refs/remotes/main [2ms]
2024-01-19 14:48:14.742 [info] > git status -z -uall [251ms]
2024-01-19 14:48:19.882 [info] > git config --get commit.template [2ms]
2024-01-19 14:48:19.902 [info] > git for-each-ref --format=%(refname)%00%(upstream:short)%00%(objectname)%00%(upstream:track)%00%(upstream:remotename)%00%(upstream:remoteref) refs/heads/main refs/remotes/main [2ms]
2024-01-19 14:48:20.258 [info] > git status -z -uall [338ms]
2024-01-19 14:48:23.786 [info] > git check-ignore -v -z --stdin [3ms]
2024-01-19 14:48:25.400 [info] > git config --get commit.template [18ms]
2024-01-19 14:48:25.401 [info] > git for-each-ref --format=%(refname)%00%(upstream:short)%00%(objectname)%00%(upstream:track)%00%(upstream:remotename)%00%(upstream:remoteref) refs/heads/main refs/remotes/main [2ms]
2024-01-19 14:48:25.720 [info] > git status -z -uall [301ms]
2024-01-19 14:48:28.019 [info] > git check-ignore -v -z --stdin [4ms]
2024-01-19 14:48:30.451 [info] > git check-ignore -v -z --stdin [4ms]
2024-01-19 14:48:31.239 [info] > git show --textconv :docs/_app/version.json [19ms]
2024-01-19 14:48:31.242 [info] > git ls-files --stage -- /home/dylan/Seafile/My Library/Temp_Git_Files/bigdale123.github.io/docs/_app/version.json [4ms]
2024-01-19 14:48:31.263 [info] > git cat-file -s ca0a4f6e1839f88b41e80a2d0f0981e74d327ebc [2ms]
2024-01-19 14:48:36.310 [info] > git show --textconv :docs/index.html [22ms]
2024-01-19 14:48:36.316 [info] > git ls-files --stage -- /home/dylan/Seafile/My Library/Temp_Git_Files/bigdale123.github.io/docs/index.html [7ms]
2024-01-19 14:48:36.349 [info] > git cat-file -s 240f2e024580d620b86c702b7e4b52864ac932ad [2ms]
2024-01-19 14:48:57.266 [info] > git show --textconv :docs/projects.html [16ms]
2024-01-19 14:48:57.270 [info] > git ls-files --stage -- /home/dylan/Seafile/My Library/Temp_Git_Files/bigdale123.github.io/docs/projects.html [4ms]
2024-01-19 14:48:57.285 [info] > git cat-file -s 8b0460bc46e55d644b2bb8e7d696515151fe8dba [2ms]
2024-01-19 14:49:01.251 [info] > git show --textconv :docs/resume.html [15ms]
2024-01-19 14:49:01.254 [info] > git ls-files --stage -- /home/dylan/Seafile/My Library/Temp_Git_Files/bigdale123.github.io/docs/resume.html [4ms]
2024-01-19 14:49:01.269 [info] > git cat-file -s a3fd22c14c219364745333947d1b534f96aaa916 [3ms]
2024-01-19 14:49:20.748 [info] > git config --get commit.template [17ms]
2024-01-19 14:49:20.749 [info] > git for-each-ref --format=%(refname)%00%(upstream:short)%00%(objectname)%00%(upstream:track)%00%(upstream:remotename)%00%(upstream:remoteref) refs/heads/main refs/remotes/main [2ms]
2024-01-19 14:49:20.836 [info] > git ls-files --stage -- /home/dylan/Seafile/My Library/Temp_Git_Files/bigdale123.github.io/docs/resume.html [2ms]
2024-01-19 14:49:20.854 [info] > git cat-file -s 600317bf88d5a581cd8dd9c96b57cf5ef961c6a3 [2ms]
2024-01-19 14:49:20.874 [info] > git show --textconv :docs/resume.html [4ms]
2024-01-19 14:49:21.302 [info] > git status -z -uall [539ms]
2024-01-19 14:49:27.292 [info] > git config --get commit.template [18ms]
2024-01-19 14:49:27.295 [info] > git for-each-ref --format=%(refname)%00%(upstream:short)%00%(objectname)%00%(upstream:track)%00%(upstream:remotename)%00%(upstream:remoteref) refs/heads/main refs/remotes/main [4ms]
2024-01-19 14:49:27.346 [info] > git status -z -uall [33ms]
2024-01-19 14:49:27.410 [info] > git ls-files --stage -- /home/dylan/Seafile/My Library/Temp_Git_Files/bigdale123.github.io/docs/resume.html [5ms]
2024-01-19 14:49:27.428 [info] > git cat-file -s 600317bf88d5a581cd8dd9c96b57cf5ef961c6a3 [2ms]
2024-01-19 14:49:27.446 [info] > git show --textconv :docs/resume.html [4ms]
2024-01-19 14:49:59.427 [info] > git config --get commit.template [5ms]
2024-01-19 14:49:59.465 [info] > git ls-files --stage -- /home/dylan/Seafile/My Library/Temp_Git_Files/bigdale123.github.io/docs/resume.html [18ms]
2024-01-19 14:49:59.481 [info] > git for-each-ref --format=%(refname)%00%(upstream:short)%00%(objectname)%00%(upstream:track)%00%(upstream:remotename)%00%(upstream:remoteref) refs/heads/main refs/remotes/main [17ms]
2024-01-19 14:49:59.482 [info] > git cat-file -s 600317bf88d5a581cd8dd9c96b57cf5ef961c6a3 [2ms]
2024-01-19 14:49:59.521 [info] > git show --textconv :docs/resume.html [4ms]
2024-01-19 14:49:59.528 [info] > git status -z -uall [30ms]
2024-01-19 14:52:38.382 [info] > git show --textconv :src/routes/+layout.svelte [21ms]
2024-01-19 14:52:38.385 [info] > git ls-files --stage -- /home/dylan/Seafile/My Library/Temp_Git_Files/bigdale123.github.io/src/routes/+layout.svelte [4ms]
2024-01-19 14:52:38.402 [info] > git cat-file -s bd29458d1c939b10582ea0614d63b6e6a2030eec [2ms]
2024-01-19 14:53:06.462 [info] > git config --get commit.template [17ms]
2024-01-19 14:53:06.464 [info] > git for-each-ref --format=%(refname)%00%(upstream:short)%00%(objectname)%00%(upstream:track)%00%(upstream:remotename)%00%(upstream:remoteref) refs/heads/main refs/remotes/main [2ms]
2024-01-19 14:53:06.503 [info] > git status -z -uall [25ms]
2024-01-19 14:53:13.526 [info] > git config --get commit.template [17ms]
2024-01-19 14:53:13.528 [info] > git for-each-ref --format=%(refname)%00%(upstream:short)%00%(objectname)%00%(upstream:track)%00%(upstream:remotename)%00%(upstream:remoteref) refs/heads/main refs/remotes/main [3ms]
2024-01-19 14:53:13.569 [info] > git status -z -uall [26ms]
2024-01-19 14:53:18.593 [info] > git config --get commit.template [2ms]
2024-01-19 14:53:18.615 [info] > git for-each-ref --format=%(refname)%00%(upstream:short)%00%(objectname)%00%(upstream:track)%00%(upstream:remotename)%00%(upstream:remoteref) refs/heads/main refs/remotes/main [4ms]
2024-01-19 14:53:18.686 [info] > git status -z -uall [55ms]
2024-01-19 14:53:42.231 [info] > git config --get commit.template [16ms]
2024-01-19 14:53:42.233 [info] > git for-each-ref --format=%(refname)%00%(upstream:short)%00%(objectname)%00%(upstream:track)%00%(upstream:remotename)%00%(upstream:remoteref) refs/heads/main refs/remotes/main [2ms]
2024-01-19 14:53:42.294 [info] > git status -z -uall [46ms]
2024-01-19 14:53:47.336 [info] > git config --get commit.template [19ms]
2024-01-19 14:53:47.338 [info] > git for-each-ref --format=%(refname)%00%(upstream:short)%00%(objectname)%00%(upstream:track)%00%(upstream:remotename)%00%(upstream:remoteref) refs/heads/main refs/remotes/main [3ms]
2024-01-19 14:53:47.404 [info] > git status -z -uall [49ms]
2024-01-19 14:53:52.441 [info] > git config --get commit.template [15ms]
2024-01-19 14:53:52.442 [info] > git for-each-ref --format=%(refname)%00%(upstream:short)%00%(objectname)%00%(upstream:track)%00%(upstream:remotename)%00%(upstream:remoteref) refs/heads/main refs/remotes/main [2ms]
2024-01-19 14:53:52.501 [info] > git status -z -uall [45ms]
2024-01-19 14:53:53.943 [info] > git check-ignore -v -z --stdin [5ms]
2024-01-19 14:53:54.713 [info] > git check-ignore -v -z --stdin [3ms]
2024-01-19 14:53:56.390 [info] > git check-ignore -v -z --stdin [4ms]
2024-01-19 14:53:57.390 [info] > git check-ignore -v -z --stdin [4ms]
2024-01-19 14:53:57.922 [info] > git check-ignore -v -z --stdin [3ms]
2024-01-19 14:54:27.161 [info] > git config --get commit.template [15ms]
2024-01-19 14:54:27.162 [info] > git for-each-ref --format=%(refname)%00%(upstream:short)%00%(objectname)%00%(upstream:track)%00%(upstream:remotename)%00%(upstream:remoteref) refs/heads/main refs/remotes/main [2ms]
2024-01-19 14:54:27.218 [info] > git status -z -uall [42ms]
2024-01-19 14:55:04.598 [info] > git config --get commit.template [20ms]
2024-01-19 14:55:04.599 [info] > git for-each-ref --format=%(refname)%00%(upstream:short)%00%(objectname)%00%(upstream:track)%00%(upstream:remotename)%00%(upstream:remoteref) refs/heads/main refs/remotes/main [4ms]
2024-01-19 14:55:04.671 [info] > git status -z -uall [55ms]
2024-01-19 14:58:03.043 [info] > git config --get commit.template [17ms]
2024-01-19 14:58:03.044 [info] > git for-each-ref --format=%(refname)%00%(upstream:short)%00%(objectname)%00%(upstream:track)%00%(upstream:remotename)%00%(upstream:remoteref) refs/heads/main refs/remotes/main [2ms]
2024-01-19 14:58:03.084 [info] > git status -z -uall [27ms]
2024-01-19 14:58:03.134 [info] > git ls-files --stage -- /home/dylan/Seafile/My Library/Temp_Git_Files/bigdale123.github.io/src/routes/+layout.svelte [3ms]
2024-01-19 14:58:03.154 [info] > git cat-file -s 0ca7e2b4985ae9e8defc84889f244a9ee26280ef [2ms]
2024-01-19 14:58:03.176 [info] > git show --textconv :src/routes/+layout.svelte [3ms]
2024-01-19 14:58:09.018 [info] > git config --get commit.template [14ms]
2024-01-19 14:58:09.020 [info] > git for-each-ref --format=%(refname)%00%(upstream:short)%00%(objectname)%00%(upstream:track)%00%(upstream:remotename)%00%(upstream:remoteref) refs/heads/main refs/remotes/main [2ms]
2024-01-19 14:58:09.058 [info] > git status -z -uall [23ms]
2024-01-19 14:58:09.110 [info] > git ls-files --stage -- /home/dylan/Seafile/My Library/Temp_Git_Files/bigdale123.github.io/src/routes/+layout.svelte [3ms]
2024-01-19 14:58:09.125 [info] > git cat-file -s 0ca7e2b4985ae9e8defc84889f244a9ee26280ef [2ms]
2024-01-19 14:58:09.145 [info] > git show --textconv :src/routes/+layout.svelte [4ms]
2024-01-19 14:58:22.388 [info] > git config --get commit.template [16ms]
2024-01-19 14:58:22.391 [info] > git for-each-ref --format=%(refname)%00%(upstream:short)%00%(objectname)%00%(upstream:track)%00%(upstream:remotename)%00%(upstream:remoteref) refs/heads/main refs/remotes/main [4ms]
2024-01-19 14:58:22.428 [info] > git status -z -uall [23ms]
2024-01-19 14:58:22.476 [info] > git ls-files --stage -- /home/dylan/Seafile/My Library/Temp_Git_Files/bigdale123.github.io/src/routes/+layout.svelte [3ms]
2024-01-19 14:58:22.491 [info] > git cat-file -s 0ca7e2b4985ae9e8defc84889f244a9ee26280ef [3ms]
2024-01-19 14:58:22.510 [info] > git show --textconv :src/routes/+layout.svelte [3ms]
2024-01-19 14:58:25.257 [info] > git ls-files --stage -- /home/dylan/Seafile/My Library/Temp_Git_Files/bigdale123.github.io/src/routes/+layout.svelte [3ms]
2024-01-19 14:58:25.271 [info] > git cat-file -s 0ca7e2b4985ae9e8defc84889f244a9ee26280ef [2ms]
2024-01-19 14:58:25.290 [info] > git show --textconv :src/routes/+layout.svelte [3ms]
2024-01-19 14:58:27.453 [info] > git config --get commit.template [1ms]
2024-01-19 14:58:27.468 [info] > git for-each-ref --format=%(refname)%00%(upstream:short)%00%(objectname)%00%(upstream:track)%00%(upstream:remotename)%00%(upstream:remoteref) refs/heads/main refs/remotes/main [3ms]
2024-01-19 14:58:27.505 [info] > git status -z -uall [25ms]
2024-01-19 14:58:41.547 [info] > git show --textconv :CNAME [13ms]
2024-01-19 14:58:41.550 [info] > git ls-files --stage -- /home/dylan/Seafile/My Library/Temp_Git_Files/bigdale123.github.io/CNAME [3ms]
2024-01-19 14:58:41.789 [info] > git check-ignore -v -z --stdin [4ms]
2024-01-19 14:58:42.359 [info] > git config --get commit.template [16ms]
2024-01-19 14:58:42.360 [info] > git for-each-ref --format=%(refname)%00%(upstream:short)%00%(objectname)%00%(upstream:track)%00%(upstream:remotename)%00%(upstream:remoteref) refs/heads/main refs/remotes/main [2ms]
2024-01-19 14:58:42.402 [info] > git status -z -uall [26ms]
2024-01-19 14:58:51.319 [info] > git config --get commit.template [17ms]
2024-01-19 14:58:51.320 [info] > git for-each-ref --format=%(refname)%00%(upstream:short)%00%(objectname)%00%(upstream:track)%00%(upstream:remotename)%00%(upstream:remoteref) refs/heads/main refs/remotes/main [2ms]
2024-01-19 14:58:51.359 [info] > git status -z -uall [25ms]
2024-01-19 14:58:56.091 [info] > git ls-files --stage -- /home/dylan/Seafile/My Library/Temp_Git_Files/bigdale123.github.io/CNAME [3ms]
2024-01-19 14:58:56.105 [info] > git cat-file -s 904b6ec0c5fdc649f10b5fc8b944c0d66c1f8117 [2ms]
2024-01-19 14:58:56.123 [info] > git show --textconv :CNAME [3ms]
2024-01-19 14:58:56.396 [info] > git config --get commit.template [18ms]
2024-01-19 14:58:56.397 [info] > git for-each-ref --format=%(refname)%00%(upstream:short)%00%(objectname)%00%(upstream:track)%00%(upstream:remotename)%00%(upstream:remoteref) refs/heads/main refs/remotes/main [2ms]
2024-01-19 14:58:56.441 [info] > git status -z -uall [24ms]
2024-01-19 14:59:03.030 [info] > git config --get commit.template [15ms]
2024-01-19 14:59:03.031 [info] > git for-each-ref --format=%(refname)%00%(upstream:short)%00%(objectname)%00%(upstream:track)%00%(upstream:remotename)%00%(upstream:remoteref) refs/heads/main refs/remotes/main [2ms]
2024-01-19 14:59:03.073 [info] > git status -z -uall [27ms]
2024-01-19 14:59:03.122 [info] > git ls-files --stage -- /home/dylan/Seafile/My Library/Temp_Git_Files/bigdale123.github.io/CNAME [3ms]
2024-01-19 14:59:03.137 [info] > git cat-file -s 904b6ec0c5fdc649f10b5fc8b944c0d66c1f8117 [2ms]
2024-01-19 14:59:03.156 [info] > git show --textconv :CNAME [3ms]
2024-01-19 14:59:11.974 [info] > git config --get commit.template [25ms]
2024-01-19 14:59:11.993 [info] > git ls-files --stage -- /home/dylan/Seafile/My Library/Temp_Git_Files/bigdale123.github.io/CNAME [22ms]
2024-01-19 14:59:12.012 [info] > git for-each-ref --format=%(refname)%00%(upstream:short)%00%(objectname)%00%(upstream:track)%00%(upstream:remotename)%00%(upstream:remoteref) refs/heads/main refs/remotes/main [19ms]
2024-01-19 14:59:12.029 [info] > git cat-file -s 904b6ec0c5fdc649f10b5fc8b944c0d66c1f8117 [19ms]
2024-01-19 14:59:12.056 [info] > git status -z -uall [28ms]
2024-01-19 14:59:12.064 [info] > git show --textconv :CNAME [8ms]
2024-01-19 15:00:06.558 [info] > git show --textconv :src/app.html [18ms]
2024-01-19 15:00:06.562 [info] > git ls-files --stage -- /home/dylan/Seafile/My Library/Temp_Git_Files/bigdale123.github.io/src/app.html [5ms]
2024-01-19 15:00:06.580 [info] > git cat-file -s 75a7909a3990062f84b46bf70d9090f19d130222 [2ms]
2024-01-19 15:00:12.235 [info] > git config --get commit.template [3ms]
2024-01-19 15:00:12.254 [info] > git for-each-ref --format=%(refname)%00%(upstream:short)%00%(objectname)%00%(upstream:track)%00%(upstream:remotename)%00%(upstream:remoteref) refs/heads/main refs/remotes/main [3ms]
2024-01-19 15:00:12.297 [info] > git status -z -uall [26ms]
2024-01-19 15:00:19.509 [info] > git config --get commit.template [17ms]
2024-01-19 15:00:19.510 [info] > git for-each-ref --format=%(refname)%00%(upstream:short)%00%(objectname)%00%(upstream:track)%00%(upstream:remotename)%00%(upstream:remoteref) refs/heads/main refs/remotes/main [3ms]
2024-01-19 15:00:19.553 [info] > git status -z -uall [26ms]
2024-01-19 15:00:24.589 [info] > git config --get commit.template [14ms]
2024-01-19 15:00:24.591 [info] > git for-each-ref --format=%(refname)%00%(upstream:short)%00%(objectname)%00%(upstream:track)%00%(upstream:remotename)%00%(upstream:remoteref) refs/heads/main refs/remotes/main [2ms]
2024-01-19 15:00:24.651 [info] > git status -z -uall [45ms]
2024-01-19 15:00:32.561 [info] > git config --get commit.template [2ms]
2024-01-19 15:00:32.580 [info] > git for-each-ref --format=%(refname)%00%(upstream:short)%00%(objectname)%00%(upstream:track)%00%(upstream:remotename)%00%(upstream:remoteref) refs/heads/main refs/remotes/main [2ms]
2024-01-19 15:00:32.620 [info] > git status -z -uall [26ms]
2024-01-19 15:00:32.667 [info] > git ls-files --stage -- /home/dylan/Seafile/My Library/Temp_Git_Files/bigdale123.github.io/src/app.html [3ms]
2024-01-19 15:00:32.684 [info] > git cat-file -s d8e0c9dd3cd273bf15af3dcc13f5f07f101225fb [3ms]
2024-01-19 15:00:32.702 [info] > git show --textconv :src/app.html [4ms]
2024-01-19 15:00:42.287 [info] > git config --get commit.template [16ms]
2024-01-19 15:00:42.288 [info] > git for-each-ref --format=%(refname)%00%(upstream:short)%00%(objectname)%00%(upstream:track)%00%(upstream:remotename)%00%(upstream:remoteref) refs/heads/main refs/remotes/main [2ms]
2024-01-19 15:00:42.326 [info] > git status -z -uall [24ms]
2024-01-19 15:00:42.378 [info] > git ls-files --stage -- /home/dylan/Seafile/My Library/Temp_Git_Files/bigdale123.github.io/src/app.html [3ms]
2024-01-19 15:00:42.395 [info] > git cat-file -s d8e0c9dd3cd273bf15af3dcc13f5f07f101225fb [3ms]
2024-01-19 15:00:42.417 [info] > git show --textconv :src/app.html [4ms]
2024-01-19 15:01:08.370 [info] > git config --get commit.template [37ms]
2024-01-19 15:01:08.398 [info] > git ls-files --stage -- /home/dylan/Seafile/My Library/Temp_Git_Files/bigdale123.github.io/src/app.html [29ms]
2024-01-19 15:01:08.430 [info] > git for-each-ref --format=%(refname)%00%(upstream:short)%00%(objectname)%00%(upstream:track)%00%(upstream:remotename)%00%(upstream:remoteref) refs/heads/main refs/remotes/main [33ms]
2024-01-19 15:01:08.453 [info] > git cat-file -s d8e0c9dd3cd273bf15af3dcc13f5f07f101225fb [24ms]
2024-01-19 15:01:08.483 [info] > git status -z -uall [31ms]
2024-01-19 15:01:08.522 [info] > git show --textconv :src/app.html [3ms]
2024-01-19 15:03:13.873 [info] > git show --textconv :src/routes/+layout.svelte [18ms]
2024-01-19 15:03:13.876 [info] > git ls-files --stage -- /home/dylan/Seafile/My Library/Temp_Git_Files/bigdale123.github.io/src/routes/+layout.svelte [4ms]
2024-01-19 15:03:13.892 [info] > git cat-file -s 0ca7e2b4985ae9e8defc84889f244a9ee26280ef [2ms]
2024-01-19 15:03:52.018 [info] > git config --get commit.template [8ms]
2024-01-19 15:03:52.047 [info] > git for-each-ref --format=%(refname)%00%(upstream:short)%00%(objectname)%00%(upstream:track)%00%(upstream:remotename)%00%(upstream:remoteref) refs/heads/main refs/remotes/main [3ms]
2024-01-19 15:03:52.109 [info] > git status -z -uall [40ms]
2024-01-19 15:04:05.820 [info] > git config --get commit.template [18ms]
2024-01-19 15:04:05.821 [info] > git for-each-ref --format=%(refname)%00%(upstream:short)%00%(objectname)%00%(upstream:track)%00%(upstream:remotename)%00%(upstream:remoteref) refs/heads/main refs/remotes/main [3ms]
2024-01-19 15:04:05.861 [info] > git status -z -uall [23ms]
2024-01-19 15:04:15.583 [info] > git config --get commit.template [17ms]
2024-01-19 15:04:15.585 [info] > git for-each-ref --format=%(refname)%00%(upstream:short)%00%(objectname)%00%(upstream:track)%00%(upstream:remotename)%00%(upstream:remoteref) refs/heads/main refs/remotes/main [3ms]
2024-01-19 15:04:15.627 [info] > git status -z -uall [26ms]
2024-01-19 15:04:29.085 [info] > git config --get commit.template [16ms]
2024-01-19 15:04:29.087 [info] > git for-each-ref --format=%(refname)%00%(upstream:short)%00%(objectname)%00%(upstream:track)%00%(upstream:remotename)%00%(upstream:remoteref) refs/heads/main refs/remotes/main [2ms]
2024-01-19 15:04:29.126 [info] > git status -z -uall [23ms]
2024-01-19 15:04:34.158 [info] > git config --get commit.template [14ms]
2024-01-19 15:04:34.159 [info] > git for-each-ref --format=%(refname)%00%(upstream:short)%00%(objectname)%00%(upstream:track)%00%(upstream:remotename)%00%(upstream:remoteref) refs/heads/main refs/remotes/main [2ms]
2024-01-19 15:04:34.222 [info] > git status -z -uall [48ms]
2024-01-19 15:04:37.070 [info] > git ls-files --stage -- /home/dylan/Seafile/My Library/Temp_Git_Files/bigdale123.github.io/src/routes/+layout.svelte [4ms]
2024-01-19 15:04:37.089 [info] > git cat-file -s 1047174bae0c36b9f1c11a02de3ee2c288f79450 [2ms]
2024-01-19 15:04:37.107 [info] > git show --textconv :src/routes/+layout.svelte [3ms]
2024-01-19 15:04:39.263 [info] > git config --get commit.template [15ms]
2024-01-19 15:04:39.264 [info] > git for-each-ref --format=%(refname)%00%(upstream:short)%00%(objectname)%00%(upstream:track)%00%(upstream:remotename)%00%(upstream:remoteref) refs/heads/main refs/remotes/main [2ms]
2024-01-19 15:04:39.304 [info] > git status -z -uall [28ms]
2024-01-19 15:04:48.253 [info] > git config --get commit.template [17ms]
2024-01-19 15:04:48.254 [info] > git for-each-ref --format=%(refname)%00%(upstream:short)%00%(objectname)%00%(upstream:track)%00%(upstream:remotename)%00%(upstream:remoteref) refs/heads/main refs/remotes/main [2ms]
2024-01-19 15:04:48.292 [info] > git status -z -uall [23ms]
2024-01-19 15:04:48.345 [info] > git ls-files --stage -- /home/dylan/Seafile/My Library/Temp_Git_Files/bigdale123.github.io/src/routes/+layout.svelte [3ms]
2024-01-19 15:04:48.361 [info] > git cat-file -s 1047174bae0c36b9f1c11a02de3ee2c288f79450 [1ms]
2024-01-19 15:04:48.383 [info] > git show --textconv :src/routes/+layout.svelte [4ms]
2024-01-19 15:04:50.825 [info] > git ls-files --stage -- /home/dylan/Seafile/My Library/Temp_Git_Files/bigdale123.github.io/src/routes/+layout.svelte [3ms]
2024-01-19 15:04:50.840 [info] > git cat-file -s 1047174bae0c36b9f1c11a02de3ee2c288f79450 [2ms]
2024-01-19 15:04:50.859 [info] > git show --textconv :src/routes/+layout.svelte [3ms]
2024-01-19 15:05:55.089 [info] > git config --get commit.template [24ms]
2024-01-19 15:05:55.091 [info] > git for-each-ref --format=%(refname)%00%(upstream:short)%00%(objectname)%00%(upstream:track)%00%(upstream:remotename)%00%(upstream:remoteref) refs/heads/main refs/remotes/main [4ms]
2024-01-19 15:05:55.147 [info] > git status -z -uall [35ms]
2024-01-19 15:05:59.051 [info] > git ls-files --stage -- /home/dylan/Seafile/My Library/Temp_Git_Files/bigdale123.github.io/src/routes/+layout.svelte [3ms]
2024-01-19 15:05:59.065 [info] > git cat-file -s 1047174bae0c36b9f1c11a02de3ee2c288f79450 [2ms]
2024-01-19 15:05:59.084 [info] > git show --textconv :src/routes/+layout.svelte [3ms]
2024-01-19 15:06:00.184 [info] > git config --get commit.template [15ms]
2024-01-19 15:06:00.186 [info] > git for-each-ref --format=%(refname)%00%(upstream:short)%00%(objectname)%00%(upstream:track)%00%(upstream:remotename)%00%(upstream:remoteref) refs/heads/main refs/remotes/main [3ms]
2024-01-19 15:06:00.225 [info] > git status -z -uall [25ms]
2024-01-19 15:06:01.768 [info] > git check-ignore -v -z --stdin [4ms]
2024-01-19 15:14:13.442 [info] > git config --get commit.template [2ms]
2024-01-19 15:14:13.459 [info] > git for-each-ref --format=%(refname)%00%(upstream:short)%00%(objectname)%00%(upstream:track)%00%(upstream:remotename)%00%(upstream:remoteref) refs/heads/main refs/remotes/main [3ms]
2024-01-19 15:14:13.503 [info] > git status -z -uall [28ms]
2024-01-19 15:14:18.539 [info] > git config --get commit.template [16ms]
2024-01-19 15:14:18.539 [info] > git for-each-ref --format=%(refname)%00%(upstream:short)%00%(objectname)%00%(upstream:track)%00%(upstream:remotename)%00%(upstream:remoteref) refs/heads/main refs/remotes/main [2ms]
2024-01-19 15:14:18.595 [info] > git status -z -uall [44ms]
2024-01-19 15:15:17.850 [info] > git check-ignore -v -z --stdin [3ms]
2024-01-19 15:15:21.436 [info] > git show --textconv :static/CNAME [12ms]
2024-01-19 15:15:21.438 [info] > git ls-files --stage -- /home/dylan/Seafile/My Library/Temp_Git_Files/bigdale123.github.io/static/CNAME [3ms]
2024-01-19 15:15:21.655 [info] > git check-ignore -v -z --stdin [4ms]
2024-01-19 15:15:22.157 [info] > git config --get commit.template [2ms]
2024-01-19 15:15:22.174 [info] > git for-each-ref --format=%(refname)%00%(upstream:short)%00%(objectname)%00%(upstream:track)%00%(upstream:remotename)%00%(upstream:remoteref) refs/heads/main refs/remotes/main [3ms]
2024-01-19 15:15:22.235 [info] > git status -z -uall [45ms]
2024-01-19 15:15:28.347 [info] > git config --get commit.template [16ms]
2024-01-19 15:15:28.349 [info] > git for-each-ref --format=%(refname)%00%(upstream:short)%00%(objectname)%00%(upstream:track)%00%(upstream:remotename)%00%(upstream:remoteref) refs/heads/main refs/remotes/main [2ms]
2024-01-19 15:15:28.406 [info] > git status -z -uall [44ms]
2024-01-19 15:15:31.123 [info] > git show --textconv :CNAME [16ms]
2024-01-19 15:15:31.125 [info] > git ls-files --stage -- /home/dylan/Seafile/My Library/Temp_Git_Files/bigdale123.github.io/CNAME [4ms]
2024-01-19 15:15:31.141 [info] > git cat-file -s 904b6ec0c5fdc649f10b5fc8b944c0d66c1f8117 [2ms]
2024-01-19 15:15:32.323 [info] > git show --textconv :static/CNAME [17ms]
2024-01-19 15:15:32.326 [info] > git ls-files --stage -- /home/dylan/Seafile/My Library/Temp_Git_Files/bigdale123.github.io/static/CNAME [3ms]
2024-01-19 15:15:32.845 [info] > git show --textconv :CNAME [16ms]
2024-01-19 15:15:32.847 [info] > git ls-files --stage -- /home/dylan/Seafile/My Library/Temp_Git_Files/bigdale123.github.io/CNAME [3ms]
2024-01-19 15:15:32.863 [info] > git cat-file -s 904b6ec0c5fdc649f10b5fc8b944c0d66c1f8117 [2ms]
2024-01-19 15:15:33.234 [info] > git show --textconv :static/CNAME [17ms]
2024-01-19 15:15:33.236 [info] > git ls-files --stage -- /home/dylan/Seafile/My Library/Temp_Git_Files/bigdale123.github.io/static/CNAME [3ms]
2024-01-19 15:15:33.773 [info] > git show --textconv :CNAME [18ms]
2024-01-19 15:15:33.775 [info] > git ls-files --stage -- /home/dylan/Seafile/My Library/Temp_Git_Files/bigdale123.github.io/CNAME [3ms]
2024-01-19 15:15:33.789 [info] > git cat-file -s 904b6ec0c5fdc649f10b5fc8b944c0d66c1f8117 [2ms]
2024-01-19 15:15:34.403 [info] > git show --textconv :static/CNAME [16ms]
2024-01-19 15:15:34.405 [info] > git ls-files --stage -- /home/dylan/Seafile/My Library/Temp_Git_Files/bigdale123.github.io/static/CNAME [4ms]
2024-01-19 15:15:39.326 [info] > git config --get commit.template [17ms]
2024-01-19 15:15:39.328 [info] > git for-each-ref --format=%(refname)%00%(upstream:short)%00%(objectname)%00%(upstream:track)%00%(upstream:remotename)%00%(upstream:remoteref) refs/heads/main refs/remotes/main [3ms]
2024-01-19 15:15:39.395 [info] > git status -z -uall [50ms]
2024-01-19 15:15:44.437 [info] > git config --get commit.template [16ms]
2024-01-19 15:15:44.437 [info] > git for-each-ref --format=%(refname)%00%(upstream:short)%00%(objectname)%00%(upstream:track)%00%(upstream:remotename)%00%(upstream:remoteref) refs/heads/main refs/remotes/main [2ms]
2024-01-19 15:15:44.506 [info] > git status -z -uall [51ms]
2024-01-19 15:15:47.955 [info] > git show --textconv :src/app.html [13ms]
2024-01-19 15:15:47.957 [info] > git ls-files --stage -- /home/dylan/Seafile/My Library/Temp_Git_Files/bigdale123.github.io/src/app.html [3ms]
2024-01-19 15:15:47.974 [info] > git cat-file -s d8e0c9dd3cd273bf15af3dcc13f5f07f101225fb [1ms]
2024-01-19 15:16:09.667 [info] > git config --get commit.template [14ms]
2024-01-19 15:16:09.668 [info] > git for-each-ref --format=%(refname)%00%(upstream:short)%00%(objectname)%00%(upstream:track)%00%(upstream:remotename)%00%(upstream:remoteref) refs/heads/main refs/remotes/main [2ms]
2024-01-19 15:16:09.726 [info] > git status -z -uall [44ms]
2024-01-19 15:16:14.769 [info] > git config --get commit.template [19ms]
2024-01-19 15:16:14.770 [info] > git for-each-ref --format=%(refname)%00%(upstream:short)%00%(objectname)%00%(upstream:track)%00%(upstream:remotename)%00%(upstream:remoteref) refs/heads/main refs/remotes/main [3ms]
2024-01-19 15:16:14.841 [info] > git status -z -uall [55ms]
2024-01-19 15:16:19.884 [info] > git config --get commit.template [17ms]
2024-01-19 15:16:19.885 [info] > git for-each-ref --format=%(refname)%00%(upstream:short)%00%(objectname)%00%(upstream:track)%00%(upstream:remotename)%00%(upstream:remoteref) refs/heads/main refs/remotes/main [2ms]
2024-01-19 15:16:19.940 [info] > git status -z -uall [40ms]
2024-01-19 15:16:24.627 [info] > git ls-files --stage -- /home/dylan/Seafile/My Library/Temp_Git_Files/bigdale123.github.io/src/app.html [3ms]
2024-01-19 15:16:24.646 [info] > git cat-file -s 9e95de14b607abcd8a0d394df41b3ff2552276cc [2ms]
2024-01-19 15:16:24.666 [info] > git show --textconv :src/app.html [4ms]
2024-01-19 15:16:24.976 [info] > git config --get commit.template [14ms]
2024-01-19 15:16:24.977 [info] > git for-each-ref --format=%(refname)%00%(upstream:short)%00%(objectname)%00%(upstream:track)%00%(upstream:remotename)%00%(upstream:remoteref) refs/heads/main refs/remotes/main [2ms]
2024-01-19 15:16:25.016 [info] > git status -z -uall [26ms]
2024-01-19 15:16:33.109 [info] > git config --get commit.template [16ms]
2024-01-19 15:16:33.110 [info] > git for-each-ref --format=%(refname)%00%(upstream:short)%00%(objectname)%00%(upstream:track)%00%(upstream:remotename)%00%(upstream:remoteref) refs/heads/main refs/remotes/main [2ms]
2024-01-19 15:16:33.149 [info] > git status -z -uall [25ms]
2024-01-19 15:16:33.199 [info] > git ls-files --stage -- /home/dylan/Seafile/My Library/Temp_Git_Files/bigdale123.github.io/src/app.html [4ms]
2024-01-19 15:16:33.213 [info] > git cat-file -s 9e95de14b607abcd8a0d394df41b3ff2552276cc [2ms]
2024-01-19 15:16:33.233 [info] > git show --textconv :src/app.html [4ms]
2024-01-19 15:16:36.547 [info] > git ls-files --stage -- /home/dylan/Seafile/My Library/Temp_Git_Files/bigdale123.github.io/src/app.html [4ms]
2024-01-19 15:16:36.565 [info] > git cat-file -s 9e95de14b607abcd8a0d394df41b3ff2552276cc [2ms]
2024-01-19 15:16:36.583 [info] > git show --textconv :src/app.html [3ms]
2024-01-19 15:16:38.185 [info] > git config --get commit.template [15ms]
2024-01-19 15:16:38.187 [info] > git for-each-ref --format=%(refname)%00%(upstream:short)%00%(objectname)%00%(upstream:track)%00%(upstream:remotename)%00%(upstream:remoteref) refs/heads/main refs/remotes/main [3ms]
2024-01-19 15:16:38.225 [info] > git status -z -uall [24ms]
