2025-02-05 02:06:43.561 [info] Extension host with pid 132923 started
2025-02-05 02:06:43.608 [info] ExtensionService#_doActivateExtension vscode.github-authentication, startup: false, activationEvent: 'onAuthenticationRequest:github'
2025-02-05 02:06:43.671 [info] ExtensionService#_doActivateExtension bitlang.cobol, startup: false, activationEvent: 'onFileSystem:file'
2025-02-05 02:06:43.854 [info] ExtensionService#_doActivateExtension vscode.git-base, startup: true, activationEvent: '*', root cause: vscode.git
2025-02-05 02:06:43.867 [info] ExtensionService#_doActivateExtension vscode.git, startup: true, activationEvent: '*'
2025-02-05 02:06:44.007 [info] ExtensionService#_doActivateExtension vscode.github, startup: true, activationEvent: '*'
2025-02-05 02:06:44.188 [info] Eager extensions activated
2025-02-05 02:06:44.200 [info] ExtensionService#_doActivateExtension vscode.debug-auto-launch, startup: false, activationEvent: 'onStartupFinished'
2025-02-05 02:06:44.204 [info] ExtensionService#_doActivateExtension vscode.merge-conflict, startup: false, activationEvent: 'onStartupFinished'
2025-02-05 02:06:50.333 [info] Extension host terminating: renderer closed the MessagePort
2025-02-05 02:06:50.363 [info] Extension host with pid 132923 exiting with code 0
2025-02-05 02:06:51.971 [info] Extension host with pid 132961 started
2025-02-05 02:06:51.972 [info] Skipping acquiring lock for /home/dylan/.config/Code/User/workspaceStorage/b697ec833d450e992ca2ff1ae1bf94ec.
2025-02-05 02:06:52.217 [info] ExtensionService#_doActivateExtension vscode.github-authentication, startup: false, activationEvent: 'onAuthenticationRequest:github'
2025-02-05 02:06:52.279 [info] ExtensionService#_doActivateExtension bitlang.cobol, startup: false, activationEvent: 'onFileSystem:file'
2025-02-05 02:06:52.354 [info] ExtensionService#_doActivateExtension vscode.emmet, startup: false, activationEvent: 'onLanguage'
2025-02-05 02:06:52.651 [info] ExtensionService#_doActivateExtension vscode.git-base, startup: true, activationEvent: '*', root cause: vscode.git
2025-02-05 02:06:52.665 [info] ExtensionService#_doActivateExtension vscode.git, startup: true, activationEvent: '*'
2025-02-05 02:06:52.807 [info] ExtensionService#_doActivateExtension vscode.github, startup: true, activationEvent: '*'
2025-02-05 02:06:52.966 [info] Eager extensions activated
2025-02-05 02:06:53.044 [info] ExtensionService#_doActivateExtension vscode.debug-auto-launch, startup: false, activationEvent: 'onStartupFinished'
2025-02-05 02:06:53.051 [info] ExtensionService#_doActivateExtension vscode.merge-conflict, startup: false, activationEvent: 'onStartupFinished'
2025-02-05 02:07:18.514 [info] ExtensionService#_doActivateExtension vscode.configuration-editing, startup: false, activationEvent: 'onLanguage:json'
2025-02-05 02:07:18.538 [info] ExtensionService#_doActivateExtension vscode.extension-editing, startup: false, activationEvent: 'onLanguage:json'
2025-02-05 02:07:18.562 [info] ExtensionService#_doActivateExtension vscode.json-language-features, startup: false, activationEvent: 'onLanguage:json'
2025-02-05 02:07:18.640 [info] ExtensionService#_doActivateExtension vscode.npm, startup: false, activationEvent: 'onLanguage:json'
