2025-02-05 20:08:20.021 [info] [main] Log level: Info
2025-02-05 20:08:20.021 [info] [main] Validating found git in: "git"
2025-02-05 20:08:20.021 [info] [main] Using git "2.47.1" from "git"
2025-02-05 20:08:20.021 [info] [Model][doInitialScan] Initial repository scan started
2025-02-05 20:08:20.021 [info] > git rev-parse --show-toplevel [6ms]
2025-02-05 20:08:20.021 [info] fatal: not a git repository (or any of the parent directories): .git
2025-02-05 20:08:20.021 [info] > git rev-parse --show-toplevel [11ms]
2025-02-05 20:08:20.021 [info] fatal: not a git repository (or any of the parent directories): .git
2025-02-05 20:08:20.021 [info] > git rev-parse --show-toplevel [3ms]
2025-02-05 20:08:20.021 [info] fatal: not a git repository (or any of the parent directories): .git
2025-02-05 20:08:20.034 [info] > git rev-parse --show-toplevel [2ms]
2025-02-05 20:08:20.034 [info] fatal: not a git repository (or any of the parent directories): .git
2025-02-05 20:08:20.050 [info] > git rev-parse --show-toplevel [4ms]
2025-02-05 20:08:20.051 [info] fatal: not a git repository (or any of the parent directories): .git
2025-02-05 20:08:20.068 [info] > git rev-parse --show-toplevel [4ms]
2025-02-05 20:08:20.068 [info] fatal: not a git repository (or any of the parent directories): .git
2025-02-05 20:08:20.090 [info] > git rev-parse --show-toplevel [8ms]
2025-02-05 20:08:20.090 [info] fatal: not a git repository (or any of the parent directories): .git
2025-02-05 20:08:20.109 [info] > git rev-parse --show-toplevel [5ms]
2025-02-05 20:08:20.109 [info] fatal: not a git repository (or any of the parent directories): .git
2025-02-05 20:08:20.119 [info] [Model][doInitialScan] Initial repository scan completed - repositories (0), closed repositories (0), parent repositories (0), unsafe repositories (0)
2025-02-05 20:08:20.141 [info] > git rev-parse --show-toplevel [4ms]
2025-02-05 20:08:20.141 [info] fatal: not a git repository (or any of the parent directories): .git
2025-02-05 20:08:20.538 [info] > git rev-parse --show-toplevel [4ms]
2025-02-05 20:08:20.538 [info] fatal: not a git repository (or any of the parent directories): .git
