2025-02-03 11:10:44.532 [info] Added views:outline in workbench.view.explorer
2025-02-03 11:10:44.532 [info] Added views:workbench.view.search in workbench.view.search
2025-02-03 11:10:44.532 [info] Added views:workbench.scm in workbench.view.scm
2025-02-03 11:10:44.532 [info] Added views:workbench.panel.markers.view in workbench.panel.markers
2025-02-03 11:10:44.532 [info] Added views:workbench.panel.output in workbench.panel.output
2025-02-03 11:10:44.532 [info] Added views:terminal in terminal
2025-02-03 11:10:44.532 [info] Added views:timeline in workbench.view.explorer
2025-02-03 11:10:44.532 [info] Added views:workbench.explorer.emptyView in workbench.view.explorer
2025-02-03 11:10:45.245 [info] Added views:flat-source-view,help-and-feedback-view in workbench.view.explorer
2025-02-03 11:10:45.455 [info] Added views:workbench.debug.variablesView,workbench.debug.watchExpressionsView,workbench.debug.callStackView,workbench.debug.breakPointsView in workbench.view.debug
2025-02-03 11:10:45.548 [info] Added views:~remote.forwardedPorts in ~remote.forwardedPortsContainer
2025-02-03 11:10:46.203 [info] Added views:workbench.panel.repl.view in workbench.panel.repl
2025-02-03 11:10:46.205 [info] Removed views:workbench.debug.breakPointsView,workbench.debug.callStackView,workbench.debug.watchExpressionsView,workbench.debug.variablesView from workbench.view.debug
2025-02-03 11:10:46.206 [info] Added views:workbench.debug.welcome in workbench.view.debug
2025-02-03 11:11:22.606 [info] Added views:outline in workbench.view.explorer
2025-02-03 11:11:22.606 [info] Added views:workbench.view.search in workbench.view.search
2025-02-03 11:11:22.606 [info] Added views:workbench.scm in workbench.view.scm
2025-02-03 11:11:22.606 [info] Added views:workbench.panel.markers.view in workbench.panel.markers
2025-02-03 11:11:22.606 [info] Added views:workbench.panel.output in workbench.panel.output
2025-02-03 11:11:22.606 [info] Added views:terminal in terminal
2025-02-03 11:11:22.606 [info] Added views:timeline in workbench.view.explorer
2025-02-03 11:11:22.606 [info] Added views:workbench.explorer.fileView in workbench.view.explorer
2025-02-03 11:11:22.852 [info] Added views:workbench.debug.variablesView,workbench.debug.watchExpressionsView,workbench.debug.callStackView,workbench.debug.breakPointsView in workbench.view.debug
2025-02-03 11:11:23.283 [info] Added views:flat-source-view,help-and-feedback-view in workbench.view.explorer
2025-02-03 11:11:23.495 [info] Added views:~remote.forwardedPorts in ~remote.forwardedPortsContainer
2025-02-03 11:11:23.727 [info] Added views:workbench.panel.repl.view in workbench.panel.repl
2025-02-03 11:11:23.729 [info] Removed views:workbench.debug.breakPointsView,workbench.debug.callStackView,workbench.debug.watchExpressionsView,workbench.debug.variablesView from workbench.view.debug
2025-02-03 11:11:23.731 [info] Added views:workbench.debug.welcome in workbench.view.debug
