2025-02-03 11:10:42.749 [info] update#setState idle
2025-02-03 11:11:12.754 [info] update#setState checking for updates
2025-02-03 11:11:12.854 [info] update#setState idle
2025-02-03 11:11:22.059 [info] Extension host with pid 10045 exited with code: 0, signal: unknown.
2025-02-03 11:11:22.070 [error] [UtilityProcess id: 1, type: fileWatcher, pid: 10027]: crashed with code 15 and reason 'killed'
2025-02-03 12:11:12.857 [info] update#setState checking for updates
2025-02-03 12:11:13.023 [info] update#setState idle
2025-02-03 13:11:12.874 [info] update#setState checking for updates
2025-02-03 13:11:13.268 [info] update#setState idle
2025-02-03 14:11:12.879 [info] update#setState checking for updates
2025-02-03 14:11:13.075 [info] update#setState idle
2025-02-03 15:11:12.881 [info] update#setState checking for updates
2025-02-03 15:11:13.305 [info] update#setState idle
2025-02-03 16:11:12.982 [info] update#setState checking for updates
2025-02-03 16:11:13.424 [info] update#setState idle
2025-02-03 17:11:13.129 [info] update#setState checking for updates
2025-02-03 17:11:13.325 [info] update#setState idle
2025-02-03 18:11:13.133 [info] update#setState checking for updates
2025-02-03 18:11:13.552 [info] update#setState idle
2025-02-03 19:11:13.235 [info] update#setState checking for updates
2025-02-03 19:11:13.647 [info] update#setState idle
2025-02-03 20:11:13.336 [info] update#setState checking for updates
2025-02-03 20:11:13.522 [info] update#setState idle
2025-02-03 21:11:13.438 [info] update#setState checking for updates
2025-02-03 21:11:13.862 [info] update#setState idle
2025-02-04 10:20:39.732 [info] Extension host with pid 45048 exited with code: 0, signal: unknown.
2025-02-04 10:28:19.845 [info] update#setState checking for updates
2025-02-04 10:28:20.058 [info] update#setState idle
2025-02-04 11:28:19.847 [info] update#setState checking for updates
2025-02-04 11:28:20.248 [info] update#setState idle
2025-02-04 12:28:19.848 [info] update#setState checking for updates
2025-02-04 12:28:20.253 [info] update#setState idle
2025-02-04 13:28:19.851 [info] update#setState checking for updates
2025-02-04 13:28:20.260 [info] update#setState idle
2025-02-04 14:28:19.853 [info] update#setState checking for updates
2025-02-04 14:28:20.259 [info] update#setState idle
2025-02-04 14:38:07.935 [info] Extension host with pid 77291 exited with code: 0, signal: unknown.
2025-02-04 15:28:19.856 [info] update#setState checking for updates
2025-02-04 15:28:20.320 [info] update#setState idle
2025-02-04 16:28:19.858 [info] update#setState checking for updates
2025-02-04 16:28:20.251 [info] update#setState idle
2025-02-04 17:10:55.284 [info] Extension host with pid 45116 exited with code: 0, signal: unknown.
2025-02-04 17:28:19.863 [info] update#setState checking for updates
2025-02-04 17:28:20.245 [info] update#setState idle
2025-02-04 18:28:19.864 [info] update#setState checking for updates
2025-02-04 18:28:20.069 [info] update#setState idle
2025-02-04 19:28:19.866 [info] update#setState checking for updates
2025-02-04 19:28:20.051 [info] update#setState idle
2025-02-04 20:28:19.870 [info] update#setState checking for updates
2025-02-04 20:28:20.268 [info] update#setState idle
2025-02-04 21:28:19.872 [info] update#setState checking for updates
2025-02-04 21:28:20.042 [info] update#setState idle
2025-02-05 01:43:50.468 [warning] No ptyHost heartbeat after 6 seconds
2025-02-05 02:06:50.365 [info] Extension host with pid 132923 exited with code: 0, signal: unknown.
2025-02-05 02:06:50.377 [error] [UtilityProcess id: 4, type: fileWatcher, pid: 132912]: crashed with code 15 and reason 'killed'
2025-02-05 02:29:51.922 [info] update#setState checking for updates
2025-02-05 02:29:52.328 [info] update#setState idle
