2025-02-03 11:10:45.932 [info] Extension host with pid 10045 started
2025-02-03 11:10:46.201 [info] ExtensionService#_doActivateExtension bitlang.cobol, startup: false, activationEvent: 'onFileSystem:file'
2025-02-03 11:10:46.275 [info] ExtensionService#_doActivateExtension vscode.github-authentication, startup: false, activationEvent: 'onAuthenticationRequest:github'
2025-02-03 11:10:46.577 [info] ExtensionService#_doActivateExtension vscode.git-base, startup: true, activationEvent: '*', root cause: vscode.git
2025-02-03 11:10:46.720 [info] ExtensionService#_doActivateExtension vscode.git, startup: true, activationEvent: '*'
2025-02-03 11:10:46.884 [info] ExtensionService#_doActivateExtension vscode.github, startup: true, activationEvent: '*'
2025-02-03 11:10:47.117 [info] Eager extensions activated
2025-02-03 11:10:47.140 [info] ExtensionService#_doActivateExtension vscode.debug-auto-launch, startup: false, activationEvent: 'onStartupFinished'
2025-02-03 11:10:47.156 [info] ExtensionService#_doActivateExtension vscode.merge-conflict, startup: false, activationEvent: 'onStartupFinished'
2025-02-03 11:11:22.029 [info] Extension host terminating: renderer closed the MessagePort
2025-02-03 11:11:22.057 [info] Extension host with pid 10045 exiting with code 0
2025-02-03 11:11:23.683 [info] Extension host with pid 10180 started
2025-02-03 11:11:23.683 [info] Skipping acquiring lock for /home/dylan/.config/Code/User/workspaceStorage/8641e717c96ed919d6b450b470b1307c.
2025-02-03 11:11:23.725 [info] ExtensionService#_doActivateExtension vscode.github-authentication, startup: false, activationEvent: 'onAuthenticationRequest:github'
2025-02-03 11:11:23.794 [info] ExtensionService#_doActivateExtension bitlang.cobol, startup: false, activationEvent: 'onFileSystem:file'
2025-02-03 11:11:24.027 [info] ExtensionService#_doActivateExtension vscode.git-base, startup: true, activationEvent: '*'
2025-02-03 11:11:24.038 [info] ExtensionService#_doActivateExtension vscode.github, startup: true, activationEvent: '*'
2025-02-03 11:11:24.104 [info] Eager extensions activated
2025-02-03 11:11:24.105 [info] ExtensionService#_doActivateExtension vscode.debug-auto-launch, startup: false, activationEvent: 'onStartupFinished'
2025-02-03 11:11:24.109 [info] ExtensionService#_doActivateExtension vscode.merge-conflict, startup: false, activationEvent: 'onStartupFinished'
2025-02-03 11:11:27.451 [info] ExtensionService#_doActivateExtension vscode.git, startup: false, activationEvent: 'api', root cause: vscode.github
2025-02-03 11:59:58.770 [info] ExtensionService#_doActivateExtension vscode.emmet, startup: false, activationEvent: 'onLanguage'
2025-02-03 12:00:09.975 [info] ExtensionService#_doActivateExtension vscode.extension-editing, startup: false, activationEvent: 'onLanguage:markdown'
2025-02-03 12:00:10.006 [info] ExtensionService#_doActivateExtension vscode.markdown-language-features, startup: false, activationEvent: 'onLanguage:markdown'
2025-02-03 12:00:10.863 [info] ExtensionService#_doActivateExtension vscode.markdown-math, startup: false, activationEvent: 'api', root cause: vscode.markdown-language-features
2025-02-03 12:00:23.421 [info] ExtensionService#_doActivateExtension vscode.simple-browser, startup: false, activationEvent: 'onOpenExternalUri:https'
2025-02-03 12:03:50.300 [info] ExtensionService#_doActivateExtension vscode.configuration-editing, startup: false, activationEvent: 'onLanguage:jsonc'
2025-02-03 12:03:50.322 [info] ExtensionService#_doActivateExtension vscode.json-language-features, startup: false, activationEvent: 'onLanguage:jsonc'
2025-02-03 12:03:50.420 [info] ExtensionService#_doActivateExtension vscode.typescript-language-features, startup: false, activationEvent: 'onLanguage:jsonc'
