2024-01-19 11:51:24.149 [info] Extension host with pid 13440 started
2024-01-19 11:51:24.149 [info] Skipping acquiring lock for /home/dylan/.config/Code/User/workspaceStorage/a852da8a28cd84293c5a49031f756891.
2024-01-19 11:51:24.543 [info] ExtensionService#_doActivateExtension vscode.emmet, startup: false, activationEvent: 'onLanguage'
2024-01-19 11:51:24.556 [info] ExtensionService#_doActivateExtension svelte.svelte-vscode, startup: false, activationEvent: 'onLanguage:svelte'
2024-01-19 11:51:24.893 [info] ExtensionService#_doActivateExtension vscode.git-base, startup: true, activationEvent: '*', root cause: vscode.git
2024-01-19 11:51:24.958 [info] ExtensionService#_doActivateExtension vscode.typescript-language-features, startup: false, activationEvent: 'onCommand:_typescript.configurePlugin'
2024-01-19 11:51:25.161 [info] ExtensionService#_doActivateExtension vscode.git, startup: true, activationEvent: '*'
2024-01-19 11:51:25.199 [info] ExtensionService#_doActivateExtension vscode.github, startup: true, activationEvent: '*'
2024-01-19 11:51:25.394 [info] Eager extensions activated
2024-01-19 11:51:25.895 [info] ExtensionService#_doActivateExtension vscode.debug-auto-launch, startup: false, activationEvent: 'onStartupFinished'
2024-01-19 11:51:25.900 [info] ExtensionService#_doActivateExtension vscode.merge-conflict, startup: false, activationEvent: 'onStartupFinished'
2024-01-19 11:51:25.913 [info] ExtensionService#_doActivateExtension bradlc.vscode-tailwindcss, startup: false, activationEvent: 'onStartupFinished'
2024-01-19 11:51:26.038 [info] ExtensionService#_doActivateExtension vscode.github-authentication, startup: false, activationEvent: 'onAuthenticationRequest:github'
2024-01-19 11:52:53.501 [info] ExtensionService#_doActivateExtension vscode.npm, startup: false, activationEvent: 'onTerminalQuickFixRequest:ms-vscode.npm-command'
2024-01-19 11:53:19.091 [info] ExtensionService#_doActivateExtension vscode.simple-browser, startup: false, activationEvent: 'onOpenExternalUri:http'
2024-01-19 11:57:30.207 [error] Error: Starting server failed
	at LanguageClient.$start (/home/dylan/.vscode/extensions/svelte.svelte-vscode-108.2.1/node_modules/vscode-languageclient/lib/common/client.js:1083:19)
	at async LanguageClient.sendNotification (/home/dylan/.vscode/extensions/svelte.svelte-vscode-108.2.1/node_modules/vscode-languageclient/lib/common/client.js:381:28)
2024-01-19 11:57:40.969 [error] Error: Starting server failed
	at LanguageClient.$start (/home/dylan/.vscode/extensions/svelte.svelte-vscode-108.2.1/node_modules/vscode-languageclient/lib/common/client.js:1083:19)
	at async LanguageClient.sendNotification (/home/dylan/.vscode/extensions/svelte.svelte-vscode-108.2.1/node_modules/vscode-languageclient/lib/common/client.js:381:28)
2024-01-19 11:59:16.361 [info] ExtensionService#_doActivateExtension vscode.json-language-features, startup: false, activationEvent: 'onLanguage:jsonc'
2024-01-19 11:59:56.379 [info] ExtensionService#_doActivateExtension vscode.html-language-features, startup: false, activationEvent: 'onLanguage:html'
2024-01-19 12:15:21.509 [error] Error: Starting server failed
	at LanguageClient.$start (/home/dylan/.vscode/extensions/svelte.svelte-vscode-108.2.1/node_modules/vscode-languageclient/lib/common/client.js:1083:19)
	at async LanguageClient.sendNotification (/home/dylan/.vscode/extensions/svelte.svelte-vscode-108.2.1/node_modules/vscode-languageclient/lib/common/client.js:381:28)
2024-01-19 12:15:57.309 [error] Error: Starting server failed
	at LanguageClient.$start (/home/dylan/.vscode/extensions/svelte.svelte-vscode-108.2.1/node_modules/vscode-languageclient/lib/common/client.js:1083:19)
	at async LanguageClient.sendNotification (/home/dylan/.vscode/extensions/svelte.svelte-vscode-108.2.1/node_modules/vscode-languageclient/lib/common/client.js:381:28)
2024-01-19 12:16:36.689 [info] ExtensionService#_doActivateExtension vscode.media-preview, startup: false, activationEvent: 'onCustomEditor:imagePreview.previewEditor'
2024-01-19 12:19:24.456 [info] ExtensionService#_doActivateExtension vscode.css-language-features, startup: false, activationEvent: 'onLanguage:css'
2024-01-19 12:57:00.702 [error] Error: Starting server failed
	at LanguageClient.$start (/home/dylan/.vscode/extensions/svelte.svelte-vscode-108.2.1/node_modules/vscode-languageclient/lib/common/client.js:1083:19)
	at async LanguageClient.sendNotification (/home/dylan/.vscode/extensions/svelte.svelte-vscode-108.2.1/node_modules/vscode-languageclient/lib/common/client.js:381:28)
2024-01-19 13:01:06.619 [info] ExtensionService#_doActivateExtension vscode.extension-editing, startup: false, activationEvent: 'onLanguage:json'
2024-01-19 13:01:06.911 [info] ExtensionService#_doActivateExtension vscode.markdown-language-features, startup: false, activationEvent: 'onLanguage:markdown'
2024-01-19 13:10:53.657 [warning] [Decorations] CAPPING events from decorations provider vscode.git 5441
2024-01-19 13:11:00.432 [warning] [Decorations] CAPPING events from decorations provider vscode.git 5441
2024-01-19 13:11:09.585 [warning] [Decorations] CAPPING events from decorations provider vscode.git 5441
2024-01-19 13:21:37.942 [error] Error: Starting server failed
	at LanguageClient.$start (/home/dylan/.vscode/extensions/svelte.svelte-vscode-108.2.1/node_modules/vscode-languageclient/lib/common/client.js:1083:19)
	at async LanguageClient.sendNotification (/home/dylan/.vscode/extensions/svelte.svelte-vscode-108.2.1/node_modules/vscode-languageclient/lib/common/client.js:381:28)
2024-01-19 14:14:52.075 [error] Error: Starting server failed
	at LanguageClient.$start (/home/dylan/.vscode/extensions/svelte.svelte-vscode-108.2.1/node_modules/vscode-languageclient/lib/common/client.js:1083:19)
	at async LanguageClient.sendNotification (/home/dylan/.vscode/extensions/svelte.svelte-vscode-108.2.1/node_modules/vscode-languageclient/lib/common/client.js:381:28)
2024-01-19 14:15:00.121 [error] Error: Starting server failed
	at LanguageClient.$start (/home/dylan/.vscode/extensions/svelte.svelte-vscode-108.2.1/node_modules/vscode-languageclient/lib/common/client.js:1083:19)
	at async LanguageClient.sendNotification (/home/dylan/.vscode/extensions/svelte.svelte-vscode-108.2.1/node_modules/vscode-languageclient/lib/common/client.js:381:28)
2024-01-19 14:36:05.655 [error] [bradlc.vscode-tailwindcss] provider FAILED
2024-01-19 14:36:05.656 [error] TypeError: Cannot read properties of null (reading 'filter')
	at Object.provideDocumentColors (/home/dylan/.vscode/extensions/bradlc.vscode-tailwindcss-0.10.5/dist/extension.js:43:13656)
	at async ge.provideColors (/opt/visual-studio-code/resources/app/out/vs/workbench/api/node/extensionHostProcess.js:143:61153)
2024-01-19 14:36:05.658 [error] [bradlc.vscode-tailwindcss] provider FAILED
2024-01-19 14:36:05.658 [error] TypeError: Cannot read properties of null (reading 'filter')
	at Object.provideDocumentColors (/home/dylan/.vscode/extensions/bradlc.vscode-tailwindcss-0.10.5/dist/extension.js:43:13656)
	at async ge.provideColors (/opt/visual-studio-code/resources/app/out/vs/workbench/api/node/extensionHostProcess.js:143:61153)
2024-01-19 14:36:08.784 [warning] [Decorations] CAPPING events from decorations provider vscode.git 10638
2024-01-19 14:37:29.429 [warning] [Decorations] CAPPING events from decorations provider vscode.git 10554
2024-01-19 14:37:50.184 [warning] [Decorations] CAPPING events from decorations provider vscode.git 10543
2024-01-19 14:38:01.282 [warning] [Decorations] CAPPING events from decorations provider vscode.git 10525
2024-01-19 14:38:21.205 [warning] [Decorations] CAPPING events from decorations provider vscode.git 10528
2024-01-19 14:38:45.713 [warning] [Decorations] CAPPING events from decorations provider vscode.git 10528
2024-01-19 14:39:56.341 [warning] [Decorations] CAPPING events from decorations provider vscode.git 10528
2024-01-19 14:40:01.907 [warning] [Decorations] CAPPING events from decorations provider vscode.git 7412
2024-01-19 14:40:05.021 [info] Extension host terminating: renderer closed the MessagePort
2024-01-19 14:40:05.134 [error] Canceled: Canceled
	at new g (/opt/visual-studio-code/resources/app/out/vs/workbench/api/node/extensionHostProcess.js:141:110274)
	at l.U (/opt/visual-studio-code/resources/app/out/vs/workbench/api/node/extensionHostProcess.js:150:10866)
	at P.<computed>.j.charCodeAt.P.<computed> (/opt/visual-studio-code/resources/app/out/vs/workbench/api/node/extensionHostProcess.js:150:8317)
	at d.g (/opt/visual-studio-code/resources/app/out/vs/workbench/api/node/extensionHostProcess.js:141:139555)
	at d.executeCommand (/opt/visual-studio-code/resources/app/out/vs/workbench/api/node/extensionHostProcess.js:141:138993)
	at p.registerCommand.description (/opt/visual-studio-code/resources/app/out/vs/workbench/api/node/extensionHostProcess.js:141:138317)
	at d.h (/opt/visual-studio-code/resources/app/out/vs/workbench/api/node/extensionHostProcess.js:141:140094)
	at d.g (/opt/visual-studio-code/resources/app/out/vs/workbench/api/node/extensionHostProcess.js:141:139086)
	at d.executeCommand (/opt/visual-studio-code/resources/app/out/vs/workbench/api/node/extensionHostProcess.js:141:138993)
	at Object.executeCommand (/opt/visual-studio-code/resources/app/out/vs/workbench/api/node/extensionHostProcess.js:158:21333)
	at f.I [as value] (/opt/visual-studio-code/resources/app/extensions/git/dist/main.js:2:924696)
	at n.y (/opt/visual-studio-code/resources/app/out/vs/workbench/api/node/extensionHostProcess.js:80:1902)
	at n.z (/opt/visual-studio-code/resources/app/out/vs/workbench/api/node/extensionHostProcess.js:80:1972)
	at n.fire (/opt/visual-studio-code/resources/app/out/vs/workbench/api/node/extensionHostProcess.js:80:2188)
	at Object.m [as dispose] (/opt/visual-studio-code/resources/app/extensions/git/dist/main.js:2:940613)
	at /opt/visual-studio-code/resources/app/extensions/git/dist/main.js:2:945566
	at Array.forEach (<anonymous>)
	at p.dispose (/opt/visual-studio-code/resources/app/extensions/git/dist/main.js:2:945552)
	at u.<anonymous> (/opt/visual-studio-code/resources/app/out/vs/workbench/api/node/extensionHostProcess.js:137:3620)
	at u.dispose (/opt/visual-studio-code/resources/app/out/vs/workbench/api/node/extensionHostProcess.js:137:3717)
	at u.<anonymous> (/opt/visual-studio-code/resources/app/extensions/git/dist/main.js:2:926708)
	at u.dispose (/opt/visual-studio-code/resources/app/out/vs/workbench/api/node/extensionHostProcess.js:137:3717)
	at s (/opt/visual-studio-code/resources/app/out/vs/workbench/api/node/extensionHostProcess.js:30:754)
	at f.cb (/opt/visual-studio-code/resources/app/out/vs/workbench/api/node/extensionHostProcess.js:154:9873)
	at /opt/visual-studio-code/resources/app/out/vs/workbench/api/node/extensionHostProcess.js:154:7808
	at Array.map (<anonymous>)
	at f.Y (/opt/visual-studio-code/resources/app/out/vs/workbench/api/node/extensionHostProcess.js:154:7795)
	at f.terminate (/opt/visual-studio-code/resources/app/out/vs/workbench/api/node/extensionHostProcess.js:154:8068)
	at s.terminate (/opt/visual-studio-code/resources/app/out/vs/workbench/api/node/extensionHostProcess.js:158:1513)
	at a (/opt/visual-studio-code/resources/app/out/vs/workbench/api/node/extensionHostProcess.js:171:9802)
	at MessagePortMain.<anonymous> (/opt/visual-studio-code/resources/app/out/vs/workbench/api/node/extensionHostProcess.js:171:6227)
	at MessagePortMain.emit (node:events:513:28)
	at MessagePortMain._internalPort.emit (node:electron/js2c/utility_init:2:367) setContext undefined
2024-01-19 14:40:05.135 [error] Canceled: Canceled
	at new g (/opt/visual-studio-code/resources/app/out/vs/workbench/api/node/extensionHostProcess.js:141:110274)
	at l.U (/opt/visual-studio-code/resources/app/out/vs/workbench/api/node/extensionHostProcess.js:150:10866)
	at P.<computed>.j.charCodeAt.P.<computed> (/opt/visual-studio-code/resources/app/out/vs/workbench/api/node/extensionHostProcess.js:150:8317)
	at d.g (/opt/visual-studio-code/resources/app/out/vs/workbench/api/node/extensionHostProcess.js:141:139555)
	at d.executeCommand (/opt/visual-studio-code/resources/app/out/vs/workbench/api/node/extensionHostProcess.js:141:138993)
	at p.registerCommand.description (/opt/visual-studio-code/resources/app/out/vs/workbench/api/node/extensionHostProcess.js:141:138317)
	at d.h (/opt/visual-studio-code/resources/app/out/vs/workbench/api/node/extensionHostProcess.js:141:140094)
	at d.g (/opt/visual-studio-code/resources/app/out/vs/workbench/api/node/extensionHostProcess.js:141:139086)
	at d.executeCommand (/opt/visual-studio-code/resources/app/out/vs/workbench/api/node/extensionHostProcess.js:141:138993)
	at Object.executeCommand (/opt/visual-studio-code/resources/app/out/vs/workbench/api/node/extensionHostProcess.js:158:21333)
	at set b [as b] (/opt/visual-studio-code/resources/app/extensions/github/dist/extension.js:2:322364)
	at /opt/visual-studio-code/resources/app/extensions/github/dist/extension.js:2:323005
	at f.value (/opt/visual-studio-code/resources/app/extensions/git/dist/main.js:2:1016450)
	at n.y (/opt/visual-studio-code/resources/app/out/vs/workbench/api/node/extensionHostProcess.js:80:1902)
	at n.z (/opt/visual-studio-code/resources/app/out/vs/workbench/api/node/extensionHostProcess.js:80:1972)
	at n.fire (/opt/visual-studio-code/resources/app/out/vs/workbench/api/node/extensionHostProcess.js:80:2188)
	at Object.m [as dispose] (/opt/visual-studio-code/resources/app/extensions/git/dist/main.js:2:940613)
	at /opt/visual-studio-code/resources/app/extensions/git/dist/main.js:2:945566
	at Array.forEach (<anonymous>)
	at p.dispose (/opt/visual-studio-code/resources/app/extensions/git/dist/main.js:2:945552)
	at u.<anonymous> (/opt/visual-studio-code/resources/app/out/vs/workbench/api/node/extensionHostProcess.js:137:3620)
	at u.dispose (/opt/visual-studio-code/resources/app/out/vs/workbench/api/node/extensionHostProcess.js:137:3717)
	at u.<anonymous> (/opt/visual-studio-code/resources/app/extensions/git/dist/main.js:2:926708)
	at u.dispose (/opt/visual-studio-code/resources/app/out/vs/workbench/api/node/extensionHostProcess.js:137:3717)
	at s (/opt/visual-studio-code/resources/app/out/vs/workbench/api/node/extensionHostProcess.js:30:754)
	at f.cb (/opt/visual-studio-code/resources/app/out/vs/workbench/api/node/extensionHostProcess.js:154:9873)
	at /opt/visual-studio-code/resources/app/out/vs/workbench/api/node/extensionHostProcess.js:154:7808
	at Array.map (<anonymous>)
	at f.Y (/opt/visual-studio-code/resources/app/out/vs/workbench/api/node/extensionHostProcess.js:154:7795)
	at f.terminate (/opt/visual-studio-code/resources/app/out/vs/workbench/api/node/extensionHostProcess.js:154:8068)
	at s.terminate (/opt/visual-studio-code/resources/app/out/vs/workbench/api/node/extensionHostProcess.js:158:1513)
	at a (/opt/visual-studio-code/resources/app/out/vs/workbench/api/node/extensionHostProcess.js:171:9802)
	at MessagePortMain.<anonymous> (/opt/visual-studio-code/resources/app/out/vs/workbench/api/node/extensionHostProcess.js:171:6227)
	at MessagePortMain.emit (node:events:513:28)
	at MessagePortMain._internalPort.emit (node:electron/js2c/utility_init:2:367) setContext undefined
2024-01-19 14:40:05.162 [error] Canceled: Canceled
	at new g (/opt/visual-studio-code/resources/app/out/vs/workbench/api/node/extensionHostProcess.js:141:110274)
	at l.U (/opt/visual-studio-code/resources/app/out/vs/workbench/api/node/extensionHostProcess.js:150:10866)
	at P.<computed>.j.charCodeAt.P.<computed> (/opt/visual-studio-code/resources/app/out/vs/workbench/api/node/extensionHostProcess.js:150:8317)
	at d.g (/opt/visual-studio-code/resources/app/out/vs/workbench/api/node/extensionHostProcess.js:141:139555)
	at d.executeCommand (/opt/visual-studio-code/resources/app/out/vs/workbench/api/node/extensionHostProcess.js:141:138993)
	at p.registerCommand.description (/opt/visual-studio-code/resources/app/out/vs/workbench/api/node/extensionHostProcess.js:141:138317)
	at d.h (/opt/visual-studio-code/resources/app/out/vs/workbench/api/node/extensionHostProcess.js:141:140094)
	at d.g (/opt/visual-studio-code/resources/app/out/vs/workbench/api/node/extensionHostProcess.js:141:139086)
	at d.executeCommand (/opt/visual-studio-code/resources/app/out/vs/workbench/api/node/extensionHostProcess.js:141:138993)
	at Object.executeCommand (/opt/visual-studio-code/resources/app/out/vs/workbench/api/node/extensionHostProcess.js:158:21333)
	at LT (/home/dylan/.vscode/extensions/bradlc.vscode-tailwindcss-0.10.5/dist/extension.js:43:6988)
	at /home/dylan/.vscode/extensions/bradlc.vscode-tailwindcss-0.10.5/dist/extension.js:43:15311
	at er (/home/dylan/.vscode/extensions/bradlc.vscode-tailwindcss-0.10.5/dist/extension.js:4:1357)
	at Zn (/home/dylan/.vscode/extensions/bradlc.vscode-tailwindcss-0.10.5/dist/extension.js:3:6843)
	at Immediate.<anonymous> (/home/dylan/.vscode/extensions/bradlc.vscode-tailwindcss-0.10.5/dist/extension.js:3:6721)
	at process.processImmediate (node:internal/timers:476:21) setContext undefined
2024-01-19 14:40:05.177 [error] Error: Channel has been closed
	at d (/opt/visual-studio-code/resources/app/out/vs/workbench/api/node/extensionHostProcess.js:151:2490)
	at Object.appendLine (/opt/visual-studio-code/resources/app/out/vs/workbench/api/node/extensionHostProcess.js:151:2608)
	at S.logOutputMessage (/opt/visual-studio-code/resources/app/extensions/html-language-features/client/dist/node/htmlClientMain.js:1:264601)
	at S.error (/opt/visual-studio-code/resources/app/extensions/html-language-features/client/dist/node/htmlClientMain.js:1:264492)
	at ChildProcess.<anonymous> (/opt/visual-studio-code/resources/app/extensions/html-language-features/client/dist/node/htmlClientMain.js:1:445481)
	at ChildProcess.emit (node:events:513:28)
	at ChildProcess._handle.onexit (node:internal/child_process:291:12)
2024-01-19 14:40:05.188 [info] Extension host with pid 13440 exiting with code 0
