2024-01-16 10:43:27.803 [info] Extension host with pid 90033 started
2024-01-16 10:43:27.872 [info] ExtensionService#_doActivateExtension vscode.git-base, startup: true, activationEvent: '*', root cause: vscode.git
2024-01-16 10:43:27.892 [info] ExtensionService#_doActivateExtension vscode.git, startup: true, activationEvent: '*'
2024-01-16 10:43:27.929 [info] ExtensionService#_doActivateExtension vscode.github, startup: true, activationEvent: '*'
2024-01-16 10:43:28.027 [info] Eager extensions activated
2024-01-16 10:43:28.062 [info] ExtensionService#_doActivateExtension vscode.debug-auto-launch, startup: false, activationEvent: 'onStartupFinished'
2024-01-16 10:43:28.067 [info] ExtensionService#_doActivateExtension vscode.merge-conflict, startup: false, activationEvent: 'onStartupFinished'
2024-01-16 10:43:43.648 [info] Extension host terminating: renderer closed the MessagePort
2024-01-16 10:43:43.680 [info] Extension host with pid 90033 exiting with code 0
2024-01-16 10:43:45.240 [info] Extension host with pid 90252 started
2024-01-16 10:43:45.240 [info] Skipping acquiring lock for /home/dylan/.config/Code/User/workspaceStorage/a852da8a28cd84293c5a49031f756891.
2024-01-16 10:43:45.284 [info] ExtensionService#_doActivateExtension vscode.git-base, startup: true, activationEvent: '*', root cause: vscode.git
2024-01-16 10:43:45.364 [info] ExtensionService#_doActivateExtension vscode.git, startup: true, activationEvent: '*'
2024-01-16 10:43:45.402 [info] ExtensionService#_doActivateExtension vscode.github, startup: true, activationEvent: '*'
2024-01-16 10:43:45.501 [info] Eager extensions activated
2024-01-16 10:43:45.566 [info] ExtensionService#_doActivateExtension vscode.debug-auto-launch, startup: false, activationEvent: 'onStartupFinished'
2024-01-16 10:43:45.571 [info] ExtensionService#_doActivateExtension vscode.merge-conflict, startup: false, activationEvent: 'onStartupFinished'
2024-01-16 10:43:45.990 [info] ExtensionService#_doActivateExtension vscode.github-authentication, startup: false, activationEvent: 'onAuthenticationRequest:github'
2024-01-16 10:45:34.048 [info] ExtensionService#_doActivateExtension vscode.typescript-language-features, startup: false, activationEvent: 'onLanguage:typescript'
2024-01-16 10:45:34.192 [info] ExtensionService#_doActivateExtension vscode.emmet, startup: false, activationEvent: 'onLanguage'
2024-01-16 10:45:39.237 [info] ExtensionService#_doActivateExtension vscode.json-language-features, startup: false, activationEvent: 'onLanguage:jsonc'
2024-01-16 10:45:42.172 [warning] vscode.json-language-features - Code actions of kind 'quickfix 'requested but returned code action is of kind 'source.sort.json'. Code action will be dropped. Please check 'CodeActionContext.only' to only return requested code actions.
2024-01-16 10:45:42.995 [warning] vscode.json-language-features - Code actions of kind 'quickfix 'requested but returned code action is of kind 'source.sort.json'. Code action will be dropped. Please check 'CodeActionContext.only' to only return requested code actions.
2024-01-16 10:46:29.348 [info] ExtensionService#_doActivateExtension vscode.simple-browser, startup: false, activationEvent: 'onOpenExternalUri:http'
2024-01-16 10:47:46.835 [info] ExtensionService#_doActivateExtension svelte.svelte-vscode, startup: false, activationEvent: 'onLanguage:svelte'
2024-01-16 10:50:56.322 [info] ExtensionService#_doActivateExtension vscode.npm, startup: false, activationEvent: 'onTerminalQuickFixRequest:ms-vscode.npm-command'
2024-01-16 10:51:42.660 [error] Error: Starting server failed
	at LanguageClient.$start (/home/dylan/.vscode/extensions/svelte.svelte-vscode-108.2.1/node_modules/vscode-languageclient/lib/common/client.js:1083:19)
	at async LanguageClient.sendNotification (/home/dylan/.vscode/extensions/svelte.svelte-vscode-108.2.1/node_modules/vscode-languageclient/lib/common/client.js:381:28)
2024-01-16 10:51:50.975 [error] Error: Starting server failed
	at LanguageClient.$start (/home/dylan/.vscode/extensions/svelte.svelte-vscode-108.2.1/node_modules/vscode-languageclient/lib/common/client.js:1083:19)
	at async LanguageClient.sendNotification (/home/dylan/.vscode/extensions/svelte.svelte-vscode-108.2.1/node_modules/vscode-languageclient/lib/common/client.js:381:28)
2024-01-16 10:51:55.604 [error] Error: Starting server failed
	at LanguageClient.$start (/home/dylan/.vscode/extensions/svelte.svelte-vscode-108.2.1/node_modules/vscode-languageclient/lib/common/client.js:1083:19)
	at async LanguageClient.sendNotification (/home/dylan/.vscode/extensions/svelte.svelte-vscode-108.2.1/node_modules/vscode-languageclient/lib/common/client.js:381:28)
2024-01-16 10:52:32.939 [info] ExtensionService#_doActivateExtension vscode.css-language-features, startup: false, activationEvent: 'onLanguage:css'
2024-01-16 11:06:28.655 [info] ExtensionService#_doActivateExtension bradlc.vscode-tailwindcss, startup: false, activationEvent: 'onStartupFinished'
2024-01-16 11:19:56.886 [info] ExtensionService#_doActivateExtension vscode.media-preview, startup: false, activationEvent: 'onCustomEditor:imagePreview.previewEditor'
2024-01-17 10:07:17.716 [info] ExtensionService#_doActivateExtension vscode.extension-editing, startup: false, activationEvent: 'onLanguage:json'
2024-01-17 10:14:37.266 [error] [bradlc.vscode-tailwindcss] provider FAILED
2024-01-17 10:14:37.267 [error] TypeError: Cannot read properties of undefined (reading 'filter')
	at Object.provideDocumentColors (/home/dylan/.vscode/extensions/bradlc.vscode-tailwindcss-0.10.5/dist/extension.js:43:13656)
	at async ge.provideColors (/opt/visual-studio-code/resources/app/out/vs/workbench/api/node/extensionHostProcess.js:143:61153)
2024-01-17 10:14:52.788 [error] [bradlc.vscode-tailwindcss] provider FAILED
2024-01-17 10:14:52.789 [error] TypeError: Cannot read properties of undefined (reading 'filter')
	at Object.provideDocumentColors (/home/dylan/.vscode/extensions/bradlc.vscode-tailwindcss-0.10.5/dist/extension.js:43:13656)
	at async ge.provideColors (/opt/visual-studio-code/resources/app/out/vs/workbench/api/node/extensionHostProcess.js:143:61153)
2024-01-17 10:15:38.727 [error] [bradlc.vscode-tailwindcss] provider FAILED
2024-01-17 10:15:38.727 [error] TypeError: Cannot read properties of undefined (reading 'filter')
	at Object.provideDocumentColors (/home/dylan/.vscode/extensions/bradlc.vscode-tailwindcss-0.10.5/dist/extension.js:43:13656)
	at async ge.provideColors (/opt/visual-studio-code/resources/app/out/vs/workbench/api/node/extensionHostProcess.js:143:61153)
