2024-03-27 15:14:25.502 [info] Deleted uninstalled extension from disk rust-lang.rust-analyzer /home/dylan/.vscode/extensions/rust-lang.rust-analyzer-0.3.1815-linux-x64
2024-03-27 15:14:25.742 [info] Deleted uninstalled extension from disk svelte.svelte-vscode /home/dylan/.vscode/extensions/svelte.svelte-vscode-108.2.1
2024-03-27 15:14:29.005 [info] Getting Manifest... rust-lang.rust-analyzer
2024-03-27 15:14:29.009 [info] Getting Manifest... svelte.svelte-vscode
2024-03-27 15:14:29.092 [info] Installing extension: rust-lang.rust-analyzer
2024-03-27 15:14:29.106 [info] Installing extension: svelte.svelte-vscode
2024-03-27 15:14:30.422 [warning] Extension signature verification failed with error 'UnknownError': svelte.svelte-vscode
2024-03-27 15:14:30.450 [warning] Extension signature verification failed with error 'UnknownError': rust-lang.rust-analyzer
2024-03-27 15:14:31.397 [info] Extracted extension to file:///home/dylan/.vscode/extensions/rust-lang.rust-analyzer-0.3.1896-linux-x64: rust-lang.rust-analyzer
2024-03-27 15:14:31.410 [info] Renamed to /home/dylan/.vscode/extensions/rust-lang.rust-analyzer-0.3.1896-linux-x64
2024-03-27 15:14:31.415 [info] Extracting extension completed. rust-lang.rust-analyzer
2024-03-27 15:14:31.466 [info] Extension installed successfully: rust-lang.rust-analyzer
2024-03-27 15:14:31.474 [info] Marked extension as uninstalled rust-lang.rust-analyzer-0.3.1839-linux-x64
2024-03-27 15:14:31.500 [error] [uncaught exception in sharedProcess]: Error: ENOENT: no such file or directory, stat '/home/dylan/.vscode/extensions/extensions.json.vsctmp': EntryNotFound (FileSystemError): Error: ENOENT: no such file or directory, stat '/home/dylan/.vscode/extensions/extensions.json.vsctmp'
    at r.create (/opt/visual-studio-code/resources/app/out/vs/code/node/sharedProcess/sharedProcessMain.js:51:30056)
    at a (/opt/visual-studio-code/resources/app/out/vs/code/node/sharedProcess/sharedProcessMain.js:51:30170)
    at s.fb (/opt/visual-studio-code/resources/app/out/vs/code/node/sharedProcess/sharedProcessMain.js:56:36175)
    at s.stat (/opt/visual-studio-code/resources/app/out/vs/code/node/sharedProcess/sharedProcessMain.js:56:28621)
    at async E.stat (/opt/visual-studio-code/resources/app/out/vs/code/node/sharedProcess/sharedProcessMain.js:56:15732)
    at async Y.tb (/opt/visual-studio-code/resources/app/out/vs/code/node/sharedProcess/sharedProcessMain.js:100:111319)
2024-03-27 15:14:33.728 [info] Extracted extension to file:///home/dylan/.vscode/extensions/svelte.svelte-vscode-108.3.3: svelte.svelte-vscode
2024-03-27 15:14:33.748 [info] Renamed to /home/dylan/.vscode/extensions/svelte.svelte-vscode-108.3.3
2024-03-27 15:14:33.751 [info] Extracting extension completed. svelte.svelte-vscode
2024-03-27 15:14:33.764 [info] Extension installed successfully: svelte.svelte-vscode
2024-03-27 15:14:33.771 [info] Marked extension as uninstalled svelte.svelte-vscode-108.2.2
2024-03-27 15:14:33.839 [error] [uncaught exception in sharedProcess]: Error: ENOENT: no such file or directory, stat '/home/dylan/.vscode/extensions/extensions.json.vsctmp': EntryNotFound (FileSystemError): Error: ENOENT: no such file or directory, stat '/home/dylan/.vscode/extensions/extensions.json.vsctmp'
    at r.create (/opt/visual-studio-code/resources/app/out/vs/code/node/sharedProcess/sharedProcessMain.js:51:30056)
    at a (/opt/visual-studio-code/resources/app/out/vs/code/node/sharedProcess/sharedProcessMain.js:51:30170)
    at s.fb (/opt/visual-studio-code/resources/app/out/vs/code/node/sharedProcess/sharedProcessMain.js:56:36175)
    at s.stat (/opt/visual-studio-code/resources/app/out/vs/code/node/sharedProcess/sharedProcessMain.js:56:28621)
    at async E.stat (/opt/visual-studio-code/resources/app/out/vs/code/node/sharedProcess/sharedProcessMain.js:56:15732)
    at async Y.tb (/opt/visual-studio-code/resources/app/out/vs/code/node/sharedProcess/sharedProcessMain.js:100:111319)
