2025-02-04 10:20:22.616 [warning] Via 'product.json#extensionEnabledApiProposals' extension 'ms-vscode.vscode-selfhost-test-provider' wants API proposal 'attributableCoverage' but that proposal DOES NOT EXIST. Likely, the proposal has been finalized (check 'vscode.d.ts') or was abandoned.
2025-02-04 10:20:22.617 [warning] Via 'product.json#extensionEnabledApiProposals' extension 'ms-python.python' wants API proposal 'contribIssueReporter' but that proposal DOES NOT EXIST. Likely, the proposal has been finalized (check 'vscode.d.ts') or was abandoned.
2025-02-04 10:20:22.617 [warning] Via 'product.json#extensionEnabledApiProposals' extension 'ms-python.debugpy' wants API proposal 'contribIssueReporter' but that proposal DOES NOT EXIST. Likely, the proposal has been finalized (check 'vscode.d.ts') or was abandoned.
2025-02-04 10:20:22.994 [info] Started local extension host with pid 45048.
2025-02-04 10:20:24.231 [info] Settings Sync: Account status changed from uninitialized to unavailable
2025-02-04 10:20:25.793 [info] [perf] Render performance baseline is 40ms
2025-02-04 10:20:29.334 [error] Timed out waiting for authentication provider to register
2025-02-04 10:20:40.139 [warning] Via 'product.json#extensionEnabledApiProposals' extension 'ms-vscode.vscode-selfhost-test-provider' wants API proposal 'attributableCoverage' but that proposal DOES NOT EXIST. Likely, the proposal has been finalized (check 'vscode.d.ts') or was abandoned.
2025-02-04 10:20:40.139 [warning] Via 'product.json#extensionEnabledApiProposals' extension 'ms-python.python' wants API proposal 'contribIssueReporter' but that proposal DOES NOT EXIST. Likely, the proposal has been finalized (check 'vscode.d.ts') or was abandoned.
2025-02-04 10:20:40.139 [warning] Via 'product.json#extensionEnabledApiProposals' extension 'ms-python.debugpy' wants API proposal 'contribIssueReporter' but that proposal DOES NOT EXIST. Likely, the proposal has been finalized (check 'vscode.d.ts') or was abandoned.
2025-02-04 10:20:40.438 [info] Started local extension host with pid 45116.
2025-02-04 10:20:41.438 [info] Settings Sync: Account status changed from uninitialized to unavailable
2025-02-04 10:20:43.206 [info] [perf] Render performance baseline is 45ms
2025-02-04 10:20:46.939 [error] Timed out waiting for authentication provider to register
2025-02-04 15:22:39.848 [error] [text file model] handleSaveError(2) - exit - resulted in a save error: Error: Unable to write file '/home/dylan/sdrtrunk-pkg/result/bin/sdr-trunk' (Unknown (FileSystemError): Error: EROFS: read-only file system, open '/home/dylan/sdrtrunk-pkg/result/bin/sdr-trunk') file:///home/dylan/sdrtrunk-pkg/result/bin/sdr-trunk
2025-02-04 15:22:52.568 [error] Unable to read file '/home/dylan/sdrtrunk-pkg/result/bin/sdr-trunk' (Error: File not modified since): Error: Unable to read file '/home/dylan/sdrtrunk-pkg/result/bin/sdr-trunk' (Error: File not modified since)
    at _ot.F (vscode-file://vscode-app/nix/store/67ag6r2yl2xqjxn4qan53qvx1sqz8n7j-vscode-1.96.4/lib/vscode/resources/app/out/vs/workbench/workbench.desktop.main.js:3108:64581)
    at _ot.D (vscode-file://vscode-app/nix/store/67ag6r2yl2xqjxn4qan53qvx1sqz8n7j-vscode-1.96.4/lib/vscode/resources/app/out/vs/workbench/workbench.desktop.main.js:3108:64490)
    at async iat.M (vscode-file://vscode-app/nix/store/67ag6r2yl2xqjxn4qan53qvx1sqz8n7j-vscode-1.96.4/lib/vscode/resources/app/out/vs/workbench/workbench.desktop.main.js:3109:9121)
    at async iat.readStream (vscode-file://vscode-app/nix/store/67ag6r2yl2xqjxn4qan53qvx1sqz8n7j-vscode-1.96.4/lib/vscode/resources/app/out/vs/workbench/workbench.desktop.main.js:3109:8896)
    at async Nfe.Db (vscode-file://vscode-app/nix/store/67ag6r2yl2xqjxn4qan53qvx1sqz8n7j-vscode-1.96.4/lib/vscode/resources/app/out/vs/workbench/workbench.desktop.main.js:1295:11960)
    at async Nfe.resolve (vscode-file://vscode-app/nix/store/67ag6r2yl2xqjxn4qan53qvx1sqz8n7j-vscode-1.96.4/lib/vscode/resources/app/out/vs/workbench/workbench.desktop.main.js:1295:10435)
    at async vscode-file://vscode-app/nix/store/67ag6r2yl2xqjxn4qan53qvx1sqz8n7j-vscode-1.96.4/lib/vscode/resources/app/out/vs/workbench/workbench.desktop.main.js:3109:5480
2025-02-04 15:49:27.303 [error] [text file model] handleSaveError(16) - exit - resulted in a save error: Error: Unable to write file '/home/dylan/sdrtrunk-pkg/result/bin/sdr-trunk' (Unknown (FileSystemError): Error: EROFS: read-only file system, open '/home/dylan/sdrtrunk-pkg/result/bin/sdr-trunk') file:///home/dylan/sdrtrunk-pkg/result/bin/sdr-trunk
2025-02-04 15:49:31.467 [error] [text file model] handleSaveError(18) - exit - resulted in a save error: Error: Unable to write file '/home/dylan/sdrtrunk-pkg/result/bin/sdr-trunk' (Unknown (FileSystemError): Error: EROFS: read-only file system, open '/home/dylan/sdrtrunk-pkg/result/bin/sdr-trunk') file:///home/dylan/sdrtrunk-pkg/result/bin/sdr-trunk
2025-02-04 15:49:36.739 [error] Unable to read file '/home/dylan/sdrtrunk-pkg/result/bin/sdr-trunk' (Error: File not modified since): Error: Unable to read file '/home/dylan/sdrtrunk-pkg/result/bin/sdr-trunk' (Error: File not modified since)
    at _ot.F (vscode-file://vscode-app/nix/store/67ag6r2yl2xqjxn4qan53qvx1sqz8n7j-vscode-1.96.4/lib/vscode/resources/app/out/vs/workbench/workbench.desktop.main.js:3108:64581)
    at _ot.D (vscode-file://vscode-app/nix/store/67ag6r2yl2xqjxn4qan53qvx1sqz8n7j-vscode-1.96.4/lib/vscode/resources/app/out/vs/workbench/workbench.desktop.main.js:3108:64490)
    at async iat.M (vscode-file://vscode-app/nix/store/67ag6r2yl2xqjxn4qan53qvx1sqz8n7j-vscode-1.96.4/lib/vscode/resources/app/out/vs/workbench/workbench.desktop.main.js:3109:9121)
    at async iat.readStream (vscode-file://vscode-app/nix/store/67ag6r2yl2xqjxn4qan53qvx1sqz8n7j-vscode-1.96.4/lib/vscode/resources/app/out/vs/workbench/workbench.desktop.main.js:3109:8896)
    at async Nfe.Db (vscode-file://vscode-app/nix/store/67ag6r2yl2xqjxn4qan53qvx1sqz8n7j-vscode-1.96.4/lib/vscode/resources/app/out/vs/workbench/workbench.desktop.main.js:1295:11960)
    at async Nfe.resolve (vscode-file://vscode-app/nix/store/67ag6r2yl2xqjxn4qan53qvx1sqz8n7j-vscode-1.96.4/lib/vscode/resources/app/out/vs/workbench/workbench.desktop.main.js:1295:10435)
    at async vscode-file://vscode-app/nix/store/67ag6r2yl2xqjxn4qan53qvx1sqz8n7j-vscode-1.96.4/lib/vscode/resources/app/out/vs/workbench/workbench.desktop.main.js:3109:5480
2025-02-04 16:48:01.368 [error] EACCES: permission denied, open '/home/dylan/sdrtrunk-pkg/result/lib/sdr-trunk-0.6.1.jar': Error: EACCES: permission denied, open '/home/dylan/sdrtrunk-pkg/result/lib/sdr-trunk-0.6.1.jar'
	at async Object.open (node:internal/fs/promises:641:25)
	at async Hs.process (/nix/store/agbp499x4n0vi325xgp5ra03zwh154h3-vscode-extension-ms-vscode-hexeditor-1.9.11/share/vscode/extensions/ms-vscode.hexeditor/dist/extension.js:50:9379)
2025-02-04 16:48:01.369 [error] Error: EACCES: permission denied, open '/home/dylan/sdrtrunk-pkg/result/lib/sdr-trunk-0.6.1.jar'
	at async Object.open (node:internal/fs/promises:641:25)
	at async Hs.process (/nix/store/agbp499x4n0vi325xgp5ra03zwh154h3-vscode-extension-ms-vscode-hexeditor-1.9.11/share/vscode/extensions/ms-vscode.hexeditor/dist/extension.js:50:9379)
