2025-02-04 10:20:22.891 [info] Added views:outline in workbench.view.explorer
2025-02-04 10:20:22.891 [info] Added views:workbench.view.search in workbench.view.search
2025-02-04 10:20:22.891 [info] Added views:workbench.scm in workbench.view.scm
2025-02-04 10:20:22.891 [info] Added views:workbench.panel.markers.view in workbench.panel.markers
2025-02-04 10:20:22.891 [info] Added views:workbench.panel.output in workbench.panel.output
2025-02-04 10:20:22.891 [info] Added views:terminal in terminal
2025-02-04 10:20:22.891 [info] Added views:timeline in workbench.view.explorer
2025-02-04 10:20:22.891 [info] Added views:workbench.explorer.emptyView in workbench.view.explorer
2025-02-04 10:20:23.608 [info] Added views:flat-source-view,help-and-feedback-view in workbench.view.explorer
2025-02-04 10:20:23.844 [info] Added views:workbench.debug.variablesView,workbench.debug.watchExpressionsView,workbench.debug.callStackView,workbench.debug.breakPointsView in workbench.view.debug
2025-02-04 10:20:24.003 [info] Added views:workbench.panel.repl.view in workbench.panel.repl
2025-02-04 10:20:24.003 [info] Removed views:workbench.debug.breakPointsView,workbench.debug.callStackView,workbench.debug.watchExpressionsView,workbench.debug.variablesView from workbench.view.debug
2025-02-04 10:20:24.004 [info] Added views:workbench.debug.welcome in workbench.view.debug
2025-02-04 10:20:24.093 [info] Added views:~remote.forwardedPorts in ~remote.forwardedPortsContainer
2025-02-04 10:20:40.371 [info] Added views:outline in workbench.view.explorer
2025-02-04 10:20:40.371 [info] Added views:workbench.view.search in workbench.view.search
2025-02-04 10:20:40.371 [info] Added views:workbench.scm in workbench.view.scm
2025-02-04 10:20:40.371 [info] Added views:workbench.panel.markers.view in workbench.panel.markers
2025-02-04 10:20:40.371 [info] Added views:workbench.panel.output in workbench.panel.output
2025-02-04 10:20:40.371 [info] Added views:terminal in terminal
2025-02-04 10:20:40.371 [info] Added views:timeline in workbench.view.explorer
2025-02-04 10:20:40.371 [info] Added views:workbench.explorer.fileView in workbench.view.explorer
2025-02-04 10:20:41.044 [info] Added views:flat-source-view,help-and-feedback-view in workbench.view.explorer
2025-02-04 10:20:41.199 [info] Added views:workbench.debug.variablesView,workbench.debug.watchExpressionsView,workbench.debug.callStackView,workbench.debug.breakPointsView in workbench.view.debug
2025-02-04 10:20:41.293 [info] Added views:~remote.forwardedPorts in ~remote.forwardedPortsContainer
2025-02-04 10:20:41.572 [info] Added views:workbench.panel.repl.view in workbench.panel.repl
2025-02-04 10:20:41.576 [info] Removed views:workbench.debug.breakPointsView,workbench.debug.callStackView,workbench.debug.watchExpressionsView,workbench.debug.variablesView from workbench.view.debug
2025-02-04 10:20:41.577 [info] Added views:workbench.debug.welcome in workbench.view.debug
