[Global] Creating projects: [{"folder":"/home/dylan/Seafile/My Library/Temp_Git_Files/bigdale123.github.io","configPath":"/home/dylan/Seafile/My Library/Temp_Git_Files/bigdale123.github.io/dev/tailwind.config.js","isUserConfigured":false,"documentSelector":[{"pattern":"/home/dylan/Seafile/My Library/Temp_Git_Files/bigdale123.github.io/dev/tailwind.config.js","priority":0},{"pattern":"/home/dylan/Seafile/My Library/Temp_Git_Files/bigdale123.github.io/dev/**","priority":3},{"pattern":"/home/dylan/Seafile/My Library/Temp_Git_Files/bigdale123.github.io/**","priority":5}]}]
[Global] Adding watch patterns: /home/dylan/Seafile/My Library/Temp_Git_Files/bigdale123.github.io/dev/tailwind.config.js, /home/dylan/Seafile/My Library/Temp_Git_Files/bigdale123.github.io/dev, /home/dylan/Seafile/My Library/Temp_Git_Files/bigdale123.github.io
[dev/tailwind.config.js] Initializing...
[dev/tailwind.config.js] Loaded Tailwind CSS config file: /home/dylan/Seafile/My Library/Temp_Git_Files/bigdale123.github.io/dev/tailwind.config.js
[dev/tailwind.config.js] Loaded postcss v8.4.33: /home/dylan/Seafile/My Library/Temp_Git_Files/bigdale123.github.io/dev/node_modules/postcss
[dev/tailwind.config.js] Loaded tailwindcss v3.4.1: /home/dylan/Seafile/My Library/Temp_Git_Files/bigdale123.github.io/dev/node_modules/tailwindcss
[dev/tailwind.config.js] Building...
[dev/tailwind.config.js] File changed: /home/dylan/Seafile/My Library/Temp_Git_Files/bigdale123.github.io/dev/package-lock.json
[dev/tailwind.config.js] Initializing...
[dev/tailwind.config.js] File changed: /home/dylan/Seafile/My Library/Temp_Git_Files/bigdale123.github.io/dev/tailwind.config.js
[dev/tailwind.config.js] File changed: /home/dylan/Seafile/My Library/Temp_Git_Files/bigdale123.github.io/dev/package-lock.json
[dev/tailwind.config.js] Initializing...
[dev/tailwind.config.js] Loaded Tailwind CSS config file: /home/dylan/Seafile/My Library/Temp_Git_Files/bigdale123.github.io/dev/tailwind.config.js
[dev/tailwind.config.js] Loaded postcss v8.4.33: /home/dylan/Seafile/My Library/Temp_Git_Files/bigdale123.github.io/dev/node_modules/postcss
[dev/tailwind.config.js] Loaded tailwindcss v3.4.1: /home/dylan/Seafile/My Library/Temp_Git_Files/bigdale123.github.io/dev/node_modules/tailwindcss
[dev/tailwind.config.js] Building...
[dev/tailwind.config.js] File changed: /home/dylan/Seafile/My Library/Temp_Git_Files/bigdale123.github.io/dev/tailwind.config.js
[dev/tailwind.config.js] File changed: /home/dylan/Seafile/My Library/Temp_Git_Files/bigdale123.github.io/dev/package-lock.json
[dev/tailwind.config.js] Initializing...
[dev/tailwind.config.js] Loaded Tailwind CSS config file: /home/dylan/Seafile/My Library/Temp_Git_Files/bigdale123.github.io/dev/tailwind.config.js
[dev/tailwind.config.js] Loaded postcss v8.4.33: /home/dylan/Seafile/My Library/Temp_Git_Files/bigdale123.github.io/dev/node_modules/postcss
[dev/tailwind.config.js] Loaded tailwindcss v3.4.1: /home/dylan/Seafile/My Library/Temp_Git_Files/bigdale123.github.io/dev/node_modules/tailwindcss
[dev/tailwind.config.js] Building...
----------
RESTARTING
----------
[Global] Creating projects: [{"folder":"/home/dylan/Seafile/My Library/Temp_Git_Files/bigdale123.github.io","configPath":"/home/dylan/Seafile/My Library/Temp_Git_Files/bigdale123.github.io/tailwind.config.js","isUserConfigured":false,"documentSelector":[{"pattern":"/home/dylan/Seafile/My Library/Temp_Git_Files/bigdale123.github.io/tailwind.config.js","priority":0},{"pattern":"/home/dylan/Seafile/My Library/Temp_Git_Files/bigdale123.github.io/**","priority":3}]}]
[Global] Adding watch patterns: /home/dylan/Seafile/My Library/Temp_Git_Files/bigdale123.github.io/tailwind.config.js, /home/dylan/Seafile/My Library/Temp_Git_Files/bigdale123.github.io
[tailwind.config.js] Initializing...
[tailwind.config.js] Loaded Tailwind CSS config file: /home/dylan/Seafile/My Library/Temp_Git_Files/bigdale123.github.io/tailwind.config.js
[tailwind.config.js] Loaded postcss v8.4.33: /home/dylan/Seafile/My Library/Temp_Git_Files/bigdale123.github.io/node_modules/postcss
[tailwind.config.js] Loaded tailwindcss v3.4.1: /home/dylan/Seafile/My Library/Temp_Git_Files/bigdale123.github.io/node_modules/tailwindcss
[tailwind.config.js] Building...
----------
RESTARTING
----------
[Global] Creating projects: []
----------
RESTARTING
----------
[Global] Creating projects: [{"folder":"/home/dylan/Seafile/My Library/Temp_Git_Files/bigdale123.github.io","configPath":"/home/dylan/Seafile/My Library/Temp_Git_Files/bigdale123.github.io/tailwind.config.js","isUserConfigured":false,"documentSelector":[{"pattern":"/home/dylan/Seafile/My Library/Temp_Git_Files/bigdale123.github.io/tailwind.config.js","priority":0},{"pattern":"/home/dylan/Seafile/My Library/Temp_Git_Files/bigdale123.github.io/**","priority":3}]}]
[Global] Adding watch patterns: /home/dylan/Seafile/My Library/Temp_Git_Files/bigdale123.github.io/tailwind.config.js, /home/dylan/Seafile/My Library/Temp_Git_Files/bigdale123.github.io
[tailwind.config.js] Initializing...
[tailwind.config.js] Loaded Tailwind CSS config file: /home/dylan/Seafile/My Library/Temp_Git_Files/bigdale123.github.io/tailwind.config.js
[tailwind.config.js] Loaded postcss v8.4.33: /home/dylan/Seafile/My Library/Temp_Git_Files/bigdale123.github.io/node_modules/postcss
[tailwind.config.js] Loaded tailwindcss v3.4.1: /home/dylan/Seafile/My Library/Temp_Git_Files/bigdale123.github.io/node_modules/tailwindcss
[tailwind.config.js] Building...
----------
RESTARTING
----------
[Global] Creating projects: [{"folder":"/home/dylan/Seafile/My Library/Temp_Git_Files/bigdale123.github.io","configPath":"/home/dylan/Seafile/My Library/Temp_Git_Files/bigdale123.github.io/tailwind.config.cjs","isUserConfigured":false,"documentSelector":[{"pattern":"/home/dylan/Seafile/My Library/Temp_Git_Files/bigdale123.github.io/tailwind.config.cjs","priority":0},{"pattern":"/home/dylan/Seafile/My Library/Temp_Git_Files/bigdale123.github.io/src/**/*.{html,js,svelte,ts}","priority":1},{"pattern":"/home/dylan/Seafile/My Library/Temp_Git_Files/bigdale123.github.io/**","priority":3}]},{"folder":"/home/dylan/Seafile/My Library/Temp_Git_Files/bigdale123.github.io","configPath":"/home/dylan/Seafile/My Library/Temp_Git_Files/bigdale123.github.io/tailwind.config.js","isUserConfigured":false,"documentSelector":[{"pattern":"/home/dylan/Seafile/My Library/Temp_Git_Files/bigdale123.github.io/tailwind.config.js","priority":0},{"pattern":"/home/dylan/Seafile/My Library/Temp_Git_Files/bigdale123.github.io/**","priority":3}]}]
[Global] Adding watch patterns: /home/dylan/Seafile/My Library/Temp_Git_Files/bigdale123.github.io/tailwind.config.cjs, /home/dylan/Seafile/My Library/Temp_Git_Files/bigdale123.github.io
[Global] Adding watch patterns: /home/dylan/Seafile/My Library/Temp_Git_Files/bigdale123.github.io/tailwind.config.js
[tailwind.config.cjs] Initializing...
[tailwind.config.cjs] Loaded Tailwind CSS config file: /home/dylan/Seafile/My Library/Temp_Git_Files/bigdale123.github.io/tailwind.config.cjs
[tailwind.config.cjs] Loaded postcss v8.4.33: /home/dylan/Seafile/My Library/Temp_Git_Files/bigdale123.github.io/node_modules/postcss
[tailwind.config.cjs] Loaded tailwindcss v3.4.1: /home/dylan/Seafile/My Library/Temp_Git_Files/bigdale123.github.io/node_modules/tailwindcss
[tailwind.config.cjs] Building...
[tailwind.config.cjs] File changed: /home/dylan/Seafile/My Library/Temp_Git_Files/bigdale123.github.io/package-lock.json
[tailwind.config.cjs] Initializing...
[tailwind.config.js] Initializing...
[tailwind.config.js] Loaded Tailwind CSS config file: /home/dylan/Seafile/My Library/Temp_Git_Files/bigdale123.github.io/tailwind.config.js
[tailwind.config.js] Loaded postcss v8.4.33: /home/dylan/Seafile/My Library/Temp_Git_Files/bigdale123.github.io/node_modules/postcss
[tailwind.config.js] Loaded tailwindcss v3.4.1: /home/dylan/Seafile/My Library/Temp_Git_Files/bigdale123.github.io/node_modules/tailwindcss
[tailwind.config.js] Building...
----------
RESTARTING
----------
[Global] Creating projects: []
----------
RESTARTING
----------
[Global] Creating projects: [{"folder":"/home/dylan/Seafile/My Library/Temp_Git_Files/bigdale123.github.io","configPath":"/home/dylan/Seafile/My Library/Temp_Git_Files/bigdale123.github.io/tailwind.config.cjs","isUserConfigured":false,"documentSelector":[{"pattern":"/home/dylan/Seafile/My Library/Temp_Git_Files/bigdale123.github.io/tailwind.config.cjs","priority":0},{"pattern":"/home/dylan/Seafile/My Library/Temp_Git_Files/bigdale123.github.io/src/**/*.{html,js,svelte,ts}","priority":1},{"pattern":"/home/dylan/Seafile/My Library/Temp_Git_Files/bigdale123.github.io/**","priority":3}]}]
[Global] Adding watch patterns: /home/dylan/Seafile/My Library/Temp_Git_Files/bigdale123.github.io/tailwind.config.cjs, /home/dylan/Seafile/My Library/Temp_Git_Files/bigdale123.github.io
[tailwind.config.cjs] Initializing...
[tailwind.config.cjs] Failed to load workspace modules.
[tailwind.config.cjs] Using bundled version of `tailwindcss`: v3.4.1
[tailwind.config.cjs] Using bundled version of `postcss`: v8.4.31
[tailwind.config.cjs] Building...
[tailwind.config.cjs] File created: /home/dylan/Seafile/My Library/Temp_Git_Files/bigdale123.github.io/package-lock.json
[tailwind.config.cjs] Initializing...
[tailwind.config.cjs] Loaded Tailwind CSS config file: /home/dylan/Seafile/My Library/Temp_Git_Files/bigdale123.github.io/tailwind.config.cjs
[tailwind.config.cjs] Loaded postcss v8.4.33: /home/dylan/Seafile/My Library/Temp_Git_Files/bigdale123.github.io/node_modules/postcss
[tailwind.config.cjs] Loaded tailwindcss v3.4.1: /home/dylan/Seafile/My Library/Temp_Git_Files/bigdale123.github.io/node_modules/tailwindcss
[tailwind.config.cjs] Building...
