Initialize language server at  file:///home/dylan/Seafile/My%20Library/Temp_Git_Files/bigdale123.github.io
Initialize new ts service at  /home/dylan/Seafile/My Library/Temp_Git_Files/bigdale123.github.io/jsconfig.json
Trying to load configs for /home/dylan/Seafile/My Library/Temp_Git_Files/bigdale123.github.io
Loaded config at  /home/dylan/Seafile/My Library/Temp_Git_Files/bigdale123.github.io/svelte.config.js
SnapshotManager File Statistics:
Project files: 13
Svelte files: 4
From node_modules: 0
Total: 13
Reloading ts service at  /home/dylan/Seafile/My Library/Temp_Git_Files/bigdale123.github.io/jsconfig.json  due to config updated
Trying to load configs for /home/dylan/Seafile/My Library/Temp_Git_Files/bigdale123.github.io
Reloading ts service at  /home/dylan/Seafile/My Library/Temp_Git_Files/bigdale123.github.io/jsconfig.json  due to config updated
Trying to load configs for /home/dylan/Seafile/My Library/Temp_Git_Files/bigdale123.github.io
SnapshotManager File Statistics:
Project files: 13
Svelte files: 4
From node_modules: 133
Total: 146
Initialize new ts service at  
Trying to load configs for /home/dylan/Seafile/My Library/Temp_Git_Files/bigdale123.github.io/node_modules/svelte
Reloading ts service at  /home/dylan/Seafile/My Library/Temp_Git_Files/bigdale123.github.io/jsconfig.json  due to config updated
Trying to load configs for /home/dylan/Seafile/My Library/Temp_Git_Files/bigdale123.github.io
SnapshotManager File Statistics:
Project files: 13
Svelte files: 4
From node_modules: 133
Total: 146
SnapshotManager File Statistics:
Project files: 13
Svelte files: 4
From node_modules: 144
Total: 157
Initialize new ts service at  
Trying to load configs for /home/dylan/Seafile/My Library/Temp_Git_Files/bigdale123.github.io
No svelte.config.js found. Using https://github.com/sveltejs/svelte-preprocess as fallback
SnapshotManager File Statistics:
Project files: 0
Svelte files: 1
From node_modules: 1
Total: 2
SnapshotManager File Statistics:
Project files: 0
Svelte files: 1
From node_modules: 98
Total: 99
