Initialize language server at  file:///home/dylan/Seafile/My%20Library/Temp_Git_Files/bigdale123.github.io
Initialize new ts service at  /home/dylan/Seafile/My Library/Temp_Git_Files/bigdale123.github.io/dev/jsconfig.json
Trying to load configs for /home/dylan/Seafile/My Library/Temp_Git_Files/bigdale123.github.io/dev
Loaded config at  /home/dylan/Seafile/My Library/Temp_Git_Files/bigdale123.github.io/dev/svelte.config.js
SnapshotManager File Statistics:
Project files: 12
Svelte files: 4
From node_modules: 0
Total: 12
Reloading ts service at  /home/dylan/Seafile/My Library/Temp_Git_Files/bigdale123.github.io/dev/jsconfig.json  due to config updated
Trying to load configs for /home/dylan/Seafile/My Library/Temp_Git_Files/bigdale123.github.io/dev
SnapshotManager File Statistics:
Project files: 13
Svelte files: 4
From node_modules: 136
Total: 149
Reloading ts service at  /home/dylan/Seafile/My Library/Temp_Git_Files/bigdale123.github.io/dev/jsconfig.json  due to config updated
Trying to load configs for /home/dylan/Seafile/My Library/Temp_Git_Files/bigdale123.github.io/dev
Reloading ts service at  /home/dylan/Seafile/My Library/Temp_Git_Files/bigdale123.github.io/dev/jsconfig.json  due to config updated
Trying to load configs for /home/dylan/Seafile/My Library/Temp_Git_Files/bigdale123.github.io/dev
SnapshotManager File Statistics:
Project files: 13
Svelte files: 4
From node_modules: 42
Total: 55
Reloading ts service at  /home/dylan/Seafile/My Library/Temp_Git_Files/bigdale123.github.io/dev/jsconfig.json  due to config updated
Trying to load configs for /home/dylan/Seafile/My Library/Temp_Git_Files/bigdale123.github.io/dev
SnapshotManager File Statistics:
Project files: 13
Svelte files: 4
From node_modules: 42
Total: 55
Reloading ts service at  /home/dylan/Seafile/My Library/Temp_Git_Files/bigdale123.github.io/dev/jsconfig.json  due to config updated
Trying to load configs for /home/dylan/Seafile/My Library/Temp_Git_Files/bigdale123.github.io/dev
