Initialize language server at  file:///home/dylan/Seafile/My%20Library/Temp_Git_Files/bigdale123.github.io
Initialize new ts service at  /home/dylan/Seafile/My Library/Temp_Git_Files/bigdale123.github.io/dev/jsconfig.json
Trying to load configs for /home/dylan/Seafile/My Library/Temp_Git_Files/bigdale123.github.io/dev
Loaded config at  /home/dylan/Seafile/My Library/Temp_Git_Files/bigdale123.github.io/dev/svelte.config.js
SnapshotManager File Statistics:
Project files: 13
Svelte files: 4
From node_modules: 0
Total: 13
Reloading ts service at  /home/dylan/Seafile/My Library/Temp_Git_Files/bigdale123.github.io/dev/jsconfig.json  due to config updated
Trying to load configs for /home/dylan/Seafile/My Library/Temp_Git_Files/bigdale123.github.io/dev
SnapshotManager File Statistics:
Project files: 13
Svelte files: 4
From node_modules: 136
Total: 149
[svelte-preprocess] PostCSS configuration was not passed or is invalid. If you expect to load it from a file make sure to install "postcss-load-config" and try again.

Error: No PostCSS Config found in: /home/dylan/Seafile/My Library/Temp_Git_Files/bigdale123.github.io
Reloading ts service at  /home/dylan/Seafile/My Library/Temp_Git_Files/bigdale123.github.io/dev/jsconfig.json  due to config updated
Trying to load configs for /home/dylan/Seafile/My Library/Temp_Git_Files/bigdale123.github.io/dev
SnapshotManager File Statistics:
Project files: 13
Svelte files: 4
From node_modules: 136
Total: 149
Reloading ts service at  /home/dylan/Seafile/My Library/Temp_Git_Files/bigdale123.github.io/dev/jsconfig.json  due to config updated
Trying to load configs for /home/dylan/Seafile/My Library/Temp_Git_Files/bigdale123.github.io/dev
Initialize new ts service at  
Trying to load configs for /home/dylan/Seafile/My Library/Temp_Git_Files/bigdale123.github.io
SnapshotManager File Statistics:
Project files: 0
Svelte files: 0
From node_modules: 1
Total: 1
Reloading ts service at  /home/dylan/Seafile/My Library/Temp_Git_Files/bigdale123.github.io/dev/jsconfig.json  due to config updated
Trying to load configs for /home/dylan/Seafile/My Library/Temp_Git_Files/bigdale123.github.io/dev
SnapshotManager File Statistics:
Project files: 0
Svelte files: 0
From node_modules: 98
Total: 99
SnapshotManager File Statistics:
Project files: 13
Svelte files: 4
From node_modules: 136
Total: 149
[svelte-preprocess] PostCSS configuration was not passed or is invalid. If you expect to load it from a file make sure to install "postcss-load-config" and try again.

Error: No PostCSS Config found in: /home/dylan/Seafile/My Library/Temp_Git_Files/bigdale123.github.io
Initialize new ts service at  
Trying to load configs for /home/dylan/Seafile/My Library/Temp_Git_Files/bigdale123.github.io/dev/node_modules/svelte
