2024-01-16 10:43:26.622 [warning] Via 'product.json#extensionEnabledApiProposals' extension 'ms-python.python' wants API proposal 'registerIssueDataProvider' but that proposal DOES NOT EXIST. Likely, the proposal has been finalized (check 'vscode.d.ts') or was abandoned.
2024-01-16 10:43:27.206 [info] Started local extension host with pid 90033.
2024-01-16 10:43:30.643 [info] [perf] Render performance baseline is 456ms
2024-01-16 10:43:44.245 [warning] Via 'product.json#extensionEnabledApiProposals' extension 'ms-python.python' wants API proposal 'registerIssueDataProvider' but that proposal DOES NOT EXIST. Likely, the proposal has been finalized (check 'vscode.d.ts') or was abandoned.
2024-01-16 10:43:44.653 [info] Started local extension host with pid 90252.
2024-01-16 10:43:47.932 [info] [perf] Render performance baseline is 448ms
2024-01-17 10:14:37.302 [error] Cannot read properties of undefined (reading 'filter'): TypeError: Cannot read properties of undefined (reading 'filter')
	at Object.provideDocumentColors (/home/dylan/.vscode/extensions/bradlc.vscode-tailwindcss-0.10.5/dist/extension.js:43:13656)
	at async ge.provideColors (/opt/visual-studio-code/resources/app/out/vs/workbench/api/node/extensionHostProcess.js:143:61153)
2024-01-17 10:14:52.790 [error] Cannot read properties of undefined (reading 'filter'): TypeError: Cannot read properties of undefined (reading 'filter')
	at Object.provideDocumentColors (/home/dylan/.vscode/extensions/bradlc.vscode-tailwindcss-0.10.5/dist/extension.js:43:13656)
	at async ge.provideColors (/opt/visual-studio-code/resources/app/out/vs/workbench/api/node/extensionHostProcess.js:143:61153)
2024-01-17 10:14:54.266 [error] Unable to read file '/home/dylan/Seafile/My Library/Temp_Git_Files/bigdale123.github.io/dev/node_modules/svelte-pdf-scrollable/images/toolbarDownload.svg?url' (Error: Unable to resolve nonexistent file '/home/dylan/Seafile/My Library/Temp_Git_Files/bigdale123.github.io/dev/node_modules/svelte-pdf-scrollable/images/toolbarDownload.svg?url'): Error: Unable to read file '/home/dylan/Seafile/My Library/Temp_Git_Files/bigdale123.github.io/dev/node_modules/svelte-pdf-scrollable/images/toolbarDownload.svg?url' (Error: Unable to resolve nonexistent file '/home/dylan/Seafile/My Library/Temp_Git_Files/bigdale123.github.io/dev/node_modules/svelte-pdf-scrollable/images/toolbarDownload.svg?url')
    at n.F (vscode-file://vscode-app/opt/visual-studio-code/resources/app/out/vs/workbench/workbench.desktop.main.js:645:18891)
    at n.D (vscode-file://vscode-app/opt/visual-studio-code/resources/app/out/vs/workbench/workbench.desktop.main.js:645:18686)
    at async b.M (vscode-file://vscode-app/opt/visual-studio-code/resources/app/out/vs/workbench/workbench.desktop.main.js:2169:42874)
    at async b.readStream (vscode-file://vscode-app/opt/visual-studio-code/resources/app/out/vs/workbench/workbench.desktop.main.js:2169:42628)
    at async P.Cb (vscode-file://vscode-app/opt/visual-studio-code/resources/app/out/vs/workbench/workbench.desktop.main.js:2158:6445)
    at async P.resolve (vscode-file://vscode-app/opt/visual-studio-code/resources/app/out/vs/workbench/workbench.desktop.main.js:2158:4892)
    at async s.W (vscode-file://vscode-app/opt/visual-studio-code/resources/app/out/vs/workbench/workbench.desktop.main.js:2169:39017)
    at async f.r (vscode-file://vscode-app/opt/visual-studio-code/resources/app/out/vs/workbench/workbench.desktop.main.js:2158:18530)
    at async y.acquire (vscode-file://vscode-app/opt/visual-studio-code/resources/app/out/vs/workbench/workbench.desktop.main.js:37:3392)
    at async d.createModelReference (vscode-file://vscode-app/opt/visual-studio-code/resources/app/out/vs/workbench/workbench.desktop.main.js:2158:20107)
2024-01-17 10:14:54.315 [error] Unable to read file '/home/dylan/Seafile/My Library/Temp_Git_Files/bigdale123.github.io/dev/node_modules/svelte-pdf-scrollable/images/toolbarPrint.svg?url' (Error: Unable to resolve nonexistent file '/home/dylan/Seafile/My Library/Temp_Git_Files/bigdale123.github.io/dev/node_modules/svelte-pdf-scrollable/images/toolbarPrint.svg?url'): Error: Unable to read file '/home/dylan/Seafile/My Library/Temp_Git_Files/bigdale123.github.io/dev/node_modules/svelte-pdf-scrollable/images/toolbarPrint.svg?url' (Error: Unable to resolve nonexistent file '/home/dylan/Seafile/My Library/Temp_Git_Files/bigdale123.github.io/dev/node_modules/svelte-pdf-scrollable/images/toolbarPrint.svg?url')
    at n.F (vscode-file://vscode-app/opt/visual-studio-code/resources/app/out/vs/workbench/workbench.desktop.main.js:645:18891)
    at n.D (vscode-file://vscode-app/opt/visual-studio-code/resources/app/out/vs/workbench/workbench.desktop.main.js:645:18686)
    at async b.M (vscode-file://vscode-app/opt/visual-studio-code/resources/app/out/vs/workbench/workbench.desktop.main.js:2169:42874)
    at async b.readStream (vscode-file://vscode-app/opt/visual-studio-code/resources/app/out/vs/workbench/workbench.desktop.main.js:2169:42628)
    at async P.Cb (vscode-file://vscode-app/opt/visual-studio-code/resources/app/out/vs/workbench/workbench.desktop.main.js:2158:6445)
    at async P.resolve (vscode-file://vscode-app/opt/visual-studio-code/resources/app/out/vs/workbench/workbench.desktop.main.js:2158:4892)
    at async s.W (vscode-file://vscode-app/opt/visual-studio-code/resources/app/out/vs/workbench/workbench.desktop.main.js:2169:39017)
    at async f.r (vscode-file://vscode-app/opt/visual-studio-code/resources/app/out/vs/workbench/workbench.desktop.main.js:2158:18530)
    at async y.acquire (vscode-file://vscode-app/opt/visual-studio-code/resources/app/out/vs/workbench/workbench.desktop.main.js:37:3392)
    at async d.createModelReference (vscode-file://vscode-app/opt/visual-studio-code/resources/app/out/vs/workbench/workbench.desktop.main.js:2158:20107)
2024-01-17 10:14:54.353 [error] Unable to read file '/home/dylan/Seafile/My Library/Temp_Git_Files/bigdale123.github.io/dev/node_modules/svelte-pdf-scrollable/images/toolbarZoomIn.svg?url' (Error: Unable to resolve nonexistent file '/home/dylan/Seafile/My Library/Temp_Git_Files/bigdale123.github.io/dev/node_modules/svelte-pdf-scrollable/images/toolbarZoomIn.svg?url'): Error: Unable to read file '/home/dylan/Seafile/My Library/Temp_Git_Files/bigdale123.github.io/dev/node_modules/svelte-pdf-scrollable/images/toolbarZoomIn.svg?url' (Error: Unable to resolve nonexistent file '/home/dylan/Seafile/My Library/Temp_Git_Files/bigdale123.github.io/dev/node_modules/svelte-pdf-scrollable/images/toolbarZoomIn.svg?url')
    at n.F (vscode-file://vscode-app/opt/visual-studio-code/resources/app/out/vs/workbench/workbench.desktop.main.js:645:18891)
    at n.D (vscode-file://vscode-app/opt/visual-studio-code/resources/app/out/vs/workbench/workbench.desktop.main.js:645:18686)
    at async b.M (vscode-file://vscode-app/opt/visual-studio-code/resources/app/out/vs/workbench/workbench.desktop.main.js:2169:42874)
    at async b.readStream (vscode-file://vscode-app/opt/visual-studio-code/resources/app/out/vs/workbench/workbench.desktop.main.js:2169:42628)
    at async P.Cb (vscode-file://vscode-app/opt/visual-studio-code/resources/app/out/vs/workbench/workbench.desktop.main.js:2158:6445)
    at async P.resolve (vscode-file://vscode-app/opt/visual-studio-code/resources/app/out/vs/workbench/workbench.desktop.main.js:2158:4892)
    at async s.W (vscode-file://vscode-app/opt/visual-studio-code/resources/app/out/vs/workbench/workbench.desktop.main.js:2169:39017)
    at async f.r (vscode-file://vscode-app/opt/visual-studio-code/resources/app/out/vs/workbench/workbench.desktop.main.js:2158:18530)
    at async y.acquire (vscode-file://vscode-app/opt/visual-studio-code/resources/app/out/vs/workbench/workbench.desktop.main.js:37:3392)
    at async d.createModelReference (vscode-file://vscode-app/opt/visual-studio-code/resources/app/out/vs/workbench/workbench.desktop.main.js:2158:20107)
2024-01-17 10:14:54.379 [error] Unable to read file '/home/dylan/Seafile/My Library/Temp_Git_Files/bigdale123.github.io/dev/node_modules/svelte-pdf-scrollable/images/toolbarZoomOut.svg?url' (Error: Unable to resolve nonexistent file '/home/dylan/Seafile/My Library/Temp_Git_Files/bigdale123.github.io/dev/node_modules/svelte-pdf-scrollable/images/toolbarZoomOut.svg?url'): Error: Unable to read file '/home/dylan/Seafile/My Library/Temp_Git_Files/bigdale123.github.io/dev/node_modules/svelte-pdf-scrollable/images/toolbarZoomOut.svg?url' (Error: Unable to resolve nonexistent file '/home/dylan/Seafile/My Library/Temp_Git_Files/bigdale123.github.io/dev/node_modules/svelte-pdf-scrollable/images/toolbarZoomOut.svg?url')
    at n.F (vscode-file://vscode-app/opt/visual-studio-code/resources/app/out/vs/workbench/workbench.desktop.main.js:645:18891)
    at n.D (vscode-file://vscode-app/opt/visual-studio-code/resources/app/out/vs/workbench/workbench.desktop.main.js:645:18686)
    at async b.M (vscode-file://vscode-app/opt/visual-studio-code/resources/app/out/vs/workbench/workbench.desktop.main.js:2169:42874)
    at async b.readStream (vscode-file://vscode-app/opt/visual-studio-code/resources/app/out/vs/workbench/workbench.desktop.main.js:2169:42628)
    at async P.Cb (vscode-file://vscode-app/opt/visual-studio-code/resources/app/out/vs/workbench/workbench.desktop.main.js:2158:6445)
    at async P.resolve (vscode-file://vscode-app/opt/visual-studio-code/resources/app/out/vs/workbench/workbench.desktop.main.js:2158:4892)
    at async s.W (vscode-file://vscode-app/opt/visual-studio-code/resources/app/out/vs/workbench/workbench.desktop.main.js:2169:39017)
    at async f.r (vscode-file://vscode-app/opt/visual-studio-code/resources/app/out/vs/workbench/workbench.desktop.main.js:2158:18530)
    at async y.acquire (vscode-file://vscode-app/opt/visual-studio-code/resources/app/out/vs/workbench/workbench.desktop.main.js:37:3392)
    at async d.createModelReference (vscode-file://vscode-app/opt/visual-studio-code/resources/app/out/vs/workbench/workbench.desktop.main.js:2158:20107)
2024-01-17 10:15:38.731 [error] Cannot read properties of undefined (reading 'filter'): TypeError: Cannot read properties of undefined (reading 'filter')
	at Object.provideDocumentColors (/home/dylan/.vscode/extensions/bradlc.vscode-tailwindcss-0.10.5/dist/extension.js:43:13656)
	at async ge.provideColors (/opt/visual-studio-code/resources/app/out/vs/workbench/api/node/extensionHostProcess.js:143:61153)
