2024-01-19 11:51:22.772 [warning] Via 'product.json#extensionEnabledApiProposals' extension 'ms-python.python' wants API proposal 'registerIssueDataProvider' but that proposal DOES NOT EXIST. Likely, the proposal has been finalized (check 'vscode.d.ts') or was abandoned.
2024-01-19 11:51:23.649 [info] Started local extension host with pid 13440.
2024-01-19 11:51:28.112 [info] [perf] Render performance baseline is 460ms
2024-01-19 12:19:23.006 [error] Illegal value for lineNumber: Error: Illegal value for lineNumber
    at q.getLineContent (vscode-file://vscode-app/opt/visual-studio-code/resources/app/out/vs/workbench/workbench.desktop.main.js:730:4396)
    at o.update (vscode-file://vscode-app/opt/visual-studio-code/resources/app/out/vs/workbench/workbench.desktop.main.js:681:81713)
    at P.w (vscode-file://vscode-app/opt/visual-studio-code/resources/app/out/vs/workbench/workbench.desktop.main.js:744:53935)
2024-01-19 12:20:42.765 [error] Illegal value for lineNumber: Error: Illegal value for lineNumber
    at q.getLineContent (vscode-file://vscode-app/opt/visual-studio-code/resources/app/out/vs/workbench/workbench.desktop.main.js:730:4396)
    at o.update (vscode-file://vscode-app/opt/visual-studio-code/resources/app/out/vs/workbench/workbench.desktop.main.js:681:81713)
    at P.w (vscode-file://vscode-app/opt/visual-studio-code/resources/app/out/vs/workbench/workbench.desktop.main.js:744:53935)
2024-01-19 12:20:45.388 [error] Illegal value for lineNumber: Error: Illegal value for lineNumber
    at q.getLineContent (vscode-file://vscode-app/opt/visual-studio-code/resources/app/out/vs/workbench/workbench.desktop.main.js:730:4396)
    at o.update (vscode-file://vscode-app/opt/visual-studio-code/resources/app/out/vs/workbench/workbench.desktop.main.js:681:81713)
    at P.w (vscode-file://vscode-app/opt/visual-studio-code/resources/app/out/vs/workbench/workbench.desktop.main.js:744:53935)
2024-01-19 12:30:17.797 [error] Illegal value for lineNumber: Error: Illegal value for lineNumber
    at q.getLineContent (vscode-file://vscode-app/opt/visual-studio-code/resources/app/out/vs/workbench/workbench.desktop.main.js:730:4396)
    at o.update (vscode-file://vscode-app/opt/visual-studio-code/resources/app/out/vs/workbench/workbench.desktop.main.js:681:81713)
    at P.w (vscode-file://vscode-app/opt/visual-studio-code/resources/app/out/vs/workbench/workbench.desktop.main.js:744:53935)
2024-01-19 12:56:30.555 [error] Illegal value for lineNumber: Error: Illegal value for lineNumber
    at q.getLineContent (vscode-file://vscode-app/opt/visual-studio-code/resources/app/out/vs/workbench/workbench.desktop.main.js:730:4396)
    at o.update (vscode-file://vscode-app/opt/visual-studio-code/resources/app/out/vs/workbench/workbench.desktop.main.js:681:81713)
    at P.w (vscode-file://vscode-app/opt/visual-studio-code/resources/app/out/vs/workbench/workbench.desktop.main.js:744:53935)
2024-01-19 14:23:07.870 [error] Illegal value for lineNumber: Error: Illegal value for lineNumber
    at q.getLineContent (vscode-file://vscode-app/opt/visual-studio-code/resources/app/out/vs/workbench/workbench.desktop.main.js:730:4396)
    at o.update (vscode-file://vscode-app/opt/visual-studio-code/resources/app/out/vs/workbench/workbench.desktop.main.js:681:81713)
    at P.w (vscode-file://vscode-app/opt/visual-studio-code/resources/app/out/vs/workbench/workbench.desktop.main.js:744:53935)
2024-01-19 14:23:21.484 [error] Illegal value for lineNumber: Error: Illegal value for lineNumber
    at q.getLineContent (vscode-file://vscode-app/opt/visual-studio-code/resources/app/out/vs/workbench/workbench.desktop.main.js:730:4396)
    at o.update (vscode-file://vscode-app/opt/visual-studio-code/resources/app/out/vs/workbench/workbench.desktop.main.js:681:81713)
    at P.w (vscode-file://vscode-app/opt/visual-studio-code/resources/app/out/vs/workbench/workbench.desktop.main.js:744:53935)
