2025-02-05 02:06:44.199 [info] [main] Log level: Info
2025-02-05 02:06:44.199 [info] [main] Validating found git in: "git"
2025-02-05 02:06:44.199 [info] [main] Using git "2.47.1" from "git"
2025-02-05 02:06:44.199 [info] [Model][doInitialScan] Initial repository scan started
2025-02-05 02:06:44.199 [info] [Model][doInitialScan] Initial repository scan completed - repositories (0), closed repositories (0), parent repositories (0), unsafe repositories (0)
2025-02-05 02:06:52.998 [info] [main] Log level: Info
2025-02-05 02:06:52.998 [info] [main] Validating found git in: "git"
2025-02-05 02:06:52.998 [info] [main] Using git "2.47.1" from "git"
2025-02-05 02:06:52.998 [info] [Model][doInitialScan] Initial repository scan started
2025-02-05 02:06:52.998 [info] > git rev-parse --show-toplevel [3ms]
2025-02-05 02:06:52.998 [info] fatal: not a git repository (or any of the parent directories): .git
2025-02-05 02:06:53.016 [info] > git rev-parse --show-toplevel [5ms]
2025-02-05 02:06:53.016 [info] fatal: not a git repository (or any of the parent directories): .git
2025-02-05 02:06:53.021 [info] [Model][doInitialScan] Initial repository scan completed - repositories (0), closed repositories (0), parent repositories (0), unsafe repositories (0)
2025-02-05 02:06:53.037 [info] > git rev-parse --show-toplevel [5ms]
2025-02-05 02:06:53.037 [info] fatal: not a git repository (or any of the parent directories): .git
2025-02-05 02:06:53.214 [info] > git rev-parse --show-toplevel [3ms]
2025-02-05 02:06:53.214 [info] fatal: not a git repository (or any of the parent directories): .git
2025-02-05 02:06:53.609 [info] > git rev-parse --show-toplevel [4ms]
2025-02-05 02:06:53.609 [info] fatal: not a git repository (or any of the parent directories): .git
2025-02-05 02:07:18.496 [info] > git rev-parse --show-toplevel [4ms]
2025-02-05 02:07:18.496 [info] fatal: not a git repository (or any of the parent directories): .git
2025-02-05 02:07:34.717 [info] > git rev-parse --show-toplevel [5ms]
2025-02-05 02:07:34.717 [info] fatal: not a git repository (or any of the parent directories): .git
2025-02-05 02:07:45.122 [info] > git rev-parse --show-toplevel [3ms]
2025-02-05 02:07:45.122 [info] fatal: not a git repository (or any of the parent directories): .git
2025-02-05 02:24:07.407 [info] > git rev-parse --show-toplevel [4ms]
2025-02-05 02:24:07.407 [info] fatal: not a git repository (or any of the parent directories): .git
2025-02-05 02:25:04.344 [info] > git rev-parse --show-toplevel [4ms]
2025-02-05 02:25:04.344 [info] fatal: not a git repository (or any of the parent directories): .git
2025-02-05 02:25:04.613 [info] > git rev-parse --show-toplevel [3ms]
2025-02-05 02:25:04.614 [info] fatal: not a git repository (or any of the parent directories): .git
2025-02-05 02:25:05.607 [info] > git rev-parse --show-toplevel [5ms]
2025-02-05 02:25:05.608 [info] fatal: not a git repository (or any of the parent directories): .git
2025-02-05 07:21:13.234 [info] > git rev-parse --show-toplevel [5ms]
2025-02-05 07:21:13.234 [info] fatal: not a git repository (or any of the parent directories): .git
