Initialize language server at  file:///home/dylan/Seafile/My%20Library/Temp_Git_Files/bigdale123.github.io
Initialize new ts service at  
Trying to load configs for /home/dylan/Seafile/My Library/Temp_Git_Files/bigdale123.github.io
Error while loading config at  /home/dylan/Seafile/My Library/Temp_Git_Files/bigdale123.github.io/svelte.config.js
Error [ERR_MODULE_NOT_FOUND]: Cannot find package '@sveltejs/adapter-static' imported from /home/dylan/Seafile/My Library/Temp_Git_Files/bigdale123.github.io/svelte.config.js
    at new NodeError (node:internal/errors:399:5)
    at packageResolve (node:internal/modules/esm/resolve:895:9)
    at moduleResolve (node:internal/modules/esm/resolve:944:20)
    at defaultResolve (node:internal/modules/esm/resolve:1159:11)
    at nextResolve (node:internal/modules/esm/loader:163:28)
    at ESMLoader.resolve (node:internal/modules/esm/loader:838:30)
    at ESMLoader.getModuleJob (node:internal/modules/esm/loader:424:18)
    at ModuleWrap.<anonymous> (node:internal/modules/esm/module_job:77:40)
    at link (node:internal/modules/esm/module_job:76:36) {
  code: 'ERR_MODULE_NOT_FOUND'
}
Found svelte.config.js but there was an error loading it. Using https://github.com/sveltejs/svelte-preprocess as fallback
SnapshotManager File Statistics:
Project files: 0
Svelte files: 1
From node_modules: 0
Total: 1
SnapshotManager File Statistics:
Project files: 0
Svelte files: 2
From node_modules: 106
Total: 108
SnapshotManager File Statistics:
Project files: 0
Svelte files: 2
From node_modules: 106
Total: 108
SnapshotManager File Statistics:
Project files: 0
Svelte files: 2
From node_modules: 106
Total: 108
