2024-02-14 11:33:13.102 [info] Getting Manifest... rust-lang.rust-analyzer
2024-02-14 11:33:13.105 [info] Getting Manifest... svelte.svelte-vscode
2024-02-14 11:33:13.241 [info] Installing extension: svelte.svelte-vscode
2024-02-14 11:33:13.256 [info] Installing extension: rust-lang.rust-analyzer
2024-02-14 11:33:14.624 [warning] Extension signature verification failed with error 'UnknownError': rust-lang.rust-analyzer
2024-02-14 11:33:14.627 [warning] Extension signature verification failed with error 'UnknownError': svelte.svelte-vscode
2024-02-14 11:33:15.562 [info] Extracted extension to file:///home/dylan/.vscode/extensions/rust-lang.rust-analyzer-0.3.1839-linux-x64: rust-lang.rust-analyzer
2024-02-14 11:33:15.580 [info] Renamed to /home/dylan/.vscode/extensions/rust-lang.rust-analyzer-0.3.1839-linux-x64
2024-02-14 11:33:15.584 [info] Extracting extension completed. rust-lang.rust-analyzer
2024-02-14 11:33:15.597 [info] Extension installed successfully: rust-lang.rust-analyzer
2024-02-14 11:33:15.605 [info] Marked extension as uninstalled rust-lang.rust-analyzer-0.3.1815-linux-x64
2024-02-14 11:33:15.671 [error] [uncaught exception in sharedProcess]: Error: ENOENT: no such file or directory, stat '/home/dylan/.vscode/extensions/extensions.json.vsctmp': EntryNotFound (FileSystemError): Error: ENOENT: no such file or directory, stat '/home/dylan/.vscode/extensions/extensions.json.vsctmp'
    at r.create (/opt/visual-studio-code/resources/app/out/vs/code/node/sharedProcess/sharedProcessMain.js:51:30056)
    at a (/opt/visual-studio-code/resources/app/out/vs/code/node/sharedProcess/sharedProcessMain.js:51:30170)
    at s.fb (/opt/visual-studio-code/resources/app/out/vs/code/node/sharedProcess/sharedProcessMain.js:56:36175)
    at s.stat (/opt/visual-studio-code/resources/app/out/vs/code/node/sharedProcess/sharedProcessMain.js:56:28621)
    at async E.stat (/opt/visual-studio-code/resources/app/out/vs/code/node/sharedProcess/sharedProcessMain.js:56:15732)
    at async Y.tb (/opt/visual-studio-code/resources/app/out/vs/code/node/sharedProcess/sharedProcessMain.js:100:111319)
2024-02-14 11:33:18.176 [info] Extracted extension to file:///home/dylan/.vscode/extensions/svelte.svelte-vscode-108.2.2: svelte.svelte-vscode
2024-02-14 11:33:18.193 [info] Renamed to /home/dylan/.vscode/extensions/svelte.svelte-vscode-108.2.2
2024-02-14 11:33:18.198 [info] Extracting extension completed. svelte.svelte-vscode
2024-02-14 11:33:18.208 [info] Extension installed successfully: svelte.svelte-vscode
2024-02-14 11:33:18.214 [info] Marked extension as uninstalled svelte.svelte-vscode-108.2.1
2024-02-14 11:33:18.285 [error] [uncaught exception in sharedProcess]: Error: ENOENT: no such file or directory, stat '/home/dylan/.vscode/extensions/extensions.json.vsctmp': EntryNotFound (FileSystemError): Error: ENOENT: no such file or directory, stat '/home/dylan/.vscode/extensions/extensions.json.vsctmp'
    at r.create (/opt/visual-studio-code/resources/app/out/vs/code/node/sharedProcess/sharedProcessMain.js:51:30056)
    at a (/opt/visual-studio-code/resources/app/out/vs/code/node/sharedProcess/sharedProcessMain.js:51:30170)
    at s.fb (/opt/visual-studio-code/resources/app/out/vs/code/node/sharedProcess/sharedProcessMain.js:56:36175)
    at s.stat (/opt/visual-studio-code/resources/app/out/vs/code/node/sharedProcess/sharedProcessMain.js:56:28621)
    at async E.stat (/opt/visual-studio-code/resources/app/out/vs/code/node/sharedProcess/sharedProcessMain.js:56:15732)
    at async Y.tb (/opt/visual-studio-code/resources/app/out/vs/code/node/sharedProcess/sharedProcessMain.js:100:111319)
