[Global] Creating projects: [{"folder":"/home/dylan/Seafile/My Library/Temp_Git_Files/bigdale123.github.io","configPath":"/home/dylan/Seafile/My Library/Temp_Git_Files/bigdale123.github.io/dev/tailwind.config.js","isUserConfigured":false,"documentSelector":[{"pattern":"/home/dylan/Seafile/My Library/Temp_Git_Files/bigdale123.github.io/dev/tailwind.config.js","priority":0},{"pattern":"/home/dylan/Seafile/My Library/Temp_Git_Files/bigdale123.github.io/dev/**","priority":3},{"pattern":"/home/dylan/Seafile/My Library/Temp_Git_Files/bigdale123.github.io/**","priority":5}]}]
[Global] Adding watch patterns: /home/dylan/Seafile/My Library/Temp_Git_Files/bigdale123.github.io/dev/tailwind.config.js, /home/dylan/Seafile/My Library/Temp_Git_Files/bigdale123.github.io/dev, /home/dylan/Seafile/My Library/Temp_Git_Files/bigdale123.github.io
[dev/tailwind.config.js] Initializing...
[dev/tailwind.config.js] Loaded Tailwind CSS config file: /home/dylan/Seafile/My Library/Temp_Git_Files/bigdale123.github.io/dev/tailwind.config.js
[dev/tailwind.config.js] Loaded postcss v8.4.33: /home/dylan/Seafile/My Library/Temp_Git_Files/bigdale123.github.io/dev/node_modules/postcss
[dev/tailwind.config.js] Loaded tailwindcss v3.4.1: /home/dylan/Seafile/My Library/Temp_Git_Files/bigdale123.github.io/dev/node_modules/tailwindcss
[dev/tailwind.config.js] Building...
[dev/tailwind.config.js] File changed: /home/dylan/Seafile/My Library/Temp_Git_Files/bigdale123.github.io/dev/package-lock.json
[dev/tailwind.config.js] Initializing...
[dev/tailwind.config.js] File changed: /home/dylan/Seafile/My Library/Temp_Git_Files/bigdale123.github.io/dev/package-lock.json
[dev/tailwind.config.js] Initializing...
[dev/tailwind.config.js] File changed: /home/dylan/Seafile/My Library/Temp_Git_Files/bigdale123.github.io/dev/package-lock.json
[dev/tailwind.config.js] Initializing...
[dev/tailwind.config.js] File changed: /home/dylan/Seafile/My Library/Temp_Git_Files/bigdale123.github.io/dev/package-lock.json
[dev/tailwind.config.js] Initializing...
[dev/tailwind.config.js] File changed: /home/dylan/Seafile/My Library/Temp_Git_Files/bigdale123.github.io/dev/package-lock.json
[dev/tailwind.config.js] Initializing...
[dev/tailwind.config.js] File changed: /home/dylan/Seafile/My Library/Temp_Git_Files/bigdale123.github.io/dev/package-lock.json
[dev/tailwind.config.js] Initializing...
[dev/tailwind.config.js] File changed: /home/dylan/Seafile/My Library/Temp_Git_Files/bigdale123.github.io/dev/package-lock.json
[dev/tailwind.config.js] Initializing...
[dev/tailwind.config.js] File changed: /home/dylan/Seafile/My Library/Temp_Git_Files/bigdale123.github.io/dev/package-lock.json
[dev/tailwind.config.js] Initializing...
[dev/tailwind.config.js] File changed: /home/dylan/Seafile/My Library/Temp_Git_Files/bigdale123.github.io/dev/package-lock.json
[dev/tailwind.config.js] Initializing...
[dev/tailwind.config.js] File changed: /home/dylan/Seafile/My Library/Temp_Git_Files/bigdale123.github.io/dev/package-lock.json
[dev/tailwind.config.js] Initializing...
