VSCode version                              : 1.96.4
 Platform                                   : linux
 Architecture                               : x64
Extension Information:
 Extension path                             : /nix/store/s1gwmg69zwprfnrs4nwk372mp7smw2n3-vscode-extensions/share/vscode/extensions/bitlang.cobol
 Version                                    : 24.10.11
 Is Workspace Trusted                       : false
  Workspace Folders:
   => sdrtrunk-pkg @ /home/dylan/sdrtrunk-pkg
  Combined Workspace and CopyBook Folders to search:
   => /home/dylan/sdrtrunk-pkg
  Combined Workspace and CopyBook Folders to search (URL):
   => file:///home/dylan/sdrtrunk-pkg

VSCode version                              : 1.96.4
 Platform                                   : linux
 Architecture                               : x64
Extension Information:
 Extension path                             : /nix/store/s1gwmg69zwprfnrs4nwk372mp7smw2n3-vscode-extensions/share/vscode/extensions/bitlang.cobol
 Version                                    : 24.10.11
 UNC paths disabled                         : true
 Parse copybook for references              : false
 Editor maxTokenizationLineLength           : 0
 Semantic token provider enabled            : false
 editor.semanticHighlighting.enabled        : configuredByTheme
 [COBOL]editor.semanticHighlighting.enabled : true
 workbench color theme                      : Default Dark Modern
 Is Workspace Trusted                       : true
  Workspace Folders:
   => sdrtrunk-pkg @ /home/dylan/sdrtrunk-pkg
  Combined Workspace and CopyBook Folders to search:
   => /home/dylan/sdrtrunk-pkg
  Combined Workspace and CopyBook Folders to search (URL):
   => file:///home/dylan/sdrtrunk-pkg

extensions changed
