2024-01-19 14:40:10.730 [info] Extension host with pid 37565 started
2024-01-19 14:40:10.730 [info] Skipping acquiring lock for /home/dylan/.config/Code/User/workspaceStorage/a852da8a28cd84293c5a49031f756891.
2024-01-19 14:40:10.886 [info] ExtensionService#_doActivateExtension vscode.emmet, startup: false, activationEvent: 'onLanguage'
2024-01-19 14:40:10.894 [info] ExtensionService#_doActivateExtension vscode.git-base, startup: false, activationEvent: 'onLanguage:ignore'
2024-01-19 14:40:11.008 [info] ExtensionService#_doActivateExtension vscode.git, startup: true, activationEvent: '*'
2024-01-19 14:40:11.041 [info] ExtensionService#_doActivateExtension vscode.github, startup: true, activationEvent: '*'
2024-01-19 14:40:11.051 [info] ExtensionService#_doActivateExtension vscode.npm, startup: true, activationEvent: 'workspaceContains:package.json'
2024-01-19 14:40:11.577 [info] Eager extensions activated
2024-01-19 14:40:11.841 [warning] [Decorations] CAPPING events from decorations provider vscode.git 2638
2024-01-19 14:40:12.235 [info] ExtensionService#_doActivateExtension vscode.debug-auto-launch, startup: false, activationEvent: 'onStartupFinished'
2024-01-19 14:40:12.239 [info] ExtensionService#_doActivateExtension vscode.merge-conflict, startup: false, activationEvent: 'onStartupFinished'
2024-01-19 14:40:12.251 [info] ExtensionService#_doActivateExtension bradlc.vscode-tailwindcss, startup: false, activationEvent: 'onStartupFinished'
2024-01-19 14:40:12.886 [warning] [Decorations] CAPPING events from decorations provider vscode.git 2638
2024-01-19 14:40:13.298 [info] ExtensionService#_doActivateExtension vscode.github-authentication, startup: false, activationEvent: 'onAuthenticationRequest:github'
2024-01-19 14:40:14.397 [info] ExtensionService#_doActivateExtension svelte.svelte-vscode, startup: false, activationEvent: 'onLanguage:svelte'
2024-01-19 14:40:14.756 [info] ExtensionService#_doActivateExtension vscode.typescript-language-features, startup: false, activationEvent: 'onCommand:_typescript.configurePlugin'
2024-01-19 14:40:20.663 [warning] [Decorations] CAPPING events from decorations provider vscode.git 2638
2024-01-19 14:41:20.673 [warning] [Decorations] CAPPING events from decorations provider vscode.git 2639
2024-01-19 14:41:38.723 [warning] [Decorations] CAPPING events from decorations provider vscode.git 2639
2024-01-19 14:42:08.683 [error] Error: Starting server failed
	at LanguageClient.$start (/home/dylan/.vscode/extensions/svelte.svelte-vscode-108.2.1/node_modules/vscode-languageclient/lib/common/client.js:1083:19)
	at async LanguageClient.sendNotification (/home/dylan/.vscode/extensions/svelte.svelte-vscode-108.2.1/node_modules/vscode-languageclient/lib/common/client.js:381:28)
2024-01-19 14:42:09.178 [warning] [Decorations] CAPPING events from decorations provider vscode.git 2639
2024-01-19 14:42:15.777 [warning] [Decorations] CAPPING events from decorations provider vscode.git 2639
2024-01-19 14:42:29.144 [error] Error: Starting server failed
	at LanguageClient.$start (/home/dylan/.vscode/extensions/svelte.svelte-vscode-108.2.1/node_modules/vscode-languageclient/lib/common/client.js:1083:19)
	at async LanguageClient.sendNotification (/home/dylan/.vscode/extensions/svelte.svelte-vscode-108.2.1/node_modules/vscode-languageclient/lib/common/client.js:381:28)
2024-01-19 14:42:29.678 [warning] [Decorations] CAPPING events from decorations provider vscode.git 2639
2024-01-19 14:42:35.109 [warning] [Decorations] CAPPING events from decorations provider vscode.git 2639
2024-01-19 14:42:40.534 [warning] [Decorations] CAPPING events from decorations provider vscode.git 2639
2024-01-19 14:43:21.006 [warning] [Decorations] CAPPING events from decorations provider vscode.git 2670
2024-01-19 14:46:00.113 [info] ExtensionService#_doActivateExtension vscode.html-language-features, startup: false, activationEvent: 'onLanguage:html'
2024-01-19 14:46:01.523 [warning] [Decorations] CAPPING events from decorations provider vscode.git 2668
2024-01-19 14:46:29.771 [warning] [Decorations] CAPPING events from decorations provider vscode.git 2667
2024-01-19 14:46:35.183 [warning] [Decorations] CAPPING events from decorations provider vscode.git 2700
2024-01-19 14:46:35.392 [info] ExtensionService#_doActivateExtension vscode.simple-browser, startup: false, activationEvent: 'onOpenExternalUri:http'
2024-01-19 14:47:17.885 [warning] [Decorations] CAPPING events from decorations provider vscode.git 2706
2024-01-19 14:47:30.901 [warning] [Decorations] CAPPING events from decorations provider vscode.git 2632
2024-01-19 14:47:36.319 [warning] [Decorations] CAPPING events from decorations provider vscode.git 2684
2024-01-19 14:47:57.937 [error] Error: Starting server failed
	at LanguageClient.$start (/home/dylan/.vscode/extensions/svelte.svelte-vscode-108.2.1/node_modules/vscode-languageclient/lib/common/client.js:1083:19)
	at async LanguageClient.sendNotification (/home/dylan/.vscode/extensions/svelte.svelte-vscode-108.2.1/node_modules/vscode-languageclient/lib/common/client.js:381:28)
2024-01-19 14:47:58.558 [warning] [Decorations] CAPPING events from decorations provider vscode.git 2684
2024-01-19 14:48:14.858 [warning] [Decorations] CAPPING events from decorations provider vscode.git 2684
2024-01-19 14:48:20.362 [warning] [Decorations] CAPPING events from decorations provider vscode.git 2672
2024-01-19 14:48:25.816 [warning] [Decorations] CAPPING events from decorations provider vscode.git 2683
2024-01-19 14:48:31.049 [info] ExtensionService#_doActivateExtension vscode.extension-editing, startup: false, activationEvent: 'onLanguage:json'
2024-01-19 14:48:31.060 [info] ExtensionService#_doActivateExtension vscode.json-language-features, startup: false, activationEvent: 'onLanguage:json'
2024-01-19 14:49:00.375 [info] ExtensionService#_doActivateExtension vscode.media-preview, startup: false, activationEvent: 'onCustomEditor:imagePreview.previewEditor'
2024-01-19 14:49:21.402 [warning] [Decorations] CAPPING events from decorations provider vscode.git 2659
2024-01-19 14:49:27.357 [warning] [Decorations] CAPPING events from decorations provider vscode.git 1535
2024-01-19 17:05:02.445 [info] Extension host terminating: renderer closed the MessagePort
2024-01-19 17:05:02.544 [error] Canceled: Canceled
	at new g (/opt/visual-studio-code/resources/app/out/vs/workbench/api/node/extensionHostProcess.js:141:110274)
	at l.U (/opt/visual-studio-code/resources/app/out/vs/workbench/api/node/extensionHostProcess.js:150:10866)
	at P.<computed>.j.charCodeAt.P.<computed> (/opt/visual-studio-code/resources/app/out/vs/workbench/api/node/extensionHostProcess.js:150:8317)
	at d.g (/opt/visual-studio-code/resources/app/out/vs/workbench/api/node/extensionHostProcess.js:141:139555)
	at d.executeCommand (/opt/visual-studio-code/resources/app/out/vs/workbench/api/node/extensionHostProcess.js:141:138993)
	at p.registerCommand.description (/opt/visual-studio-code/resources/app/out/vs/workbench/api/node/extensionHostProcess.js:141:138317)
	at d.h (/opt/visual-studio-code/resources/app/out/vs/workbench/api/node/extensionHostProcess.js:141:140094)
	at d.g (/opt/visual-studio-code/resources/app/out/vs/workbench/api/node/extensionHostProcess.js:141:139086)
	at d.executeCommand (/opt/visual-studio-code/resources/app/out/vs/workbench/api/node/extensionHostProcess.js:141:138993)
	at Object.executeCommand (/opt/visual-studio-code/resources/app/out/vs/workbench/api/node/extensionHostProcess.js:158:21333)
	at f.I [as value] (/opt/visual-studio-code/resources/app/extensions/git/dist/main.js:2:924696)
	at n.y (/opt/visual-studio-code/resources/app/out/vs/workbench/api/node/extensionHostProcess.js:80:1902)
	at n.z (/opt/visual-studio-code/resources/app/out/vs/workbench/api/node/extensionHostProcess.js:80:1972)
	at n.fire (/opt/visual-studio-code/resources/app/out/vs/workbench/api/node/extensionHostProcess.js:80:2188)
	at Object.m [as dispose] (/opt/visual-studio-code/resources/app/extensions/git/dist/main.js:2:940613)
	at /opt/visual-studio-code/resources/app/extensions/git/dist/main.js:2:945566
	at Array.forEach (<anonymous>)
	at p.dispose (/opt/visual-studio-code/resources/app/extensions/git/dist/main.js:2:945552)
	at u.<anonymous> (/opt/visual-studio-code/resources/app/out/vs/workbench/api/node/extensionHostProcess.js:137:3620)
	at u.dispose (/opt/visual-studio-code/resources/app/out/vs/workbench/api/node/extensionHostProcess.js:137:3717)
	at u.<anonymous> (/opt/visual-studio-code/resources/app/extensions/git/dist/main.js:2:926708)
	at u.dispose (/opt/visual-studio-code/resources/app/out/vs/workbench/api/node/extensionHostProcess.js:137:3717)
	at s (/opt/visual-studio-code/resources/app/out/vs/workbench/api/node/extensionHostProcess.js:30:754)
	at f.cb (/opt/visual-studio-code/resources/app/out/vs/workbench/api/node/extensionHostProcess.js:154:9873)
	at /opt/visual-studio-code/resources/app/out/vs/workbench/api/node/extensionHostProcess.js:154:7808
	at Array.map (<anonymous>)
	at f.Y (/opt/visual-studio-code/resources/app/out/vs/workbench/api/node/extensionHostProcess.js:154:7795)
	at f.terminate (/opt/visual-studio-code/resources/app/out/vs/workbench/api/node/extensionHostProcess.js:154:8068)
	at s.terminate (/opt/visual-studio-code/resources/app/out/vs/workbench/api/node/extensionHostProcess.js:158:1513)
	at a (/opt/visual-studio-code/resources/app/out/vs/workbench/api/node/extensionHostProcess.js:171:9802)
	at MessagePortMain.<anonymous> (/opt/visual-studio-code/resources/app/out/vs/workbench/api/node/extensionHostProcess.js:171:6227)
	at MessagePortMain.emit (node:events:513:28)
	at MessagePortMain._internalPort.emit (node:electron/js2c/utility_init:2:367) setContext undefined
2024-01-19 17:05:02.545 [error] Canceled: Canceled
	at new g (/opt/visual-studio-code/resources/app/out/vs/workbench/api/node/extensionHostProcess.js:141:110274)
	at l.U (/opt/visual-studio-code/resources/app/out/vs/workbench/api/node/extensionHostProcess.js:150:10866)
	at P.<computed>.j.charCodeAt.P.<computed> (/opt/visual-studio-code/resources/app/out/vs/workbench/api/node/extensionHostProcess.js:150:8317)
	at d.g (/opt/visual-studio-code/resources/app/out/vs/workbench/api/node/extensionHostProcess.js:141:139555)
	at d.executeCommand (/opt/visual-studio-code/resources/app/out/vs/workbench/api/node/extensionHostProcess.js:141:138993)
	at p.registerCommand.description (/opt/visual-studio-code/resources/app/out/vs/workbench/api/node/extensionHostProcess.js:141:138317)
	at d.h (/opt/visual-studio-code/resources/app/out/vs/workbench/api/node/extensionHostProcess.js:141:140094)
	at d.g (/opt/visual-studio-code/resources/app/out/vs/workbench/api/node/extensionHostProcess.js:141:139086)
	at d.executeCommand (/opt/visual-studio-code/resources/app/out/vs/workbench/api/node/extensionHostProcess.js:141:138993)
	at Object.executeCommand (/opt/visual-studio-code/resources/app/out/vs/workbench/api/node/extensionHostProcess.js:158:21333)
	at set b [as b] (/opt/visual-studio-code/resources/app/extensions/github/dist/extension.js:2:322364)
	at /opt/visual-studio-code/resources/app/extensions/github/dist/extension.js:2:323005
	at f.value (/opt/visual-studio-code/resources/app/extensions/git/dist/main.js:2:1016450)
	at n.y (/opt/visual-studio-code/resources/app/out/vs/workbench/api/node/extensionHostProcess.js:80:1902)
	at n.z (/opt/visual-studio-code/resources/app/out/vs/workbench/api/node/extensionHostProcess.js:80:1972)
	at n.fire (/opt/visual-studio-code/resources/app/out/vs/workbench/api/node/extensionHostProcess.js:80:2188)
	at Object.m [as dispose] (/opt/visual-studio-code/resources/app/extensions/git/dist/main.js:2:940613)
	at /opt/visual-studio-code/resources/app/extensions/git/dist/main.js:2:945566
	at Array.forEach (<anonymous>)
	at p.dispose (/opt/visual-studio-code/resources/app/extensions/git/dist/main.js:2:945552)
	at u.<anonymous> (/opt/visual-studio-code/resources/app/out/vs/workbench/api/node/extensionHostProcess.js:137:3620)
	at u.dispose (/opt/visual-studio-code/resources/app/out/vs/workbench/api/node/extensionHostProcess.js:137:3717)
	at u.<anonymous> (/opt/visual-studio-code/resources/app/extensions/git/dist/main.js:2:926708)
	at u.dispose (/opt/visual-studio-code/resources/app/out/vs/workbench/api/node/extensionHostProcess.js:137:3717)
	at s (/opt/visual-studio-code/resources/app/out/vs/workbench/api/node/extensionHostProcess.js:30:754)
	at f.cb (/opt/visual-studio-code/resources/app/out/vs/workbench/api/node/extensionHostProcess.js:154:9873)
	at /opt/visual-studio-code/resources/app/out/vs/workbench/api/node/extensionHostProcess.js:154:7808
	at Array.map (<anonymous>)
	at f.Y (/opt/visual-studio-code/resources/app/out/vs/workbench/api/node/extensionHostProcess.js:154:7795)
	at f.terminate (/opt/visual-studio-code/resources/app/out/vs/workbench/api/node/extensionHostProcess.js:154:8068)
	at s.terminate (/opt/visual-studio-code/resources/app/out/vs/workbench/api/node/extensionHostProcess.js:158:1513)
	at a (/opt/visual-studio-code/resources/app/out/vs/workbench/api/node/extensionHostProcess.js:171:9802)
	at MessagePortMain.<anonymous> (/opt/visual-studio-code/resources/app/out/vs/workbench/api/node/extensionHostProcess.js:171:6227)
	at MessagePortMain.emit (node:events:513:28)
	at MessagePortMain._internalPort.emit (node:electron/js2c/utility_init:2:367) setContext undefined
2024-01-19 17:05:02.558 [error] Canceled: Canceled
	at new g (/opt/visual-studio-code/resources/app/out/vs/workbench/api/node/extensionHostProcess.js:141:110274)
	at l.U (/opt/visual-studio-code/resources/app/out/vs/workbench/api/node/extensionHostProcess.js:150:10866)
	at P.<computed>.j.charCodeAt.P.<computed> (/opt/visual-studio-code/resources/app/out/vs/workbench/api/node/extensionHostProcess.js:150:8317)
	at d.g (/opt/visual-studio-code/resources/app/out/vs/workbench/api/node/extensionHostProcess.js:141:139555)
	at d.executeCommand (/opt/visual-studio-code/resources/app/out/vs/workbench/api/node/extensionHostProcess.js:141:138993)
	at p.registerCommand.description (/opt/visual-studio-code/resources/app/out/vs/workbench/api/node/extensionHostProcess.js:141:138317)
	at d.h (/opt/visual-studio-code/resources/app/out/vs/workbench/api/node/extensionHostProcess.js:141:140094)
	at d.g (/opt/visual-studio-code/resources/app/out/vs/workbench/api/node/extensionHostProcess.js:141:139086)
	at d.executeCommand (/opt/visual-studio-code/resources/app/out/vs/workbench/api/node/extensionHostProcess.js:141:138993)
	at Object.executeCommand (/opt/visual-studio-code/resources/app/out/vs/workbench/api/node/extensionHostProcess.js:158:21333)
	at LT (/home/dylan/.vscode/extensions/bradlc.vscode-tailwindcss-0.10.5/dist/extension.js:43:6988)
	at /home/dylan/.vscode/extensions/bradlc.vscode-tailwindcss-0.10.5/dist/extension.js:43:15311
	at er (/home/dylan/.vscode/extensions/bradlc.vscode-tailwindcss-0.10.5/dist/extension.js:4:1357)
	at Zn (/home/dylan/.vscode/extensions/bradlc.vscode-tailwindcss-0.10.5/dist/extension.js:3:6843)
	at Immediate.<anonymous> (/home/dylan/.vscode/extensions/bradlc.vscode-tailwindcss-0.10.5/dist/extension.js:3:6721)
	at process.processImmediate (node:internal/timers:476:21) setContext undefined
2024-01-19 17:05:02.562 [info] Extension host with pid 37565 exiting with code 0
