2024-05-03 19:47:54 Loading main app package /tmp/.mount_ObsidiBs6n7p/resources/obsidian.asar
2024-05-03 19:47:55 Checking for update using Github
2024-05-03 19:47:55 Success.
2024-05-03 19:47:55 Latest version is 1.5.12
2024-05-03 19:47:55 App is up to date.
2024-05-03 20:47:54 Checking for update using Github
2024-05-03 20:47:54 Success.
2024-05-03 20:47:54 Latest version is 1.5.12
2024-05-03 20:47:54 App is up to date.
2024-05-04 19:03:53 Loading main app package /tmp/.mount_ObsidiXTgX5t/resources/obsidian.asar
2024-05-04 19:03:53 Checking for update using Github
2024-05-04 19:04:09 Success.
2024-05-04 19:04:09 Latest version is 1.5.12
2024-05-04 19:04:09 App is up to date.
2024-05-04 20:03:53 Checking for update using Github
2024-05-04 20:03:53 Success.
2024-05-04 20:03:53 Latest version is 1.5.12
2024-05-04 20:03:53 App is up to date.
2024-05-04 20:28:39 Loading main app package /tmp/.mount_ObsidiihGCbm/resources/obsidian.asar
2024-05-04 20:28:40 Checking for update using Github
2024-05-04 20:28:41 Success.
2024-05-04 20:28:41 Latest version is 1.5.12
2024-05-04 20:28:41 App is up to date.
2024-05-04 21:03:24 Loading main app package /tmp/.mount_ObsidiuCByXF/resources/obsidian.asar
2024-05-04 21:03:25 Checking for update using Github
2024-05-04 21:03:26 Success.
2024-05-04 21:03:26 Latest version is 1.5.12
2024-05-04 21:03:26 App is up to date.
2024-05-04 22:28:52 Loading main app package /tmp/.mount_ObsidiDFCbtq/resources/obsidian.asar
2024-05-04 22:28:53 Checking for update using Github
2024-05-04 22:28:54 Success.
2024-05-04 22:28:54 Latest version is 1.5.12
2024-05-04 22:28:54 App is up to date.
2024-05-05 02:36:27 Checking for update using Github
2024-05-05 02:36:27 Success.
2024-05-05 02:36:27 Latest version is 1.5.12
2024-05-05 02:36:27 App is up to date.
2024-05-05 03:36:27 Checking for update using Github
2024-05-05 03:36:27 Success.
2024-05-05 03:36:27 Latest version is 1.5.12
2024-05-05 03:36:27 App is up to date.
2024-05-07 01:57:07 Loading main app package /tmp/.mount_ObsidiW00HUx/resources/obsidian.asar
2024-05-07 01:57:08 Checking for update using Github
2024-05-07 01:57:08 Success.
2024-05-07 01:57:08 Latest version is 1.5.12
2024-05-07 01:57:08 App is up to date.
2024-05-07 02:48:01 Loading main app package /tmp/.mount_ObsidiWeyOx2/resources/obsidian.asar
2024-05-07 02:48:01 Checking for update using Github
2024-05-07 02:48:02 Success.
2024-05-07 02:48:02 Latest version is 1.5.12
2024-05-07 02:48:02 App is up to date.
2024-05-07 13:11:22 Checking for update using Github
2024-05-07 13:11:22 Success.
2024-05-07 13:11:22 Latest version is 1.5.12
2024-05-07 13:11:22 App is up to date.
2024-05-07 14:11:22 Checking for update using Github
2024-05-07 14:11:22 Success.
2024-05-07 14:11:22 Latest version is 1.5.12
2024-05-07 14:11:22 App is up to date.
2024-05-07 17:28:45 Checking for update using Github
2024-05-07 17:28:45 Success.
2024-05-07 17:28:45 Latest version is 1.5.12
2024-05-07 17:28:45 App is up to date.
2024-05-07 18:28:45 Checking for update using Github
2024-05-07 18:28:45 Success.
2024-05-07 18:28:45 Latest version is 1.5.12
2024-05-07 18:28:45 App is up to date.
2024-05-07 20:03:50 Loading main app package /tmp/.mount_ObsidiM1fTt7/resources/obsidian.asar
2024-05-07 20:03:51 Checking for update using Github
2024-05-07 20:03:51 Success.
2024-05-07 20:03:51 Latest version is 1.5.12
2024-05-07 20:03:51 App is up to date.
2024-05-07 21:03:50 Checking for update using Github
2024-05-07 21:03:50 Success.
2024-05-07 21:03:50 Latest version is 1.5.12
2024-05-07 21:03:50 App is up to date.
2024-05-07 22:03:50 Checking for update using Github
2024-05-07 22:03:51 Success.
2024-05-07 22:03:51 Latest version is 1.5.12
2024-05-07 22:03:51 App is up to date.
2024-05-07 23:03:51 Checking for update using Github
2024-05-07 23:03:51 Success.
2024-05-07 23:03:51 Latest version is 1.5.12
2024-05-07 23:03:51 App is up to date.
2024-05-11 14:51:49 Loading main app package /tmp/.mount_ObsidiVgLxXH/resources/obsidian.asar
2024-05-11 14:51:49 Checking for update using Github
2024-05-11 14:51:49 Success.
2024-05-11 14:51:49 Latest version is 1.5.12
2024-05-11 14:51:49 App is up to date.
2024-05-11 15:51:49 Checking for update using Github
2024-05-11 15:51:49 Success.
2024-05-11 15:51:49 Latest version is 1.5.12
2024-05-11 15:51:49 App is up to date.
2024-05-11 16:51:49 Checking for update using Github
2024-05-11 16:51:49 Success.
2024-05-11 16:51:49 Latest version is 1.5.12
2024-05-11 16:51:49 App is up to date.
2024-05-11 17:51:49 Checking for update using Github
2024-05-11 17:51:49 Success.
2024-05-11 17:51:49 Latest version is 1.5.12
2024-05-11 17:51:49 App is up to date.
2024-05-11 19:13:14 Checking for update using Github
2024-05-11 19:13:14 Failed to check for update using Github (net::ERR_INTERNET_DISCONNECTED)
2024-05-11 19:13:14 Checking for update using obsidian.md
2024-05-11 19:13:14 Failed to check for update using obsidian.md (net::ERR_INTERNET_DISCONNECTED)
2024-05-11 20:13:15 Checking for update using Github
2024-05-11 20:13:15 Success.
2024-05-11 20:13:15 Latest version is 1.5.12
2024-05-11 20:13:15 App is up to date.
2024-05-11 20:56:55 Loading main app package /tmp/.mount_ObsidiB3O6wV/resources/obsidian.asar
2024-05-11 20:56:56 Checking for update using Github
2024-05-11 20:56:57 Success.
2024-05-11 20:56:57 Latest version is 1.5.12
2024-05-11 20:56:57 App is up to date.
2024-05-11 21:56:56 Checking for update using Github
2024-05-11 21:56:57 Success.
2024-05-11 21:56:57 Latest version is 1.5.12
2024-05-11 21:56:57 App is up to date.
2024-05-11 23:03:01 Loading main app package /tmp/.mount_Obsidia70v6k/resources/obsidian.asar
2024-05-11 23:03:02 Checking for update using Github
2024-05-11 23:03:03 Success.
2024-05-11 23:03:03 Latest version is 1.5.12
2024-05-11 23:03:03 App is up to date.
2024-05-13 01:07:47 Loading main app package /tmp/.mount_ObsidiPJL2Vp/resources/obsidian.asar
2024-05-13 01:07:48 Checking for update using Github
2024-05-13 01:07:48 Success.
2024-05-13 01:07:48 Latest version is 1.5.12
2024-05-13 01:07:48 App is up to date.
2024-05-13 01:34:38 Loading main app package /tmp/.mount_Obsidi293mgD/resources/obsidian.asar
2024-05-13 01:34:39 Checking for update using Github
2024-05-13 01:34:39 Success.
2024-05-13 01:34:39 Latest version is 1.5.12
2024-05-13 01:34:39 App is up to date.
2024-05-13 01:39:30 Loading main app package /tmp/.mount_Obsidi9WIYLA/resources/obsidian.asar
2024-05-13 01:39:30 Checking for update using Github
2024-05-13 01:39:30 Success.
2024-05-13 01:39:30 Latest version is 1.5.12
2024-05-13 01:39:30 App is up to date.
2024-05-13 01:45:43 Loading main app package /tmp/.mount_ObsidiK7vi5L/resources/obsidian.asar
2024-05-13 01:45:44 Checking for update using Github
2024-05-13 01:45:44 Success.
2024-05-13 01:45:44 Latest version is 1.5.12
2024-05-13 01:45:44 App is up to date.
2024-05-13 02:45:43 Checking for update using Github
2024-05-13 02:45:43 Success.
2024-05-13 02:45:43 Latest version is 1.5.12
2024-05-13 02:45:43 App is up to date.
2024-05-13 13:09:46 Checking for update using Github
2024-05-13 13:09:46 Success.
2024-05-13 13:09:46 Latest version is 1.5.12
2024-05-13 13:09:46 App is up to date.
2024-05-13 14:09:46 Checking for update using Github
2024-05-13 14:09:46 Success.
2024-05-13 14:09:46 Latest version is 1.5.12
2024-05-13 14:09:46 App is up to date.
2024-05-13 15:09:46 Checking for update using Github
2024-05-13 15:09:46 Success.
2024-05-13 15:09:46 Latest version is 1.5.12
2024-05-13 15:09:46 App is up to date.
2024-05-13 16:09:46 Checking for update using Github
2024-05-13 16:09:47 Success.
2024-05-13 16:09:47 Latest version is 1.5.12
2024-05-13 16:09:47 App is up to date.
2024-05-13 17:09:47 Checking for update using Github
2024-05-13 17:09:47 Success.
2024-05-13 17:09:47 Latest version is 1.5.12
2024-05-13 17:09:47 App is up to date.
2024-05-13 18:09:47 Checking for update using Github
2024-05-13 18:09:47 Success.
2024-05-13 18:09:47 Latest version is 1.5.12
2024-05-13 18:09:47 App is up to date.
2024-05-13 19:09:47 Checking for update using Github
2024-05-13 19:09:47 Success.
2024-05-13 19:09:47 Latest version is 1.5.12
2024-05-13 19:09:47 App is up to date.
2024-05-13 20:09:47 Checking for update using Github
2024-05-13 20:09:47 Success.
2024-05-13 20:09:47 Latest version is 1.5.12
2024-05-13 20:09:47 App is up to date.
2024-05-13 21:09:47 Checking for update using Github
2024-05-13 21:09:47 Success.
2024-05-13 21:09:47 Latest version is 1.5.12
2024-05-13 21:09:47 App is up to date.
2024-05-13 22:09:47 Checking for update using Github
2024-05-13 22:09:47 Success.
2024-05-13 22:09:47 Latest version is 1.5.12
2024-05-13 22:09:47 App is up to date.
2024-05-13 23:09:47 Checking for update using Github
2024-05-13 23:09:47 Success.
2024-05-13 23:09:47 Latest version is 1.5.12
2024-05-13 23:09:47 App is up to date.
2024-05-14 02:48:26 Checking for update using Github
2024-05-14 02:48:26 Success.
2024-05-14 02:48:26 Latest version is 1.5.12
2024-05-14 02:48:26 App is up to date.
2024-05-14 14:32:34 Checking for update using Github
2024-05-14 14:32:34 Success.
2024-05-14 14:32:34 Latest version is 1.5.12
2024-05-14 14:32:34 App is up to date.
2024-05-14 15:32:34 Checking for update using Github
2024-05-14 15:32:34 Success.
2024-05-14 15:32:34 Latest version is 1.5.12
2024-05-14 15:32:34 App is up to date.
2024-05-14 16:32:34 Checking for update using Github
2024-05-14 16:32:34 Success.
2024-05-14 16:32:34 Latest version is 1.5.12
2024-05-14 16:32:34 App is up to date.
2024-05-14 19:12:59 Loading main app package /tmp/.mount_Obsidix4hUD8/resources/obsidian.asar
2024-05-14 19:13:00 Checking for update using Github
2024-05-14 19:13:01 Success.
2024-05-14 19:13:01 Latest version is 1.5.12
2024-05-14 19:13:01 App is up to date.
2024-05-15 01:10:43 Checking for update using Github
2024-05-15 01:10:43 Success.
2024-05-15 01:10:43 Latest version is 1.5.12
2024-05-15 01:10:43 App is up to date.
2024-05-15 14:02:32 Checking for update using Github
2024-05-15 14:02:32 Success.
2024-05-15 14:02:32 Latest version is 1.5.12
2024-05-15 14:02:32 App is up to date.
2024-05-15 15:02:32 Checking for update using Github
2024-05-15 15:02:32 Success.
2024-05-15 15:02:32 Latest version is 1.5.12
2024-05-15 15:02:32 App is up to date.
2024-05-15 18:25:29 Checking for update using Github
2024-05-15 18:25:29 Success.
2024-05-15 18:25:29 Latest version is 1.5.12
2024-05-15 18:25:29 App is up to date.
2024-05-15 19:25:29 Checking for update using Github
2024-05-15 19:25:29 Success.
2024-05-15 19:25:29 Latest version is 1.5.12
2024-05-15 19:25:29 App is up to date.
2024-05-16 16:04:22 Checking for update using Github
2024-05-16 16:04:23 Success.
2024-05-16 16:04:23 Latest version is 1.5.12
2024-05-16 16:04:23 App is up to date.
2024-05-16 17:14:23 Checking for update using Github
2024-05-16 17:14:23 Success.
2024-05-16 17:14:23 Latest version is 1.5.12
2024-05-16 17:14:23 App is up to date.
2024-05-18 19:04:36 Loading main app package /tmp/.mount_Obsidihp0oeu/resources/obsidian.asar
2024-05-18 19:04:37 Checking for update using Github
2024-05-18 19:04:38 Success.
2024-05-18 19:04:38 Latest version is 1.5.12
2024-05-18 19:04:38 App is up to date.
2024-05-18 20:04:37 Checking for update using Github
2024-05-18 20:04:37 Success.
2024-05-18 20:04:37 Latest version is 1.5.12
2024-05-18 20:04:37 App is up to date.
2024-05-18 20:23:31 Loading main app package /tmp/.mount_ObsidigoxGXs/resources/obsidian.asar
2024-05-18 20:23:32 Checking for update using Github
2024-05-18 20:23:33 Success.
2024-05-18 20:23:33 Latest version is 1.5.12
2024-05-18 20:23:33 App is up to date.
2024-05-18 21:23:31 Checking for update using Github
2024-05-18 21:23:32 Success.
2024-05-18 21:23:32 Latest version is 1.5.12
2024-05-18 21:23:32 App is up to date.
2024-05-19 19:25:26 Loading main app package /tmp/.mount_ObsidiWIjYFS/resources/obsidian.asar
2024-05-19 19:25:27 Checking for update using Github
2024-05-19 19:25:27 Success.
2024-05-19 19:25:27 Latest version is 1.5.12
2024-05-19 19:25:27 App is up to date.
2024-05-20 17:16:53 Loading main app package /tmp/.mount_ObsidiWA4t8N/resources/obsidian.asar
2024-05-20 17:16:54 Checking for update using Github
2024-05-20 17:16:54 Success.
2024-05-20 17:16:54 Latest version is 1.5.12
2024-05-20 17:16:54 App is up to date.
2024-05-20 18:16:53 Checking for update using Github
2024-05-20 18:16:53 Success.
2024-05-20 18:16:53 Latest version is 1.5.12
2024-05-20 18:16:53 App is up to date.
2024-05-22 15:48:11 Checking for update using Github
2024-05-22 15:48:11 Success.
2024-05-22 15:48:11 Latest version is 1.5.12
2024-05-22 15:48:11 App is up to date.
2024-05-22 16:48:10 Checking for update using Github
2024-05-22 16:48:10 Success.
2024-05-22 16:48:10 Latest version is 1.5.12
2024-05-22 16:48:10 App is up to date.
2024-05-22 17:48:10 Checking for update using Github
2024-05-22 17:48:35 Failed to check for update using Github (net::ERR_NAME_NOT_RESOLVED)
2024-05-22 17:48:35 Checking for update using obsidian.md
2024-05-22 17:48:45 Failed to check for update using obsidian.md (net::ERR_NAME_NOT_RESOLVED)
2024-05-23 02:15:14 Loading main app package /tmp/.mount_ObsidiWegQ0g/resources/obsidian.asar
2024-05-23 02:15:15 Checking for update using Github
2024-05-23 02:15:15 Success.
2024-05-23 02:15:15 Latest version is 1.5.12
2024-05-23 02:15:15 App is up to date.
2024-05-23 03:15:15 Checking for update using Github
2024-05-23 03:15:15 Success.
2024-05-23 03:15:15 Latest version is 1.5.12
2024-05-23 03:15:15 App is up to date.
2024-05-23 15:01:51 Checking for update using Github
2024-05-23 15:01:51 Success.
2024-05-23 15:01:51 Latest version is 1.5.12
2024-05-23 15:01:51 App is up to date.
2024-05-23 16:01:51 Checking for update using Github
2024-05-23 16:01:51 Success.
2024-05-23 16:01:51 Latest version is 1.5.12
2024-05-23 16:01:51 App is up to date.
2024-05-23 17:01:51 Checking for update using Github
2024-05-23 17:01:51 Success.
2024-05-23 17:01:51 Latest version is 1.5.12
2024-05-23 17:01:51 App is up to date.
2024-05-23 18:01:52 Checking for update using Github
2024-05-23 18:01:52 Success.
2024-05-23 18:01:52 Latest version is 1.5.12
2024-05-23 18:01:52 App is up to date.
2024-05-23 19:01:52 Checking for update using Github
2024-05-23 19:01:52 Success.
2024-05-23 19:01:52 Latest version is 1.5.12
2024-05-23 19:01:52 App is up to date.
2024-05-23 20:01:52 Checking for update using Github
2024-05-23 20:01:52 Success.
2024-05-23 20:01:52 Latest version is 1.5.12
2024-05-23 20:01:52 App is up to date.
2024-05-24 15:16:21 Checking for update using Github
2024-05-24 15:16:21 Success.
2024-05-24 15:16:21 Latest version is 1.5.12
2024-05-24 15:16:21 App is up to date.
2024-05-24 16:16:21 Checking for update using Github
2024-05-24 16:16:21 Success.
2024-05-24 16:16:21 Latest version is 1.5.12
2024-05-24 16:16:21 App is up to date.
2024-05-24 17:16:21 Checking for update using Github
2024-05-24 17:16:22 Success.
2024-05-24 17:16:22 Latest version is 1.5.12
2024-05-24 17:16:22 App is up to date.
2024-05-24 17:50:13 Loading main app package /tmp/.mount_ObsidiXfBxWF/resources/obsidian.asar
2024-05-24 17:50:14 Checking for update using Github
2024-05-24 18:16:22 Checking for update using Github
2024-05-24 18:16:22 Success.
2024-05-24 18:16:22 Latest version is 1.5.12
2024-05-24 18:16:22 App is up to date.
2024-05-24 19:16:22 Checking for update using Github
2024-05-24 19:16:22 Success.
2024-05-24 19:16:22 Latest version is 1.5.12
2024-05-24 19:16:22 App is up to date.
2024-05-24 20:16:22 Checking for update using Github
2024-05-24 20:16:22 Success.
2024-05-24 20:16:22 Latest version is 1.5.12
2024-05-24 20:16:22 App is up to date.
2024-05-24 21:16:22 Checking for update using Github
2024-05-24 21:16:22 Success.
2024-05-24 21:16:22 Latest version is 1.5.12
2024-05-24 21:16:22 App is up to date.
2024-05-24 22:16:22 Checking for update using Github
2024-05-24 22:16:22 Success.
2024-05-24 22:16:22 Latest version is 1.5.12
2024-05-24 22:16:22 App is up to date.
2024-05-24 23:16:22 Checking for update using Github
2024-05-24 23:16:22 Success.
2024-05-24 23:16:22 Latest version is 1.5.12
2024-05-24 23:16:22 App is up to date.
2024-05-25 19:05:29 Loading main app package /tmp/.mount_Obsidi3uqcf4/resources/obsidian.asar
2024-05-25 19:05:30 Checking for update using Github
2024-05-25 19:05:30 Failed to check for update using Github (net::ERR_INTERNET_DISCONNECTED)
2024-05-25 19:05:30 Checking for update using obsidian.md
2024-05-25 19:05:30 Failed to check for update using obsidian.md (net::ERR_INTERNET_DISCONNECTED)
2024-05-25 20:05:29 Checking for update using Github
2024-05-25 20:05:29 Success.
2024-05-25 20:05:29 Latest version is 1.5.12
2024-05-25 20:05:29 App is up to date.
2024-05-25 21:05:29 Checking for update using Github
2024-05-25 21:05:30 Success.
2024-05-25 21:05:30 Latest version is 1.5.12
2024-05-25 21:05:30 App is up to date.
2024-05-28 16:53:36 Loading main app package /tmp/.mount_Obsidisy9yNL/resources/obsidian.asar
2024-05-28 16:53:38 Checking for update using Github
2024-05-28 16:53:38 Success.
2024-05-28 16:53:38 Latest version is 1.5.12
2024-05-28 16:53:38 App is up to date.
2024-05-28 17:53:36 Checking for update using Github
2024-05-28 17:53:37 Success.
2024-05-28 17:53:37 Latest version is 1.5.12
2024-05-28 17:53:37 App is up to date.
2024-05-30 12:32:33 Loading main app package /tmp/.mount_ObsidikemunG/resources/obsidian.asar
2024-05-30 12:32:34 Checking for update using Github
2024-05-30 12:32:34 Success.
2024-05-30 12:32:34 Latest version is 1.5.12
2024-05-30 12:32:34 App is up to date.
2024-05-30 13:32:32 Checking for update using Github
2024-05-30 13:32:32 Success.
2024-05-30 13:32:32 Latest version is 1.5.12
2024-05-30 13:32:32 App is up to date.
2024-05-31 15:25:13 Loading main app package /tmp/.mount_Obsidi3U7o3k/resources/obsidian.asar
2024-05-31 15:25:13 Checking for update using Github
2024-05-31 15:25:13 Success.
2024-05-31 15:25:13 Latest version is 1.5.12
2024-05-31 15:25:13 App is up to date.
2024-05-31 18:51:23 Checking for update using Github
2024-05-31 18:51:23 Success.
2024-05-31 18:51:23 Latest version is 1.5.12
2024-05-31 18:51:23 App is up to date.
2024-05-31 19:51:23 Checking for update using Github
2024-05-31 19:51:23 Success.
2024-05-31 19:51:23 Latest version is 1.5.12
2024-05-31 19:51:23 App is up to date.
2024-05-31 20:51:23 Checking for update using Github
2024-05-31 20:51:23 Success.
2024-05-31 20:51:23 Latest version is 1.5.12
2024-05-31 20:51:23 App is up to date.
2024-05-31 21:51:23 Checking for update using Github
2024-05-31 21:51:23 Success.
2024-05-31 21:51:23 Latest version is 1.5.12
2024-05-31 21:51:23 App is up to date.
2024-05-31 22:51:23 Checking for update using Github
2024-05-31 22:51:23 Success.
2024-05-31 22:51:23 Latest version is 1.5.12
2024-05-31 22:51:23 App is up to date.
2024-06-01 15:34:56 Checking for update using Github
2024-06-01 15:34:56 Success.
2024-06-01 15:34:56 Latest version is 1.5.12
2024-06-01 15:34:56 App is up to date.
2024-06-01 16:34:56 Checking for update using Github
2024-06-01 16:34:56 Success.
2024-06-01 16:34:56 Latest version is 1.5.12
2024-06-01 16:34:56 App is up to date.
2024-06-01 17:34:56 Checking for update using Github
2024-06-01 17:34:56 Success.
2024-06-01 17:34:56 Latest version is 1.5.12
2024-06-01 17:34:56 App is up to date.
2024-06-01 18:34:56 Checking for update using Github
2024-06-01 18:34:56 Success.
2024-06-01 18:34:56 Latest version is 1.5.12
2024-06-01 18:34:56 App is up to date.
2024-06-01 19:34:56 Checking for update using Github
2024-06-01 19:34:56 Success.
2024-06-01 19:34:56 Latest version is 1.5.12
2024-06-01 19:34:56 App is up to date.
2024-06-01 20:34:56 Checking for update using Github
2024-06-01 20:34:56 Success.
2024-06-01 20:34:56 Latest version is 1.5.12
2024-06-01 20:34:56 App is up to date.
2024-06-02 15:05:40 Loading main app package /tmp/.mount_ObsidiFBS9ym/resources/obsidian.asar
2024-06-02 15:05:41 Checking for update using Github
2024-06-02 15:05:41 Success.
2024-06-02 15:05:41 Latest version is 1.5.12
2024-06-02 15:05:41 App is up to date.
2024-06-02 16:05:41 Checking for update using Github
2024-06-02 16:05:41 Success.
2024-06-02 16:05:41 Latest version is 1.5.12
2024-06-02 16:05:41 App is up to date.
2024-06-02 17:05:41 Checking for update using Github
2024-06-02 17:05:41 Success.
2024-06-02 17:05:41 Latest version is 1.5.12
2024-06-02 17:05:41 App is up to date.
2024-06-02 18:05:41 Checking for update using Github
2024-06-02 18:05:41 Success.
2024-06-02 18:05:41 Latest version is 1.5.12
2024-06-02 18:05:41 App is up to date.
2024-06-02 19:05:41 Checking for update using Github
2024-06-02 19:05:41 Success.
2024-06-02 19:05:41 Latest version is 1.5.12
2024-06-02 19:05:41 App is up to date.
2024-06-02 20:05:41 Checking for update using Github
2024-06-02 20:05:41 Success.
2024-06-02 20:05:41 Latest version is 1.5.12
2024-06-02 20:05:41 App is up to date.
2024-06-02 21:05:41 Checking for update using Github
2024-06-02 21:05:41 Success.
2024-06-02 21:05:41 Latest version is 1.5.12
2024-06-02 21:05:41 App is up to date.
2024-06-02 22:05:41 Checking for update using Github
2024-06-02 22:05:41 Success.
2024-06-02 22:05:41 Latest version is 1.5.12
2024-06-02 22:05:41 App is up to date.
2024-06-02 23:05:41 Checking for update using Github
2024-06-02 23:05:41 Success.
2024-06-02 23:05:41 Latest version is 1.5.12
2024-06-02 23:05:41 App is up to date.
2024-06-03 00:05:41 Checking for update using Github
2024-06-03 00:05:41 Success.
2024-06-03 00:05:41 Latest version is 1.5.12
2024-06-03 00:05:41 App is up to date.
2024-06-03 01:05:42 Checking for update using Github
2024-06-03 01:05:42 Success.
2024-06-03 01:05:42 Latest version is 1.5.12
2024-06-03 01:05:42 App is up to date.
2024-06-03 02:05:42 Checking for update using Github
2024-06-03 02:05:42 Success.
2024-06-03 02:05:42 Latest version is 1.5.12
2024-06-03 02:05:42 App is up to date.
2024-06-03 03:05:42 Checking for update using Github
2024-06-03 03:05:42 Success.
2024-06-03 03:05:42 Latest version is 1.5.12
2024-06-03 03:05:42 App is up to date.
2024-06-03 14:25:40 Checking for update using Github
2024-06-03 14:25:40 Success.
2024-06-03 14:25:40 Latest version is 1.5.12
2024-06-03 14:25:40 App is up to date.
2024-06-03 15:25:39 Checking for update using Github
2024-06-03 15:25:39 Success.
2024-06-03 15:25:39 Latest version is 1.5.12
2024-06-03 15:25:39 App is up to date.
2024-06-03 16:25:39 Checking for update using Github
2024-06-03 16:25:39 Success.
2024-06-03 16:25:39 Latest version is 1.5.12
2024-06-03 16:25:39 App is up to date.
2024-06-03 17:25:39 Checking for update using Github
2024-06-03 17:25:39 Success.
2024-06-03 17:25:39 Latest version is 1.5.12
2024-06-03 17:25:39 App is up to date.
2024-06-03 18:25:39 Checking for update using Github
2024-06-03 18:25:39 Success.
2024-06-03 18:25:39 Latest version is 1.5.12
2024-06-03 18:25:39 App is up to date.
2024-06-03 19:25:39 Checking for update using Github
2024-06-03 19:25:40 Success.
2024-06-03 19:25:40 Latest version is 1.5.12
2024-06-03 19:25:40 App is up to date.
2024-06-03 20:25:40 Checking for update using Github
2024-06-03 20:25:40 Success.
2024-06-03 20:25:40 Latest version is 1.5.12
2024-06-03 20:25:40 App is up to date.
2024-06-03 21:25:40 Checking for update using Github
2024-06-03 21:25:40 Success.
2024-06-03 21:25:40 Latest version is 1.5.12
2024-06-03 21:25:40 App is up to date.
2024-06-04 00:50:29 Checking for update using Github
2024-06-04 00:50:30 Success.
2024-06-04 00:50:30 Latest version is 1.5.12
2024-06-04 00:50:30 App is up to date.
2024-06-04 01:50:29 Checking for update using Github
2024-06-04 01:50:30 Success.
2024-06-04 01:50:30 Latest version is 1.5.12
2024-06-04 01:50:30 App is up to date.
2024-06-04 02:50:30 Checking for update using Github
2024-06-04 02:50:30 Success.
2024-06-04 02:50:30 Latest version is 1.5.12
2024-06-04 02:50:30 App is up to date.
2024-06-04 21:02:50 Checking for update using Github
2024-06-04 21:02:50 Success.
2024-06-04 21:02:50 Latest version is 1.5.12
2024-06-04 21:02:50 App is up to date.
2024-06-04 22:02:50 Checking for update using Github
2024-06-04 22:02:50 Success.
2024-06-04 22:02:50 Latest version is 1.5.12
2024-06-04 22:02:50 App is up to date.
2024-06-04 23:02:50 Checking for update using Github
2024-06-04 23:02:50 Success.
2024-06-04 23:02:50 Latest version is 1.5.12
2024-06-04 23:02:50 App is up to date.
2024-06-05 00:02:50 Checking for update using Github
2024-06-05 00:02:50 Success.
2024-06-05 00:02:50 Latest version is 1.5.12
2024-06-05 00:02:50 App is up to date.
2024-06-05 01:03:42 Loading main app package /tmp/.mount_ObsidifBwuBQ/resources/obsidian.asar
2024-06-05 01:03:43 Checking for update using Github
2024-06-05 01:03:43 Success.
2024-06-05 01:03:43 Latest version is 1.5.12
2024-06-05 01:03:43 App is up to date.
2024-06-05 02:03:42 Checking for update using Github
2024-06-05 02:03:42 Success.
2024-06-05 02:03:42 Latest version is 1.5.12
2024-06-05 02:03:42 App is up to date.
2024-06-05 03:03:42 Checking for update using Github
2024-06-05 03:03:42 Success.
2024-06-05 03:03:42 Latest version is 1.5.12
2024-06-05 03:03:42 App is up to date.
2024-06-05 13:17:49 Checking for update using Github
2024-06-05 13:17:49 Success.
2024-06-05 13:17:49 Latest version is 1.5.12
2024-06-05 13:17:49 App is up to date.
2024-06-05 14:17:49 Checking for update using Github
2024-06-05 14:17:49 Success.
2024-06-05 14:17:49 Latest version is 1.5.12
2024-06-05 14:17:49 App is up to date.
2024-06-05 15:17:49 Checking for update using Github
2024-06-05 15:17:49 Success.
2024-06-05 15:17:49 Latest version is 1.5.12
2024-06-05 15:17:49 App is up to date.
2024-06-05 16:17:49 Checking for update using Github
2024-06-05 16:17:49 Success.
2024-06-05 16:17:49 Latest version is 1.5.12
2024-06-05 16:17:49 App is up to date.
2024-06-05 17:17:49 Checking for update using Github
2024-06-05 17:17:49 Success.
2024-06-05 17:17:49 Latest version is 1.5.12
2024-06-05 17:17:49 App is up to date.
2024-06-05 18:17:49 Checking for update using Github
2024-06-05 18:17:49 Success.
2024-06-05 18:17:49 Latest version is 1.5.12
2024-06-05 18:17:49 App is up to date.
2024-06-05 19:17:49 Checking for update using Github
2024-06-05 19:17:49 Success.
2024-06-05 19:17:49 Latest version is 1.5.12
2024-06-05 19:17:49 App is up to date.
2024-06-06 02:04:19 Checking for update using Github
2024-06-06 02:04:20 Success.
2024-06-06 02:04:20 Latest version is 1.5.12
2024-06-06 02:04:20 App is up to date.
2024-06-06 15:39:03 Checking for update using Github
2024-06-06 15:39:03 Success.
2024-06-06 15:39:03 Latest version is 1.5.12
2024-06-06 15:39:03 App is up to date.
2024-06-06 19:23:22 Checking for update using Github
2024-06-06 19:23:22 Success.
2024-06-06 19:23:22 Latest version is 1.5.12
2024-06-06 19:23:22 App is up to date.
2024-06-06 22:29:01 Checking for update using Github
2024-06-06 22:29:01 Success.
2024-06-06 22:29:01 Latest version is 1.5.12
2024-06-06 22:29:01 App is up to date.
2024-06-07 01:47:07 Checking for update using Github
2024-06-07 01:47:07 Success.
2024-06-07 01:47:07 Latest version is 1.5.12
2024-06-07 01:47:07 App is up to date.
2024-06-07 14:10:34 Checking for update using Github
2024-06-07 14:10:34 Success.
2024-06-07 14:10:34 Latest version is 1.5.12
2024-06-07 14:10:34 App is up to date.
2024-06-07 15:10:34 Checking for update using Github
2024-06-07 15:10:34 Success.
2024-06-07 15:10:34 Latest version is 1.5.12
2024-06-07 15:10:34 App is up to date.
