2024-01-19 19:24:42.859 [info] Log level: Info
2024-01-19 19:24:42.859 [info] Validating found git in: "git"
2024-01-19 19:24:42.859 [info] Using git "2.43.0" from "git"
2024-01-19 19:24:42.859 [info] > git rev-parse --show-toplevel [21ms]
2024-01-19 19:24:42.859 [info] > git rev-parse --git-dir --git-common-dir [8ms]
2024-01-19 19:24:42.859 [info] Open repository: /home/dylan/Seafile/My Library/Temp_Git_Files/bigdale123.github.io
2024-01-19 19:24:42.909 [info] > git rev-parse --show-toplevel [26ms]
2024-01-19 19:24:42.911 [info] > git config --get commit.template [39ms]
2024-01-19 19:24:42.949 [info] > git for-each-ref --format=%(refname)%00%(upstream:short)%00%(objectname)%00%(upstream:track)%00%(upstream:remotename)%00%(upstream:remoteref) refs/heads/main refs/remotes/main [9ms]
2024-01-19 19:24:42.950 [info] > git rev-parse --show-toplevel [22ms]
2024-01-19 19:24:42.965 [info] > git rev-parse --show-toplevel [3ms]
2024-01-19 19:24:43.001 [info] > git rev-parse --show-toplevel [7ms]
2024-01-19 19:24:43.018 [info] > git rev-parse --show-toplevel [3ms]
2024-01-19 19:24:43.033 [info] > git status -z -uall [53ms]
2024-01-19 19:24:43.175 [info] > git config --get commit.template [109ms]
2024-01-19 19:24:43.282 [info] > git for-each-ref --format=%(refname)%00%(upstream:short)%00%(objectname)%00%(upstream:track)%00%(upstream:remotename)%00%(upstream:remoteref) refs/heads/main refs/remotes/main [20ms]
2024-01-19 19:24:43.327 [info] > git status -z -uall [30ms]
2024-01-19 19:24:43.451 [info] > git check-ignore -v -z --stdin [33ms]
2024-01-19 19:24:44.391 [info] > git show --textconv :src/app.html [16ms]
2024-01-19 19:24:44.395 [info] > git ls-files --stage -- /home/dylan/Seafile/My Library/Temp_Git_Files/bigdale123.github.io/src/app.html [5ms]
2024-01-19 19:24:44.410 [info] > git cat-file -s 9e95de14b607abcd8a0d394df41b3ff2552276cc [4ms]
2024-01-19 19:24:57.052 [info] > git config --get commit.template [13ms]
2024-01-19 19:24:57.054 [info] > git for-each-ref --format=%(refname)%00%(upstream:short)%00%(objectname)%00%(upstream:track)%00%(upstream:remotename)%00%(upstream:remoteref) refs/heads/main refs/remotes/main [3ms]
2024-01-19 19:24:57.090 [info] > git status -z -uall [25ms]
2024-01-19 19:25:32.531 [info] > git show --textconv :src/app.pcss [16ms]
2024-01-19 19:25:32.533 [info] > git ls-files --stage -- /home/dylan/Seafile/My Library/Temp_Git_Files/bigdale123.github.io/src/app.pcss [5ms]
2024-01-19 19:25:32.545 [info] > git cat-file -s 1a7b7cf38b0a266af42d00390329f2dc0f54bdc7 [3ms]
2024-01-19 19:25:53.586 [info] > git config --get commit.template [12ms]
2024-01-19 19:25:53.587 [info] > git for-each-ref --format=%(refname)%00%(upstream:short)%00%(objectname)%00%(upstream:track)%00%(upstream:remotename)%00%(upstream:remoteref) refs/heads/main refs/remotes/main [2ms]
2024-01-19 19:25:53.621 [info] > git status -z -uall [23ms]
2024-01-19 19:26:10.650 [info] > git check-ignore -v -z --stdin [3ms]
2024-01-19 19:26:11.379 [info] > git config --get commit.template [13ms]
2024-01-19 19:26:11.381 [info] > git for-each-ref --format=%(refname)%00%(upstream:short)%00%(objectname)%00%(upstream:track)%00%(upstream:remotename)%00%(upstream:remoteref) refs/heads/main refs/remotes/main [2ms]
2024-01-19 19:26:11.417 [info] > git status -z -uall [24ms]
2024-01-19 19:26:16.446 [info] > git config --get commit.template [11ms]
2024-01-19 19:26:16.447 [info] > git for-each-ref --format=%(refname)%00%(upstream:short)%00%(objectname)%00%(upstream:track)%00%(upstream:remotename)%00%(upstream:remoteref) refs/heads/main refs/remotes/main [2ms]
2024-01-19 19:26:16.503 [info] > git status -z -uall [45ms]
2024-01-19 19:26:27.948 [info] > git config --get commit.template [11ms]
2024-01-19 19:26:27.961 [info] > git for-each-ref --format=%(refname)%00%(upstream:short)%00%(objectname)%00%(upstream:track)%00%(upstream:remotename)%00%(upstream:remoteref) refs/heads/main refs/remotes/main [14ms]
2024-01-19 19:26:27.994 [info] > git status -z -uall [22ms]
2024-01-19 19:26:28.044 [info] > git ls-files --stage -- /home/dylan/Seafile/My Library/Temp_Git_Files/bigdale123.github.io/src/app.pcss [4ms]
2024-01-19 19:26:28.058 [info] > git cat-file -s 1a7b7cf38b0a266af42d00390329f2dc0f54bdc7 [3ms]
2024-01-19 19:26:28.075 [info] > git show --textconv :src/app.pcss [4ms]
2024-01-19 19:26:33.738 [info] > git show --textconv :docs/Dylan_Calvin.pdf [14ms]
2024-01-19 19:26:33.741 [info] > git ls-files --stage -- /home/dylan/Seafile/My Library/Temp_Git_Files/bigdale123.github.io/docs/Dylan_Calvin.pdf [4ms]
2024-01-19 19:26:33.758 [info] > git cat-file -s 54ffae547fab9efddb408eb42db1b055b220d4bb [2ms]
2024-01-19 19:26:50.413 [info] > git config --get commit.template [17ms]
2024-01-19 19:26:50.429 [info] > git ls-files --stage -- /home/dylan/Seafile/My Library/Temp_Git_Files/bigdale123.github.io/docs/Dylan_Calvin.pdf [19ms]
2024-01-19 19:26:50.444 [info] > git for-each-ref --format=%(refname)%00%(upstream:short)%00%(objectname)%00%(upstream:track)%00%(upstream:remotename)%00%(upstream:remoteref) refs/heads/main refs/remotes/main [17ms]
2024-01-19 19:26:50.445 [info] > git cat-file -s 54ffae547fab9efddb408eb42db1b055b220d4bb [3ms]
2024-01-19 19:26:50.483 [info] > git show --textconv :docs/Dylan_Calvin.pdf [6ms]
2024-01-19 19:26:50.494 [info] > git status -z -uall [35ms]
2024-01-19 19:28:16.809 [info] > git show --textconv :src/app.html [13ms]
2024-01-19 19:28:16.811 [info] > git ls-files --stage -- /home/dylan/Seafile/My Library/Temp_Git_Files/bigdale123.github.io/src/app.html [4ms]
2024-01-19 19:28:16.824 [info] > git cat-file -s 9e95de14b607abcd8a0d394df41b3ff2552276cc [2ms]
2024-01-19 19:28:20.147 [info] > git config --get commit.template [11ms]
2024-01-19 19:28:20.148 [info] > git for-each-ref --format=%(refname)%00%(upstream:short)%00%(objectname)%00%(upstream:track)%00%(upstream:remotename)%00%(upstream:remoteref) refs/heads/main refs/remotes/main [2ms]
2024-01-19 19:28:20.184 [info] > git status -z -uall [25ms]
2024-01-19 19:28:20.771 [info] > git show --textconv :static/Dylan_Calvin.pdf [15ms]
2024-01-19 19:28:20.775 [info] > git ls-files --stage -- /home/dylan/Seafile/My Library/Temp_Git_Files/bigdale123.github.io/static/Dylan_Calvin.pdf [4ms]
2024-01-19 19:28:20.790 [info] > git cat-file -s 54ffae547fab9efddb408eb42db1b055b220d4bb [2ms]
2024-01-19 19:28:30.127 [info] > git show --textconv :src/app.html [13ms]
2024-01-19 19:28:30.130 [info] > git ls-files --stage -- /home/dylan/Seafile/My Library/Temp_Git_Files/bigdale123.github.io/src/app.html [4ms]
2024-01-19 19:28:30.144 [info] > git cat-file -s 9e95de14b607abcd8a0d394df41b3ff2552276cc [2ms]
2024-01-19 19:28:41.083 [info] > git config --get commit.template [12ms]
2024-01-19 19:28:41.085 [info] > git for-each-ref --format=%(refname)%00%(upstream:short)%00%(objectname)%00%(upstream:track)%00%(upstream:remotename)%00%(upstream:remoteref) refs/heads/main refs/remotes/main [3ms]
2024-01-19 19:28:41.120 [info] > git status -z -uall [22ms]
2024-01-19 19:28:46.140 [info] > git config --get commit.template [2ms]
2024-01-19 19:28:46.151 [info] > git for-each-ref --format=%(refname)%00%(upstream:short)%00%(objectname)%00%(upstream:track)%00%(upstream:remotename)%00%(upstream:remoteref) refs/heads/main refs/remotes/main [2ms]
2024-01-19 19:28:46.212 [info] > git status -z -uall [50ms]
2024-01-19 19:29:22.648 [info] > git config --get commit.template [13ms]
2024-01-19 19:29:22.649 [info] > git for-each-ref --format=%(refname)%00%(upstream:short)%00%(objectname)%00%(upstream:track)%00%(upstream:remotename)%00%(upstream:remoteref) refs/heads/main refs/remotes/main [3ms]
2024-01-19 19:29:22.705 [info] > git status -z -uall [45ms]
2024-01-19 19:29:33.248 [info] > git config --get commit.template [2ms]
2024-01-19 19:29:33.262 [info] > git for-each-ref --format=%(refname)%00%(upstream:short)%00%(objectname)%00%(upstream:track)%00%(upstream:remotename)%00%(upstream:remoteref) refs/heads/main refs/remotes/main [3ms]
2024-01-19 19:29:33.296 [info] > git status -z -uall [23ms]
2024-01-19 19:33:40.717 [info] > git config --get commit.template [16ms]
2024-01-19 19:33:40.719 [info] > git for-each-ref --format=%(refname)%00%(upstream:short)%00%(objectname)%00%(upstream:track)%00%(upstream:remotename)%00%(upstream:remoteref) refs/heads/main refs/remotes/main [3ms]
2024-01-19 19:33:40.758 [info] > git status -z -uall [26ms]
2024-01-19 19:33:51.243 [info] > git config --get commit.template [11ms]
2024-01-19 19:33:51.244 [info] > git for-each-ref --format=%(refname)%00%(upstream:short)%00%(objectname)%00%(upstream:track)%00%(upstream:remotename)%00%(upstream:remoteref) refs/heads/main refs/remotes/main [2ms]
2024-01-19 19:33:51.278 [info] > git status -z -uall [22ms]
2024-01-19 19:34:15.890 [info] > git show --textconv :src/app.html [13ms]
2024-01-19 19:34:15.892 [info] > git ls-files --stage -- /home/dylan/Seafile/My Library/Temp_Git_Files/bigdale123.github.io/src/app.html [3ms]
2024-01-19 19:34:15.906 [info] > git cat-file -s 9e95de14b607abcd8a0d394df41b3ff2552276cc [3ms]
2024-01-19 19:34:36.295 [info] > git config --get commit.template [14ms]
2024-01-19 19:34:36.296 [info] > git for-each-ref --format=%(refname)%00%(upstream:short)%00%(objectname)%00%(upstream:track)%00%(upstream:remotename)%00%(upstream:remoteref) refs/heads/main refs/remotes/main [3ms]
2024-01-19 19:34:36.333 [info] > git status -z -uall [23ms]
2024-01-19 19:34:41.362 [info] > git config --get commit.template [12ms]
2024-01-19 19:34:41.363 [info] > git for-each-ref --format=%(refname)%00%(upstream:short)%00%(objectname)%00%(upstream:track)%00%(upstream:remotename)%00%(upstream:remoteref) refs/heads/main refs/remotes/main [2ms]
2024-01-19 19:34:41.425 [info] > git status -z -uall [50ms]
2024-01-19 19:34:51.512 [info] > git config --get commit.template [13ms]
2024-01-19 19:34:51.513 [info] > git for-each-ref --format=%(refname)%00%(upstream:short)%00%(objectname)%00%(upstream:track)%00%(upstream:remotename)%00%(upstream:remoteref) refs/heads/main refs/remotes/main [2ms]
2024-01-19 19:34:51.571 [info] > git status -z -uall [47ms]
2024-01-19 19:34:59.585 [info] > git config --get commit.template [12ms]
2024-01-19 19:34:59.586 [info] > git for-each-ref --format=%(refname)%00%(upstream:short)%00%(objectname)%00%(upstream:track)%00%(upstream:remotename)%00%(upstream:remoteref) refs/heads/main refs/remotes/main [2ms]
2024-01-19 19:34:59.621 [info] > git status -z -uall [25ms]
2024-01-19 19:34:59.707 [info] > git ls-files --stage -- /home/dylan/Seafile/My Library/Temp_Git_Files/bigdale123.github.io/src/app.html [3ms]
2024-01-19 19:34:59.744 [info] > git cat-file -s 9e95de14b607abcd8a0d394df41b3ff2552276cc [21ms]
2024-01-19 19:34:59.760 [info] > git show --textconv :src/app.html [3ms]
2024-01-19 19:35:02.003 [info] > git ls-files --stage -- /home/dylan/Seafile/My Library/Temp_Git_Files/bigdale123.github.io/src/app.html [4ms]
2024-01-19 19:35:02.018 [info] > git cat-file -s 9e95de14b607abcd8a0d394df41b3ff2552276cc [3ms]
2024-01-19 19:35:02.033 [info] > git show --textconv :src/app.html [3ms]
2024-01-19 19:36:07.496 [info] > git config --get commit.template [15ms]
2024-01-19 19:36:07.498 [info] > git for-each-ref --format=%(refname)%00%(upstream:short)%00%(objectname)%00%(upstream:track)%00%(upstream:remotename)%00%(upstream:remoteref) refs/heads/main refs/remotes/main [4ms]
2024-01-19 19:36:07.534 [info] > git status -z -uall [23ms]
2024-01-19 19:36:15.119 [info] > git config --get commit.template [15ms]
2024-01-19 19:36:15.120 [info] > git for-each-ref --format=%(refname)%00%(upstream:short)%00%(objectname)%00%(upstream:track)%00%(upstream:remotename)%00%(upstream:remoteref) refs/heads/main refs/remotes/main [3ms]
2024-01-19 19:36:15.170 [info] > git status -z -uall [36ms]
2024-01-19 19:36:20.297 [info] > git config --get commit.template [14ms]
2024-01-19 19:36:20.299 [info] > git for-each-ref --format=%(refname)%00%(upstream:short)%00%(objectname)%00%(upstream:track)%00%(upstream:remotename)%00%(upstream:remoteref) refs/heads/main refs/remotes/main [2ms]
2024-01-19 19:36:20.335 [info] > git status -z -uall [25ms]
2024-01-19 19:36:25.364 [info] > git config --get commit.template [11ms]
2024-01-19 19:36:25.366 [info] > git for-each-ref --format=%(refname)%00%(upstream:short)%00%(objectname)%00%(upstream:track)%00%(upstream:remotename)%00%(upstream:remoteref) refs/heads/main refs/remotes/main [3ms]
2024-01-19 19:36:25.400 [info] > git status -z -uall [23ms]
2024-01-19 19:36:30.431 [info] > git config --get commit.template [11ms]
2024-01-19 19:36:30.433 [info] > git for-each-ref --format=%(refname)%00%(upstream:short)%00%(objectname)%00%(upstream:track)%00%(upstream:remotename)%00%(upstream:remoteref) refs/heads/main refs/remotes/main [3ms]
2024-01-19 19:36:30.471 [info] > git status -z -uall [26ms]
2024-01-19 19:41:36.295 [info] > git show --textconv :src/app.html [14ms]
2024-01-19 19:41:36.298 [info] > git ls-files --stage -- /home/dylan/Seafile/My Library/Temp_Git_Files/bigdale123.github.io/src/app.html [4ms]
2024-01-19 19:41:36.313 [info] > git cat-file -s 9e95de14b607abcd8a0d394df41b3ff2552276cc [3ms]
2024-01-19 19:41:45.368 [info] > git config --get commit.template [13ms]
2024-01-19 19:41:45.369 [info] > git for-each-ref --format=%(refname)%00%(upstream:short)%00%(objectname)%00%(upstream:track)%00%(upstream:remotename)%00%(upstream:remoteref) refs/heads/main refs/remotes/main [3ms]
2024-01-19 19:41:45.408 [info] > git status -z -uall [25ms]
2024-01-19 19:41:53.767 [info] > git config --get commit.template [13ms]
2024-01-19 19:41:53.768 [info] > git for-each-ref --format=%(refname)%00%(upstream:short)%00%(objectname)%00%(upstream:track)%00%(upstream:remotename)%00%(upstream:remoteref) refs/heads/main refs/remotes/main [2ms]
2024-01-19 19:41:53.806 [info] > git status -z -uall [25ms]
2024-01-19 19:41:58.835 [info] > git config --get commit.template [13ms]
2024-01-19 19:41:58.836 [info] > git for-each-ref --format=%(refname)%00%(upstream:short)%00%(objectname)%00%(upstream:track)%00%(upstream:remotename)%00%(upstream:remoteref) refs/heads/main refs/remotes/main [2ms]
2024-01-19 19:41:58.899 [info] > git status -z -uall [49ms]
2024-01-19 19:42:14.419 [info] > git config --get commit.template [14ms]
2024-01-19 19:42:14.421 [info] > git for-each-ref --format=%(refname)%00%(upstream:short)%00%(objectname)%00%(upstream:track)%00%(upstream:remotename)%00%(upstream:remoteref) refs/heads/main refs/remotes/main [3ms]
2024-01-19 19:42:14.460 [info] > git status -z -uall [27ms]
2024-01-19 19:42:14.516 [info] > git ls-files --stage -- /home/dylan/Seafile/My Library/Temp_Git_Files/bigdale123.github.io/src/app.html [3ms]
2024-01-19 19:42:14.531 [info] > git cat-file -s 1a7b67b0e965fad10cc369e7662240c9e59dd691 [2ms]
2024-01-19 19:42:14.556 [info] > git show --textconv :src/app.html [4ms]
