2024-02-14 11:33:08.662 [info] Extension host with pid 102361 started
2024-02-14 11:33:08.663 [info] Skipping acquiring lock for /home/dylan/.config/Code/User/workspaceStorage/11bba4dd74251ca1e102a73a6583c9bb.
2024-02-14 11:33:08.702 [info] ExtensionService#_doActivateExtension vscode.git-base, startup: true, activationEvent: '*'
2024-02-14 11:33:08.723 [info] ExtensionService#_doActivateExtension vscode.github, startup: true, activationEvent: '*'
2024-02-14 11:33:08.762 [info] Eager extensions activated
2024-02-14 11:33:08.770 [info] ExtensionService#_doActivateExtension vscode.debug-auto-launch, startup: false, activationEvent: 'onStartupFinished'
2024-02-14 11:33:08.774 [info] ExtensionService#_doActivateExtension vscode.merge-conflict, startup: false, activationEvent: 'onStartupFinished'
2024-02-14 11:33:23.146 [info] Extension host terminating: renderer closed the MessagePort
2024-02-14 11:33:23.155 [info] Extension host with pid 102361 exiting with code 0
2024-02-14 11:33:24.378 [info] Extension host with pid 102499 started
2024-02-14 11:33:24.379 [info] Skipping acquiring lock for /home/dylan/.config/Code/User/workspaceStorage/9cbf53a995c3ba156964b0aac12d3f7e.
2024-02-14 11:33:24.414 [info] ExtensionService#_doActivateExtension vscode.git-base, startup: true, activationEvent: '*', root cause: vscode.git
2024-02-14 11:33:24.473 [info] ExtensionService#_doActivateExtension vscode.git, startup: true, activationEvent: '*'
2024-02-14 11:33:24.523 [info] ExtensionService#_doActivateExtension vscode.github, startup: true, activationEvent: '*'
2024-02-14 11:33:24.622 [info] Eager extensions activated
2024-02-14 11:33:24.667 [info] ExtensionService#_doActivateExtension vscode.debug-auto-launch, startup: false, activationEvent: 'onStartupFinished'
2024-02-14 11:33:24.670 [info] ExtensionService#_doActivateExtension vscode.merge-conflict, startup: false, activationEvent: 'onStartupFinished'
2024-02-14 11:33:24.681 [info] ExtensionService#_doActivateExtension bradlc.vscode-tailwindcss, startup: false, activationEvent: 'onStartupFinished'
2024-02-14 11:33:37.811 [info] ExtensionService#_doActivateExtension vscode.emmet, startup: false, activationEvent: 'onLanguage'
2024-02-14 11:36:34.571 [info] ExtensionService#_doActivateExtension vscode.npm, startup: false, activationEvent: 'onTerminalQuickFixRequest:ms-vscode.npm-command'
2024-02-17 15:27:27.894 [info] Extension host terminating: renderer closed the MessagePort
2024-02-17 15:27:27.918 [info] Extension host with pid 102499 exiting with code 0
