2024-01-16 10:47:37.860 [info] Getting Manifest... svelte.svelte-vscode
2024-01-16 10:47:37.875 [info] Installing extension: svelte.svelte-vscode
2024-01-16 10:47:40.828 [warning] Extension signature verification failed with error 'UnknownError': svelte.svelte-vscode
2024-01-16 10:47:46.369 [info] Extracted extension to file:///home/dylan/.vscode/extensions/svelte.svelte-vscode-108.2.1: svelte.svelte-vscode
2024-01-16 10:47:46.393 [info] Renamed to /home/dylan/.vscode/extensions/svelte.svelte-vscode-108.2.1
2024-01-16 10:47:46.398 [info] Extracting extension completed. svelte.svelte-vscode
2024-01-16 10:47:46.421 [info] Extension installed successfully: svelte.svelte-vscode
2024-01-16 10:47:46.501 [error] [uncaught exception in sharedProcess]: Error: ENOENT: no such file or directory, stat '/home/dylan/.vscode/extensions/extensions.json.vsctmp': EntryNotFound (FileSystemError): Error: ENOENT: no such file or directory, stat '/home/dylan/.vscode/extensions/extensions.json.vsctmp'
    at r.create (/opt/visual-studio-code/resources/app/out/vs/code/node/sharedProcess/sharedProcessMain.js:51:30056)
    at a (/opt/visual-studio-code/resources/app/out/vs/code/node/sharedProcess/sharedProcessMain.js:51:30170)
    at s.fb (/opt/visual-studio-code/resources/app/out/vs/code/node/sharedProcess/sharedProcessMain.js:56:36175)
    at s.stat (/opt/visual-studio-code/resources/app/out/vs/code/node/sharedProcess/sharedProcessMain.js:56:28621)
    at async E.stat (/opt/visual-studio-code/resources/app/out/vs/code/node/sharedProcess/sharedProcessMain.js:56:15732)
    at async Y.tb (/opt/visual-studio-code/resources/app/out/vs/code/node/sharedProcess/sharedProcessMain.js:100:111319)
2024-01-16 11:06:27.380 [info] Getting Manifest... bradlc.vscode-tailwindcss
2024-01-16 11:06:27.395 [info] Installing extension: bradlc.vscode-tailwindcss
2024-01-16 11:06:28.196 [warning] Extension signature verification failed with error 'UnknownError': bradlc.vscode-tailwindcss
2024-01-16 11:06:28.334 [info] Extracted extension to file:///home/dylan/.vscode/extensions/bradlc.vscode-tailwindcss-0.10.5: bradlc.vscode-tailwindcss
2024-01-16 11:06:28.352 [info] Renamed to /home/dylan/.vscode/extensions/bradlc.vscode-tailwindcss-0.10.5
2024-01-16 11:06:28.355 [info] Extracting extension completed. bradlc.vscode-tailwindcss
2024-01-16 11:06:28.370 [info] Extension installed successfully: bradlc.vscode-tailwindcss
2024-01-16 11:06:28.382 [error] [uncaught exception in sharedProcess]: Error: ENOENT: no such file or directory, stat '/home/dylan/.vscode/extensions/extensions.json.vsctmp': EntryNotFound (FileSystemError): Error: ENOENT: no such file or directory, stat '/home/dylan/.vscode/extensions/extensions.json.vsctmp'
    at r.create (/opt/visual-studio-code/resources/app/out/vs/code/node/sharedProcess/sharedProcessMain.js:51:30056)
    at a (/opt/visual-studio-code/resources/app/out/vs/code/node/sharedProcess/sharedProcessMain.js:51:30170)
    at s.fb (/opt/visual-studio-code/resources/app/out/vs/code/node/sharedProcess/sharedProcessMain.js:56:36175)
    at s.stat (/opt/visual-studio-code/resources/app/out/vs/code/node/sharedProcess/sharedProcessMain.js:56:28621)
    at async E.stat (/opt/visual-studio-code/resources/app/out/vs/code/node/sharedProcess/sharedProcessMain.js:56:15732)
    at async Y.tb (/opt/visual-studio-code/resources/app/out/vs/code/node/sharedProcess/sharedProcessMain.js:100:111319)
