00:00:00.000284 main     VirtualBox XPCOM Server 7.0.18 r162988 linux.amd64 (May  3 2024 17:29:05) release log
00:00:00.000287 main     Log opened 2024-05-11T04:57:34.723651000Z
00:00:00.000287 main     Build Type: release
00:00:00.000290 main     OS Product: Linux
00:00:00.000291 main     OS Release: 6.8.7-arch1-2
00:00:00.000292 main     OS Version: #1 SMP PREEMPT_DYNAMIC Fri, 19 Apr 2024 09:51:31 +0000
00:00:00.000328 main     DMI Product Name: 20MVS03800
00:00:00.000341 main     DMI Product Version: ThinkPad A485
00:00:00.000348 main     Firmware type: UEFI
00:00:00.001169 main     Secure Boot: Disabled
00:00:00.001229 main     Host RAM: 14862MB (14.5GB) total, 8658MB (8.4GB) available
00:00:00.001232 main     Executable: /usr/lib/virtualbox/VBoxSVC
00:00:00.001233 main     Process ID: 151902
00:00:00.001233 main     Package type: LINUX_64BITS_GENERIC (OSE)
00:00:00.003080 main     IPC socket path: /tmp/.vbox-dylan-ipc/ipcd
00:00:00.113768 nspr-2   VirtualBox: object creation starts
00:00:00.113877 nspr-2   Home directory: '/home/dylan/.config/VirtualBox'
00:00:00.128209 nspr-2   HostDnsMonitor: initializing
00:00:00.128439 nspr-2   NAT: resolv.conf: nameserver 10.0.0.1
00:00:00.128456 nspr-2   HostDnsMonitor: updating information
00:00:00.128466 nspr-2   HostDnsMonitor: old information
00:00:00.128469 nspr-2     no server entries
00:00:00.128472 nspr-2     no domain set
00:00:00.128474 nspr-2     no search string entries
00:00:00.128476 nspr-2   HostDnsMonitor: new information
00:00:00.128478 nspr-2     server 1: 10.0.0.1
00:00:00.128480 nspr-2     domain: localdomain
00:00:00.128482 nspr-2     search string 1: localdomain
00:00:00.131016 nspr-2   Failed to open "/dev/vboxdrvu", errno=2, rc=VERR_VM_DRIVER_NOT_INSTALLED
00:00:00.131259 nspr-2   VD: VDInit finished with VINF_SUCCESS
00:00:00.131392 nspr-2   ERROR [COM]: aRC=NS_ERROR_FAILURE (0x80004005) aIID={aac6c7cb-a371-4c58-ab51-0616896b2f2c} aComponent={SystemPropertiesWrap} aText={Cannot determine default Guest Additions ISO location. Most likely they are not available}, preserve=false aResultDetail=0
00:00:00.132668 nspr-2   VirtualBox: object created
00:00:00.873279 nspr-3   Saving settings file "/home/dylan/.config/VirtualBox/VirtualBox.xml" with version "1.12-linux"
00:00:00.875176 nspr-3   Finished saving settings file "/home/dylan/.config/VirtualBox/VirtualBox.xml"
00:00:00.930336 nspr-4   Saving settings file "/home/dylan/.config/VirtualBox/VirtualBox.xml" with version "1.12-linux"
00:00:00.932665 nspr-4   Finished saving settings file "/home/dylan/.config/VirtualBox/VirtualBox.xml"
00:00:01.060542 nspr-3   WARNING [COM]: aRC=NS_ERROR_FAILURE (0x80004005) aIID={e54f6256-97a7-4947-8a78-10c013ddf4b8} aComponent={HostWrap} aText={Could not load the Host USB Proxy service: VERR_NOT_FOUND}, preserve=false aResultDetail=0
00:00:01.427140 nspr-2   Saving settings file "/home/dylan/.config/VirtualBox/VirtualBox.xml" with version "1.12-linux"
00:00:01.439712 nspr-2   Finished saving settings file "/home/dylan/.config/VirtualBox/VirtualBox.xml"
00:00:26.484137 nspr-3   ERROR [COM]: aRC=NS_ERROR_FAILURE (0x80004005) aIID={aac6c7cb-a371-4c58-ab51-0616896b2f2c} aComponent={SystemPropertiesWrap} aText={Cannot determine default Guest Additions ISO location. Most likely they are not available}, preserve=false aResultDetail=0
00:05:07.147803 nspr-2   Saving settings file "/home/dylan/.config/VirtualBox/VirtualBox.xml" with version "1.12-linux"
00:05:07.149939 nspr-2   Finished saving settings file "/home/dylan/.config/VirtualBox/VirtualBox.xml"
00:05:07.152336 nspr-4   Saving settings file "/home/dylan/.config/VirtualBox/VirtualBox.xml" with version "1.12-linux"
00:05:07.154492 nspr-4   Finished saving settings file "/home/dylan/.config/VirtualBox/VirtualBox.xml"
00:05:54.377672 createBase Saving settings file "/home/dylan/.config/VirtualBox/VirtualBox.xml" with version "1.12-linux"
00:05:54.379866 createBase Finished saving settings file "/home/dylan/.config/VirtualBox/VirtualBox.xml"
00:05:54.410343 nspr-5   WARNING [COM]: aRC=NS_ERROR_FAILURE (0x80004005) aIID={e54f6256-97a7-4947-8a78-10c013ddf4b8} aComponent={HostWrap} aText={Could not load the Host USB Proxy service: VERR_NOT_FOUND}, preserve=true aResultDetail=0
00:05:54.416530 nspr-5   Saving settings file "/home/dylan/VirtualBox VMs/Windows/Windows.vbox" with version "1.19-linux"
00:05:54.425795 nspr-5   Finished saving settings file "/home/dylan/VirtualBox VMs/Windows/Windows.vbox"
00:05:54.425917 nspr-5   Saving settings file "/home/dylan/.config/VirtualBox/VirtualBox.xml" with version "1.12-linux"
00:05:54.427464 nspr-5   Finished saving settings file "/home/dylan/.config/VirtualBox/VirtualBox.xml"
00:05:54.433097 nspr-4   Saving settings file "/home/dylan/.config/VirtualBox/VirtualBox.xml" with version "1.12-linux"
00:05:54.435072 nspr-4   Finished saving settings file "/home/dylan/.config/VirtualBox/VirtualBox.xml"
00:05:54.441195 nspr-5   Saving settings file "/home/dylan/VirtualBox VMs/Windows/Windows.vbox" with version "1.19-linux"
00:05:54.443220 nspr-5   Finished saving settings file "/home/dylan/VirtualBox VMs/Windows/Windows.vbox"
00:05:54.477200 nspr-5   UnattendedInstaller::initInstaller: UnattendedInstaller::savePassedData(): 
00:05:54.477268 nspr-5   ERROR [COM]: aRC=VBOX_E_OBJECT_NOT_FOUND (0x80bb0001) aIID={6f89464f-7773-436a-a4df-592e4e537fa0} aComponent={UnattendedWrap} aText={Failed to open '/usr/share/virtualbox/UnattendedTemplates/win_nt6_unattended.xml' (VERR_FILE_NOT_FOUND)}, preserve=false aResultDetail=-102
00:05:54.500545 nspr-5   Saving settings file "/home/dylan/.config/VirtualBox/VirtualBox.xml" with version "1.12-linux"
00:05:54.502654 nspr-5   Finished saving settings file "/home/dylan/.config/VirtualBox/VirtualBox.xml"
00:05:54.898835 nspr-4   WARNING [COM]: aRC=NS_ERROR_FAILURE (0x80004005) aIID={e54f6256-97a7-4947-8a78-10c013ddf4b8} aComponent={HostWrap} aText={Could not load the Host USB Proxy service: VERR_NOT_FOUND}, preserve=true aResultDetail=0
00:05:54.949697 nspr-2   ERROR [COM]: aRC=VBOX_E_INVALID_VM_STATE (0x80bb0002) aIID={300763af-5d6b-46e6-aa96-273eac15538a} aComponent={MachineWrap} aText={The machine is not mutable (state is PoweredOff)}, preserve=false aResultDetail=0
00:05:54.951137 nspr-3   Failed to open "/dev/vboxdrvu", errno=2, rc=VERR_VM_DRIVER_NOT_INSTALLED
00:05:55.143182 nspr-5   WARNING [COM]: aRC=NS_ERROR_FAILURE (0x80004005) aIID={e54f6256-97a7-4947-8a78-10c013ddf4b8} aComponent={HostWrap} aText={Could not load the Host USB Proxy service: VERR_NOT_FOUND}, preserve=true aResultDetail=0
00:05:55.144625 nspr-5   WARNING [COM]: aRC=NS_ERROR_FAILURE (0x80004005) aIID={e54f6256-97a7-4947-8a78-10c013ddf4b8} aComponent={HostWrap} aText={Could not load the Host USB Proxy service: VERR_NOT_FOUND}, preserve=true aResultDetail=0
00:06:15.761524 nspr-3   WARNING [COM]: aRC=NS_ERROR_FAILURE (0x80004005) aIID={e54f6256-97a7-4947-8a78-10c013ddf4b8} aComponent={HostWrap} aText={Could not load the Host USB Proxy service: VERR_NOT_FOUND}, preserve=true aResultDetail=0
00:06:16.552556 nspr-3   Failed to open "/dev/vboxdrvu", errno=2, rc=VERR_VM_DRIVER_NOT_INSTALLED
00:06:16.552732 nspr-5   Failed to open "/dev/vboxdrvu", errno=2, rc=VERR_VM_DRIVER_NOT_INSTALLED
00:06:16.552908 nspr-3   Failed to open "/dev/vboxdrvu", errno=2, rc=VERR_VM_DRIVER_NOT_INSTALLED
00:06:16.633924 nspr-5   WARNING [COM]: aRC=NS_ERROR_FAILURE (0x80004005) aIID={e54f6256-97a7-4947-8a78-10c013ddf4b8} aComponent={HostWrap} aText={Could not load the Host USB Proxy service: VERR_NOT_FOUND}, preserve=true aResultDetail=0
00:06:16.634382 nspr-5   WARNING [COM]: aRC=NS_ERROR_FAILURE (0x80004005) aIID={e54f6256-97a7-4947-8a78-10c013ddf4b8} aComponent={HostWrap} aText={Could not load the Host USB Proxy service: VERR_NOT_FOUND}, preserve=true aResultDetail=0
00:06:16.897308 nspr-4   ERROR [COM]: aRC=VBOX_E_INVALID_VM_STATE (0x80bb0002) aIID={300763af-5d6b-46e6-aa96-273eac15538a} aComponent={MachineWrap} aText={The machine is not mutable (state is PoweredOff)}, preserve=false aResultDetail=0
00:06:16.899191 nspr-3   Failed to open "/dev/vboxdrvu", errno=2, rc=VERR_VM_DRIVER_NOT_INSTALLED
00:06:16.913341 nspr-3   WARNING [COM]: aRC=NS_ERROR_FAILURE (0x80004005) aIID={e54f6256-97a7-4947-8a78-10c013ddf4b8} aComponent={HostWrap} aText={Could not load the Host USB Proxy service: VERR_NOT_FOUND}, preserve=true aResultDetail=0
00:06:16.914603 nspr-3   WARNING [COM]: aRC=NS_ERROR_FAILURE (0x80004005) aIID={e54f6256-97a7-4947-8a78-10c013ddf4b8} aComponent={HostWrap} aText={Could not load the Host USB Proxy service: VERR_NOT_FOUND}, preserve=true aResultDetail=0
00:06:17.073772 nspr-3   Saving settings file "/home/dylan/.config/VirtualBox/VirtualBox.xml" with version "1.12-linux"
00:06:17.086203 nspr-3   Finished saving settings file "/home/dylan/.config/VirtualBox/VirtualBox.xml"
00:06:31.806323 nspr-3   Saving settings file "/home/dylan/.config/VirtualBox/VirtualBox.xml" with version "1.12-linux"
00:06:31.818972 nspr-3   Finished saving settings file "/home/dylan/.config/VirtualBox/VirtualBox.xml"
00:06:31.852088 nspr-3   WARNING [COM]: aRC=NS_ERROR_FAILURE (0x80004005) aIID={e54f6256-97a7-4947-8a78-10c013ddf4b8} aComponent={HostWrap} aText={Could not load the Host USB Proxy service: VERR_NOT_FOUND}, preserve=true aResultDetail=0
00:06:31.852573 nspr-3   Saving settings file "/home/dylan/VirtualBox VMs/Windows/Windows.vbox" with version "1.19-linux"
00:06:31.854580 nspr-3   Finished saving settings file "/home/dylan/VirtualBox VMs/Windows/Windows.vbox"
00:06:31.963985 nspr-3   ERROR [COM]: aRC=VBOX_E_INVALID_VM_STATE (0x80bb0002) aIID={300763af-5d6b-46e6-aa96-273eac15538a} aComponent={MachineWrap} aText={The machine is not mutable (state is PoweredOff)}, preserve=false aResultDetail=0
00:06:31.965377 nspr-2   Failed to open "/dev/vboxdrvu", errno=2, rc=VERR_VM_DRIVER_NOT_INSTALLED
00:06:31.984409 nspr-2   WARNING [COM]: aRC=NS_ERROR_FAILURE (0x80004005) aIID={e54f6256-97a7-4947-8a78-10c013ddf4b8} aComponent={HostWrap} aText={Could not load the Host USB Proxy service: VERR_NOT_FOUND}, preserve=true aResultDetail=0
00:06:31.985657 nspr-2   WARNING [COM]: aRC=NS_ERROR_FAILURE (0x80004005) aIID={e54f6256-97a7-4947-8a78-10c013ddf4b8} aComponent={HostWrap} aText={Could not load the Host USB Proxy service: VERR_NOT_FOUND}, preserve=true aResultDetail=0
00:06:32.205364 nspr-2   Saving settings file "/home/dylan/.config/VirtualBox/VirtualBox.xml" with version "1.12-linux"
00:06:32.217535 nspr-2   Finished saving settings file "/home/dylan/.config/VirtualBox/VirtualBox.xml"
00:06:32.864106 nspr-2   Launched VM: 3423291312 pid: 152533 (0x253d5) frontend: GUI/Qt name: Windows
00:06:32.895748 nspr-4   ERROR [COM]: aRC=VBOX_E_INVALID_VM_STATE (0x80bb0002) aIID={300763af-5d6b-46e6-aa96-273eac15538a} aComponent={MachineWrap} aText={The machine is not mutable (state is PoweredOff)}, preserve=false aResultDetail=0
00:06:32.897999 nspr-4   Failed to open "/dev/vboxdrvu", errno=2, rc=VERR_VM_DRIVER_NOT_INSTALLED
00:06:32.932312 nspr-4   WARNING [COM]: aRC=NS_ERROR_FAILURE (0x80004005) aIID={e54f6256-97a7-4947-8a78-10c013ddf4b8} aComponent={HostWrap} aText={Could not load the Host USB Proxy service: VERR_NOT_FOUND}, preserve=true aResultDetail=0
00:06:32.933561 nspr-4   WARNING [COM]: aRC=NS_ERROR_FAILURE (0x80004005) aIID={e54f6256-97a7-4947-8a78-10c013ddf4b8} aComponent={HostWrap} aText={Could not load the Host USB Proxy service: VERR_NOT_FOUND}, preserve=true aResultDetail=0
00:06:33.364534 Watcher  ERROR [COM]: aRC=NS_ERROR_FAILURE (0x80004005) aIID={300763af-5d6b-46e6-aa96-273eac15538a} aComponent={MachineWrap} aText={The virtual machine 'Windows' has terminated unexpectedly during startup with exit code 1 (0x1)}, preserve=false aResultDetail=0
00:06:33.405627 nspr-5   ERROR [COM]: aRC=VBOX_E_INVALID_VM_STATE (0x80bb0002) aIID={300763af-5d6b-46e6-aa96-273eac15538a} aComponent={MachineWrap} aText={The machine is not mutable (state is PoweredOff)}, preserve=false aResultDetail=0
00:06:33.406989 nspr-3   Failed to open "/dev/vboxdrvu", errno=2, rc=VERR_VM_DRIVER_NOT_INSTALLED
00:06:33.439690 nspr-3   WARNING [COM]: aRC=NS_ERROR_FAILURE (0x80004005) aIID={e54f6256-97a7-4947-8a78-10c013ddf4b8} aComponent={HostWrap} aText={Could not load the Host USB Proxy service: VERR_NOT_FOUND}, preserve=true aResultDetail=0
00:06:33.441119 nspr-3   WARNING [COM]: aRC=NS_ERROR_FAILURE (0x80004005) aIID={e54f6256-97a7-4947-8a78-10c013ddf4b8} aComponent={HostWrap} aText={Could not load the Host USB Proxy service: VERR_NOT_FOUND}, preserve=true aResultDetail=0
00:06:51.749604 main     VirtualBox: object deletion starts
00:06:51.749652 main     ERROR [COM]: aRC=VBOX_E_OBJECT_IN_USE (0x80bb000c) aIID={ad47ad09-787b-44ab-b343-a082a3f2dfb1} aComponent={MediumWrap} aText={Medium '/home/dylan/VirtualBox VMs/Windows/Windows.vdi' cannot be closed because it is still attached to 1 virtual machines}, preserve=false aResultDetail=0
00:06:51.750107 main     HostDnsMonitor: shutting down ...
00:06:51.750240 main     HostDnsMonitor: shut down
00:06:51.760894 Watcher  ERROR [COM]: aRC=E_ACCESSDENIED (0x80070005) aIID={7682d5eb-f00e-44f1-8ca2-99d08b1cd607} aComponent={VirtualBoxWrap} aText={The object is not ready}, preserve=false aResultDetail=0
00:06:51.761017 main     VirtualBox: object deleted
